[2026-07-16 19:28:25,161][root][WARNING] - command line args [-m stage=run gpu_id=0 seed=2025] will not be used in RecBole
[2026-07-16 19:28:25,313][__main__][INFO] - 
[1;35mGeneral Hyper Parameters:
[0m[1;36mgpu_id[0m =[1;33m 0[0m
[1;36muse_gpu[0m =[1;33m True[0m
[1;36mseed[0m =[1;33m 2025[0m
[1;36mstate[0m =[1;33m INFO[0m
[1;36mreproducibility[0m =[1;33m True[0m
[1;36mdata_path[0m =[1;33m dataset/BEST[0m
[1;36mcheckpoint_dir[0m =[1;33m checkpoint[0m
[1;36mshow_progress[0m =[1;33m True[0m
[1;36msave_dataset[0m =[1;33m False[0m
[1;36mdataset_save_path[0m =[1;33m None[0m
[1;36msave_dataloaders[0m =[1;33m False[0m
[1;36mdataloaders_save_path[0m =[1;33m None[0m
[1;36mlog_wandb[0m =[1;33m False[0m

[1;35mTraining Hyper Parameters:
[0m[1;36mepochs[0m =[1;33m 300[0m
[1;36mtrain_batch_size[0m =[1;33m 128[0m
[1;36mlearner[0m =[1;33m adam[0m
[1;36mlearning_rate[0m =[1;33m 0.0003[0m
[1;36mtrain_neg_sample_args[0m =[1;33m {'distribution': 'none', 'sample_num': 'none', 'alpha': 'none', 'dynamic': False, 'candidate_num': 0}[0m
[1;36meval_step[0m =[1;33m 1[0m
[1;36mstopping_step[0m =[1;33m 10[0m
[1;36mclip_grad_norm[0m =[1;33m None[0m
[1;36mweight_decay[0m =[1;33m 0.0[0m
[1;36mloss_decimal_place[0m =[1;33m 4[0m

[1;35mEvaluation Hyper Parameters:
[0m[1;36meval_args[0m =[1;33m {'split': {'LS': 'valid_and_test'}, 'order': 'TO', 'group_by': 'user', 'mode': {'valid': 'full', 'test': 'full'}}[0m
[1;36mrepeatable[0m =[1;33m True[0m
[1;36mmetrics[0m =[1;33m ['HIT', 'NDCG', 'MRR', 'Precision'][0m
[1;36mtopk[0m =[1;33m [5, 10, 20, 50, 100][0m
[1;36mvalid_metric[0m =[1;33m NDCG@10[0m
[1;36mvalid_metric_bigger[0m =[1;33m True[0m
[1;36meval_batch_size[0m =[1;33m 4096[0m
[1;36mmetric_decimal_place[0m =[1;33m 4[0m

[1;35mDataset Hyper Parameters:
[0m[1;36mfield_separator[0m =[1;33m 	[0m
[1;36mseq_separator[0m =[1;33m  [0m
[1;36mUSER_ID_FIELD[0m =[1;33m user_id[0m
[1;36mITEM_ID_FIELD[0m =[1;33m item_id[0m
[1;36mRATING_FIELD[0m =[1;33m rating[0m
[1;36mTIME_FIELD[0m =[1;33m timestamp[0m
[1;36mseq_len[0m =[1;33m None[0m
[1;36mLABEL_FIELD[0m =[1;33m label[0m
[1;36mthreshold[0m =[1;33m None[0m
[1;36mNEG_PREFIX[0m =[1;33m neg_[0m
[1;36mload_col[0m =[1;33m {'inter': ['user_id', 'item_id_list', 'item_id']}[0m
[1;36munload_col[0m =[1;33m None[0m
[1;36munused_col[0m =[1;33m None[0m
[1;36madditional_feat_suffix[0m =[1;33m None[0m
[1;36mrm_dup_inter[0m =[1;33m None[0m
[1;36mval_interval[0m =[1;33m None[0m
[1;36mfilter_inter_by_user_or_item[0m =[1;33m True[0m
[1;36muser_inter_num_interval[0m =[1;33m [0,inf)[0m
[1;36mitem_inter_num_interval[0m =[1;33m [0,inf)[0m
[1;36malias_of_user_id[0m =[1;33m None[0m
[1;36malias_of_item_id[0m =[1;33m ['item_id_list'][0m
[1;36malias_of_entity_id[0m =[1;33m None[0m
[1;36malias_of_relation_id[0m =[1;33m None[0m
[1;36mpreload_weight[0m =[1;33m None[0m
[1;36mnormalize_field[0m =[1;33m None[0m
[1;36mnormalize_all[0m =[1;33m None[0m
[1;36mITEM_LIST_LENGTH_FIELD[0m =[1;33m item_length[0m
[1;36mLIST_SUFFIX[0m =[1;33m _list[0m
[1;36mMAX_ITEM_LIST_LENGTH[0m =[1;33m 128[0m
[1;36mPOSITION_FIELD[0m =[1;33m position_id[0m
[1;36mHEAD_ENTITY_ID_FIELD[0m =[1;33m head_id[0m
[1;36mTAIL_ENTITY_ID_FIELD[0m =[1;33m tail_id[0m
[1;36mRELATION_ID_FIELD[0m =[1;33m relation_id[0m
[1;36mENTITY_ID_FIELD[0m =[1;33m entity_id[0m
[1;36mbenchmark_filename[0m =[1;33m ['full.train', 'full.valid', 'full.test', 'dom1.train', 'dom1.valid', 'dom1.test', 'dom2.train', 'dom2.valid', 'dom2.test', 'dom3.train', 'dom3.valid', 'dom3.test', 'dom4.train', 'dom4.valid', 'dom4.test'][0m

[1;35mOther Hyper Parameters: 
[0m[1;36mworker[0m = [1;33m0[0m
[1;36mwandb_project[0m = [1;33mrecbole[0m
[1;36mshuffle[0m = [1;33mTrue[0m
[1;36mrequire_pow[0m = [1;33mFalse[0m
[1;36menable_amp[0m = [1;33mFalse[0m
[1;36menable_scaler[0m = [1;33mFalse[0m
[1;36mtransform[0m = [1;33mNone[0m
[1;36mn_layers[0m = [1;33m2[0m
[1;36mn_heads[0m = [1;33m2[0m
[1;36mhidden_size[0m = [1;33m128[0m
[1;36minner_size[0m = [1;33m128[0m
[1;36mhidden_dropout_prob[0m = [1;33m0.2[0m
[1;36mattn_dropout_prob[0m = [1;33m0.2[0m
[1;36mhidden_act[0m = [1;33mgelu[0m
[1;36mlayer_norm_eps[0m = [1;33m1e-12[0m
[1;36minitializer_range[0m = [1;33m0.02[0m
[1;36mloss_type[0m = [1;33mCE[0m
[1;36mnumerical_features[0m = [1;33m[][0m
[1;36mdiscretization[0m = [1;33mNone[0m
[1;36mkg_reverse_r[0m = [1;33mFalse[0m
[1;36mentity_kg_num_interval[0m = [1;33m[0,inf)[0m
[1;36mrelation_kg_num_interval[0m = [1;33m[0,inf)[0m
[1;36mMODEL_TYPE[0m = [1;33mModelType.SEQUENTIAL[0m
[1;36mmodel_name[0m = [1;33mSASRec[0m
[1;36mitem_path[0m = [1;33mdataset/BEST/BEST.item[0m
[1;36mstage[0m = [1;33mrun[0m
[1;36mdomains[0m = [1;33m4[0m
[1;36mtarget_dom[0m = [1;33mNone[0m
[1;36mtrain_type[0m = [1;33mNone[0m
[1;36mnew_inter_path[0m = [1;33mdataset/BEST/BEST.2025.None.train.inter[0m
[1;36mckpt_para[0m = [1;33mcheckpoint/SASRec-BEST-2025[0m
[1;36mfull_ckpt[0m = [1;33mcheckpoint/SASRec-BEST-2025.full.ckpt[0m
[1;36mdom1_ckpt[0m = [1;33mcheckpoint/SASRec-BEST-2025.dom1.ckpt[0m
[1;36mdom2_ckpt[0m = [1;33mcheckpoint/SASRec-BEST-2025.dom2.ckpt[0m
[1;36mdom3_ckpt[0m = [1;33mcheckpoint/SASRec-BEST-2025.dom3.ckpt[0m
[1;36mdom4_ckpt[0m = [1;33mcheckpoint/SASRec-BEST-2025.dom4.ckpt[0m
[1;36mtune_ckpt[0m = [1;33mcheckpoint/SASRec-BEST-2025.tune.ckpt[0m
[1;36mbase[0m = [1;33m{'experiment_name': 'v9-Taesar.SASRec.BEST', 'method': 'run.None.None.seed_2025', 'run_name': 'run.None.None.seed_2025.2026-07-16.19-28-15', 'data_dir_root': 'dataset', 'save_dir_root': './save', 'save_method_dir': './save/v9-Taesar.SASRec.BEST/run.None.None.seed_2025', 'save_dir': './save/v9-Taesar.SASRec.BEST/run.None.None.seed_2025/2026-07-16.19-28-15'}[0m
[1;36mMODEL_INPUT_TYPE[0m = [1;33mInputType.POINTWISE[0m
[1;36meval_type[0m = [1;33mEvaluatorType.RANKING[0m
[1;36msingle_spec[0m = [1;33mTrue[0m
[1;36mlocal_rank[0m = [1;33m0[0m
[1;36mdevice[0m = [1;33mcuda[0m
[1;36mvalid_neg_sample_args[0m = [1;33m{'distribution': 'uniform', 'sample_num': 'none'}[0m
[1;36mtest_neg_sample_args[0m = [1;33m{'distribution': 'uniform', 'sample_num': 'none'}[0m


[2026-07-16 19:28:31,115][__main__][INFO] - [1;35mBEST[0m
[1;34mThe number of users[0m: 40166
[1;34mAverage actions of users[0m: 8.968953068592057
[1;34mThe number of items[0m: 184861
[1;34mAverage actions of items[0m: 3.818912329057564
[1;34mThe number of inters[0m: 360238
[1;34mThe sparsity of the dataset[0m: 99.99514839269968%
[1;34mRemain Fields[0m: ['user_id', 'item_id_list', 'item_id', 'item_length']
[2026-07-16 19:28:33,903][__main__][INFO] - [1;35m[Training]: [0m[1;36mtrain_batch_size[0m = [1;33m[128][0m[1;36m train_neg_sample_args[0m: [1;33m[{'distribution': 'none', 'sample_num': 'none', 'alpha': 'none', 'dynamic': False, 'candidate_num': 0}][0m
[2026-07-16 19:28:33,904][__main__][INFO] - [1;35m[Evaluation]: [0m[1;36mevalid_batch_size[0m = [1;33m[None][0m[1;36m evalid_args[0m: [1;33m[None][0m
[2026-07-16 19:29:20,649][root][INFO] - [1;32mepoch 0 training[0m [[1;34mtime[0m: 45.64s, [1;34mtrain loss[0m: 3708.7571]
[2026-07-16 19:29:21,499][root][INFO] - [1;32mepoch 0 evaluating[0m [[1;34mtime[0m: 0.85s, [1;34mvalid_score[0m: 0.001200]
[2026-07-16 19:29:21,500][root][INFO] - [1;34mvalid result[0m: 
hit@5 : 0.0014    hit@10 : 0.0027    hit@20 : 0.0045    hit@50 : 0.0098    hit@100 : 0.0165    ndcg@5 : 0.0008    ndcg@10 : 0.0012    ndcg@20 : 0.0017    ndcg@50 : 0.0027    ndcg@100 : 0.0038    mrr@5 : 0.0006    mrr@10 : 0.0008    mrr@20 : 0.0009    mrr@50 : 0.0011    mrr@100 : 0.0012    precision@5 : 0.0003    precision@10 : 0.0003    precision@20 : 0.0002    precision@50 : 0.0002    precision@100 : 0.0002
[2026-07-16 19:29:22,265][root][INFO] - [1;34mSaving current[0m: checkpoint/SASRec-BEST-2025.full.ckpt
[2026-07-16 19:30:07,622][root][INFO] - [1;32mepoch 1 training[0m [[1;34mtime[0m: 45.36s, [1;34mtrain loss[0m: 3574.7517]
[2026-07-16 19:30:08,406][root][INFO] - [1;32mepoch 1 evaluating[0m [[1;34mtime[0m: 0.78s, [1;34mvalid_score[0m: 0.008900]
[2026-07-16 19:30:08,406][root][INFO] - [1;34mvalid result[0m: 
hit@5 : 0.01    hit@10 : 0.0122    hit@20 : 0.0155    hit@50 : 0.0227    hit@100 : 0.0324    ndcg@5 : 0.0082    ndcg@10 : 0.0089    ndcg@20 : 0.0097    ndcg@50 : 0.0112    ndcg@100 : 0.0127    mrr@5 : 0.0076    mrr@10 : 0.0079    mrr@20 : 0.0081    mrr@50 : 0.0083    mrr@100 : 0.0085    precision@5 : 0.002    precision@10 : 0.0012    precision@20 : 0.0008    precision@50 : 0.0005    precision@100 : 0.0003
[2026-07-16 19:30:09,135][root][INFO] - [1;34mSaving current[0m: checkpoint/SASRec-BEST-2025.full.ckpt
[2026-07-16 19:30:54,829][root][INFO] - [1;32mepoch 2 training[0m [[1;34mtime[0m: 45.69s, [1;34mtrain loss[0m: 3441.6535]
[2026-07-16 19:30:55,638][root][INFO] - [1;32mepoch 2 evaluating[0m [[1;34mtime[0m: 0.81s, [1;34mvalid_score[0m: 0.017500]
[2026-07-16 19:30:55,638][root][INFO] - [1;34mvalid result[0m: 
hit@5 : 0.0194    hit@10 : 0.0218    hit@20 : 0.0255    hit@50 : 0.0334    hit@100 : 0.0435    ndcg@5 : 0.0167    ndcg@10 : 0.0175    ndcg@20 : 0.0184    ndcg@50 : 0.02    ndcg@100 : 0.0216    mrr@5 : 0.0158    mrr@10 : 0.0161    mrr@20 : 0.0164    mrr@50 : 0.0166    mrr@100 : 0.0168    precision@5 : 0.0039    precision@10 : 0.0022    precision@20 : 0.0013    precision@50 : 0.0007    precision@100 : 0.0004
[2026-07-16 19:30:56,443][root][INFO] - [1;34mSaving current[0m: checkpoint/SASRec-BEST-2025.full.ckpt
[2026-07-16 19:31:42,192][root][INFO] - [1;32mepoch 3 training[0m [[1;34mtime[0m: 45.75s, [1;34mtrain loss[0m: 3311.4644]
[2026-07-16 19:31:42,981][root][INFO] - [1;32mepoch 3 evaluating[0m [[1;34mtime[0m: 0.79s, [1;34mvalid_score[0m: 0.021800]
[2026-07-16 19:31:42,982][root][INFO] - [1;34mvalid result[0m: 
hit@5 : 0.0238    hit@10 : 0.0266    hit@20 : 0.0306    hit@50 : 0.0396    hit@100 : 0.0503    ndcg@5 : 0.0209    ndcg@10 : 0.0218    ndcg@20 : 0.0228    ndcg@50 : 0.0245    ndcg@100 : 0.0263    mrr@5 : 0.0199    mrr@10 : 0.0203    mrr@20 : 0.0205    mrr@50 : 0.0208    mrr@100 : 0.021    precision@5 : 0.0048    precision@10 : 0.0027    precision@20 : 0.0015    precision@50 : 0.0008    precision@100 : 0.0005
[2026-07-16 19:31:43,671][root][INFO] - [1;34mSaving current[0m: checkpoint/SASRec-BEST-2025.full.ckpt
[2026-07-16 19:32:29,076][root][INFO] - [1;32mepoch 4 training[0m [[1;34mtime[0m: 45.40s, [1;34mtrain loss[0m: 3192.9808]
[2026-07-16 19:32:29,862][root][INFO] - [1;32mepoch 4 evaluating[0m [[1;34mtime[0m: 0.79s, [1;34mvalid_score[0m: 0.024100]
[2026-07-16 19:32:29,862][root][INFO] - [1;34mvalid result[0m: 
hit@5 : 0.0265    hit@10 : 0.0293    hit@20 : 0.0337    hit@50 : 0.0428    hit@100 : 0.0532    ndcg@5 : 0.0232    ndcg@10 : 0.0241    ndcg@20 : 0.0252    ndcg@50 : 0.027    ndcg@100 : 0.0286    mrr@5 : 0.0221    mrr@10 : 0.0224    mrr@20 : 0.0227    mrr@50 : 0.023    mrr@100 : 0.0232    precision@5 : 0.0053    precision@10 : 0.0029    precision@20 : 0.0017    precision@50 : 0.0009    precision@100 : 0.0005
[2026-07-16 19:32:30,538][root][INFO] - [1;34mSaving current[0m: checkpoint/SASRec-BEST-2025.full.ckpt
[2026-07-16 19:33:15,884][root][INFO] - [1;32mepoch 5 training[0m [[1;34mtime[0m: 45.34s, [1;34mtrain loss[0m: 3078.8023]
[2026-07-16 19:33:16,671][root][INFO] - [1;32mepoch 5 evaluating[0m [[1;34mtime[0m: 0.79s, [1;34mvalid_score[0m: 0.025800]
[2026-07-16 19:33:16,672][root][INFO] - [1;34mvalid result[0m: 
hit@5 : 0.0289    hit@10 : 0.032    hit@20 : 0.036    hit@50 : 0.0447    hit@100 : 0.0555    ndcg@5 : 0.0248    ndcg@10 : 0.0258    ndcg@20 : 0.0268    ndcg@50 : 0.0285    ndcg@100 : 0.0302    mrr@5 : 0.0234    mrr@10 : 0.0238    mrr@20 : 0.0241    mrr@50 : 0.0244    mrr@100 : 0.0245    precision@5 : 0.0058    precision@10 : 0.0032    precision@20 : 0.0018    precision@50 : 0.0009    precision@100 : 0.0006
[2026-07-16 19:33:17,372][root][INFO] - [1;34mSaving current[0m: checkpoint/SASRec-BEST-2025.full.ckpt
[2026-07-16 19:34:02,733][root][INFO] - [1;32mepoch 6 training[0m [[1;34mtime[0m: 45.36s, [1;34mtrain loss[0m: 2968.1912]
[2026-07-16 19:34:03,516][root][INFO] - [1;32mepoch 6 evaluating[0m [[1;34mtime[0m: 0.78s, [1;34mvalid_score[0m: 0.026900]
[2026-07-16 19:34:03,516][root][INFO] - [1;34mvalid result[0m: 
hit@5 : 0.0303    hit@10 : 0.0334    hit@20 : 0.0377    hit@50 : 0.0464    hit@100 : 0.0566    ndcg@5 : 0.0259    ndcg@10 : 0.0269    ndcg@20 : 0.028    ndcg@50 : 0.0297    ndcg@100 : 0.0313    mrr@5 : 0.0244    mrr@10 : 0.0248    mrr@20 : 0.0251    mrr@50 : 0.0254    mrr@100 : 0.0255    precision@5 : 0.0061    precision@10 : 0.0033    precision@20 : 0.0019    precision@50 : 0.0009    precision@100 : 0.0006
[2026-07-16 19:34:04,224][root][INFO] - [1;34mSaving current[0m: checkpoint/SASRec-BEST-2025.full.ckpt
[2026-07-16 19:34:49,883][root][INFO] - [1;32mepoch 7 training[0m [[1;34mtime[0m: 45.66s, [1;34mtrain loss[0m: 2862.6176]
[2026-07-16 19:34:50,667][root][INFO] - [1;32mepoch 7 evaluating[0m [[1;34mtime[0m: 0.78s, [1;34mvalid_score[0m: 0.027500]
[2026-07-16 19:34:50,668][root][INFO] - [1;34mvalid result[0m: 
hit@5 : 0.0315    hit@10 : 0.0345    hit@20 : 0.0387    hit@50 : 0.048    hit@100 : 0.0583    ndcg@5 : 0.0265    ndcg@10 : 0.0275    ndcg@20 : 0.0286    ndcg@50 : 0.0304    ndcg@100 : 0.0321    mrr@5 : 0.0249    mrr@10 : 0.0253    mrr@20 : 0.0256    mrr@50 : 0.0259    mrr@100 : 0.026    precision@5 : 0.0063    precision@10 : 0.0035    precision@20 : 0.0019    precision@50 : 0.001    precision@100 : 0.0006
[2026-07-16 19:34:51,407][root][INFO] - [1;34mSaving current[0m: checkpoint/SASRec-BEST-2025.full.ckpt
[2026-07-16 19:35:36,683][root][INFO] - [1;32mepoch 8 training[0m [[1;34mtime[0m: 45.27s, [1;34mtrain loss[0m: 2764.8549]
[2026-07-16 19:35:37,467][root][INFO] - [1;32mepoch 8 evaluating[0m [[1;34mtime[0m: 0.78s, [1;34mvalid_score[0m: 0.027900]
[2026-07-16 19:35:37,467][root][INFO] - [1;34mvalid result[0m: 
hit@5 : 0.0323    hit@10 : 0.0351    hit@20 : 0.04    hit@50 : 0.0485    hit@100 : 0.0591    ndcg@5 : 0.0269    ndcg@10 : 0.0279    ndcg@20 : 0.0291    ndcg@50 : 0.0308    ndcg@100 : 0.0325    mrr@5 : 0.0251    mrr@10 : 0.0255    mrr@20 : 0.0259    mrr@50 : 0.0261    mrr@100 : 0.0263    precision@5 : 0.0065    precision@10 : 0.0035    precision@20 : 0.002    precision@50 : 0.001    precision@100 : 0.0006
[2026-07-16 19:35:38,185][root][INFO] - [1;34mSaving current[0m: checkpoint/SASRec-BEST-2025.full.ckpt
[2026-07-16 19:36:23,792][root][INFO] - [1;32mepoch 9 training[0m [[1;34mtime[0m: 45.61s, [1;34mtrain loss[0m: 2676.5968]
[2026-07-16 19:36:24,582][root][INFO] - [1;32mepoch 9 evaluating[0m [[1;34mtime[0m: 0.79s, [1;34mvalid_score[0m: 0.028100]
[2026-07-16 19:36:24,583][root][INFO] - [1;34mvalid result[0m: 
hit@5 : 0.0326    hit@10 : 0.036    hit@20 : 0.0401    hit@50 : 0.0491    hit@100 : 0.06    ndcg@5 : 0.027    ndcg@10 : 0.0281    ndcg@20 : 0.0291    ndcg@50 : 0.0309    ndcg@100 : 0.0327    mrr@5 : 0.0251    mrr@10 : 0.0255    mrr@20 : 0.0258    mrr@50 : 0.0261    mrr@100 : 0.0263    precision@5 : 0.0065    precision@10 : 0.0036    precision@20 : 0.002    precision@50 : 0.001    precision@100 : 0.0006
[2026-07-16 19:36:25,286][root][INFO] - [1;34mSaving current[0m: checkpoint/SASRec-BEST-2025.full.ckpt
[2026-07-16 19:37:10,925][root][INFO] - [1;32mepoch 10 training[0m [[1;34mtime[0m: 45.64s, [1;34mtrain loss[0m: 2599.8852]
[2026-07-16 19:37:11,711][root][INFO] - [1;32mepoch 10 evaluating[0m [[1;34mtime[0m: 0.78s, [1;34mvalid_score[0m: 0.028200]
[2026-07-16 19:37:11,711][root][INFO] - [1;34mvalid result[0m: 
hit@5 : 0.0328    hit@10 : 0.0365    hit@20 : 0.041    hit@50 : 0.0498    hit@100 : 0.0605    ndcg@5 : 0.0271    ndcg@10 : 0.0282    ndcg@20 : 0.0294    ndcg@50 : 0.0311    ndcg@100 : 0.0328    mrr@5 : 0.0251    mrr@10 : 0.0256    mrr@20 : 0.0259    mrr@50 : 0.0262    mrr@100 : 0.0263    precision@5 : 0.0066    precision@10 : 0.0036    precision@20 : 0.0021    precision@50 : 0.001    precision@100 : 0.0006
[2026-07-16 19:37:12,504][root][INFO] - [1;34mSaving current[0m: checkpoint/SASRec-BEST-2025.full.ckpt
[2026-07-16 19:37:58,022][root][INFO] - [1;32mepoch 11 training[0m [[1;34mtime[0m: 45.52s, [1;34mtrain loss[0m: 2533.9678]
[2026-07-16 19:37:58,819][root][INFO] - [1;32mepoch 11 evaluating[0m [[1;34mtime[0m: 0.79s, [1;34mvalid_score[0m: 0.028200]
[2026-07-16 19:37:58,820][root][INFO] - [1;34mvalid result[0m: 
hit@5 : 0.0329    hit@10 : 0.0366    hit@20 : 0.0416    hit@50 : 0.051    hit@100 : 0.0617    ndcg@5 : 0.027    ndcg@10 : 0.0282    ndcg@20 : 0.0294    ndcg@50 : 0.0313    ndcg@100 : 0.033    mrr@5 : 0.025    mrr@10 : 0.0255    mrr@20 : 0.0258    mrr@50 : 0.0261    mrr@100 : 0.0263    precision@5 : 0.0066    precision@10 : 0.0037    precision@20 : 0.0021    precision@50 : 0.001    precision@100 : 0.0006
[2026-07-16 19:37:59,532][root][INFO] - [1;34mSaving current[0m: checkpoint/SASRec-BEST-2025.full.ckpt
[2026-07-16 19:38:45,249][root][INFO] - [1;32mepoch 12 training[0m [[1;34mtime[0m: 45.72s, [1;34mtrain loss[0m: 2477.2670]
[2026-07-16 19:38:46,029][root][INFO] - [1;32mepoch 12 evaluating[0m [[1;34mtime[0m: 0.78s, [1;34mvalid_score[0m: 0.028200]
[2026-07-16 19:38:46,030][root][INFO] - [1;34mvalid result[0m: 
hit@5 : 0.0329    hit@10 : 0.0368    hit@20 : 0.0419    hit@50 : 0.0512    hit@100 : 0.0613    ndcg@5 : 0.0269    ndcg@10 : 0.0282    ndcg@20 : 0.0295    ndcg@50 : 0.0313    ndcg@100 : 0.0329    mrr@5 : 0.0249    mrr@10 : 0.0254    mrr@20 : 0.0258    mrr@50 : 0.0261    mrr@100 : 0.0262    precision@5 : 0.0066    precision@10 : 0.0037    precision@20 : 0.0021    precision@50 : 0.001    precision@100 : 0.0006
[2026-07-16 19:38:46,733][root][INFO] - [1;34mSaving current[0m: checkpoint/SASRec-BEST-2025.full.ckpt
[2026-07-16 19:39:32,172][root][INFO] - [1;32mepoch 13 training[0m [[1;34mtime[0m: 45.44s, [1;34mtrain loss[0m: 2429.0403]
[2026-07-16 19:39:32,955][root][INFO] - [1;32mepoch 13 evaluating[0m [[1;34mtime[0m: 0.78s, [1;34mvalid_score[0m: 0.028300]
[2026-07-16 19:39:32,956][root][INFO] - [1;34mvalid result[0m: 
hit@5 : 0.0334    hit@10 : 0.0371    hit@20 : 0.042    hit@50 : 0.0508    hit@100 : 0.0616    ndcg@5 : 0.0271    ndcg@10 : 0.0283    ndcg@20 : 0.0296    ndcg@50 : 0.0313    ndcg@100 : 0.0331    mrr@5 : 0.025    mrr@10 : 0.0255    mrr@20 : 0.0259    mrr@50 : 0.0261    mrr@100 : 0.0263    precision@5 : 0.0067    precision@10 : 0.0037    precision@20 : 0.0021    precision@50 : 0.001    precision@100 : 0.0006
[2026-07-16 19:39:33,664][root][INFO] - [1;34mSaving current[0m: checkpoint/SASRec-BEST-2025.full.ckpt
[2026-07-16 19:40:19,451][root][INFO] - [1;32mepoch 14 training[0m [[1;34mtime[0m: 45.79s, [1;34mtrain loss[0m: 2386.1615]
[2026-07-16 19:40:20,243][root][INFO] - [1;32mepoch 14 evaluating[0m [[1;34mtime[0m: 0.79s, [1;34mvalid_score[0m: 0.028300]
[2026-07-16 19:40:20,244][root][INFO] - [1;34mvalid result[0m: 
hit@5 : 0.033    hit@10 : 0.0372    hit@20 : 0.0418    hit@50 : 0.051    hit@100 : 0.0616    ndcg@5 : 0.0269    ndcg@10 : 0.0283    ndcg@20 : 0.0294    ndcg@50 : 0.0312    ndcg@100 : 0.0329    mrr@5 : 0.0248    mrr@10 : 0.0254    mrr@20 : 0.0257    mrr@50 : 0.026    mrr@100 : 0.0261    precision@5 : 0.0066    precision@10 : 0.0037    precision@20 : 0.0021    precision@50 : 0.001    precision@100 : 0.0006
[2026-07-16 19:40:20,978][root][INFO] - [1;34mSaving current[0m: checkpoint/SASRec-BEST-2025.full.ckpt
[2026-07-16 19:41:05,555][root][INFO] - [1;32mepoch 15 training[0m [[1;34mtime[0m: 44.58s, [1;34mtrain loss[0m: 2348.0890]
[2026-07-16 19:41:06,345][root][INFO] - [1;32mepoch 15 evaluating[0m [[1;34mtime[0m: 0.79s, [1;34mvalid_score[0m: 0.028400]
[2026-07-16 19:41:06,346][root][INFO] - [1;34mvalid result[0m: 
hit@5 : 0.033    hit@10 : 0.0372    hit@20 : 0.0417    hit@50 : 0.0515    hit@100 : 0.0616    ndcg@5 : 0.027    ndcg@10 : 0.0284    ndcg@20 : 0.0295    ndcg@50 : 0.0314    ndcg@100 : 0.0331    mrr@5 : 0.025    mrr@10 : 0.0255    mrr@20 : 0.0259    mrr@50 : 0.0262    mrr@100 : 0.0263    precision@5 : 0.0066    precision@10 : 0.0037    precision@20 : 0.0021    precision@50 : 0.001    precision@100 : 0.0006
[2026-07-16 19:41:07,066][root][INFO] - [1;34mSaving current[0m: checkpoint/SASRec-BEST-2025.full.ckpt
[2026-07-16 19:41:52,658][root][INFO] - [1;32mepoch 16 training[0m [[1;34mtime[0m: 45.59s, [1;34mtrain loss[0m: 2312.1208]
[2026-07-16 19:41:53,448][root][INFO] - [1;32mepoch 16 evaluating[0m [[1;34mtime[0m: 0.79s, [1;34mvalid_score[0m: 0.028300]
[2026-07-16 19:41:53,449][root][INFO] - [1;34mvalid result[0m: 
hit@5 : 0.0331    hit@10 : 0.0372    hit@20 : 0.0415    hit@50 : 0.0512    hit@100 : 0.0618    ndcg@5 : 0.027    ndcg@10 : 0.0283    ndcg@20 : 0.0294    ndcg@50 : 0.0313    ndcg@100 : 0.033    mrr@5 : 0.025    mrr@10 : 0.0255    mrr@20 : 0.0258    mrr@50 : 0.0261    mrr@100 : 0.0263    precision@5 : 0.0066    precision@10 : 0.0037    precision@20 : 0.0021    precision@50 : 0.001    precision@100 : 0.0006
[2026-07-16 19:42:39,159][root][INFO] - [1;32mepoch 17 training[0m [[1;34mtime[0m: 45.71s, [1;34mtrain loss[0m: 2278.7734]
[2026-07-16 19:42:39,948][root][INFO] - [1;32mepoch 17 evaluating[0m [[1;34mtime[0m: 0.79s, [1;34mvalid_score[0m: 0.028200]
[2026-07-16 19:42:39,949][root][INFO] - [1;34mvalid result[0m: 
hit@5 : 0.0327    hit@10 : 0.0367    hit@20 : 0.0414    hit@50 : 0.0507    hit@100 : 0.0611    ndcg@5 : 0.0269    ndcg@10 : 0.0282    ndcg@20 : 0.0293    ndcg@50 : 0.0312    ndcg@100 : 0.0329    mrr@5 : 0.0249    mrr@10 : 0.0254    mrr@20 : 0.0258    mrr@50 : 0.026    mrr@100 : 0.0262    precision@5 : 0.0065    precision@10 : 0.0037    precision@20 : 0.0021    precision@50 : 0.001    precision@100 : 0.0006
[2026-07-16 19:43:25,481][root][INFO] - [1;32mepoch 18 training[0m [[1;34mtime[0m: 45.53s, [1;34mtrain loss[0m: 2246.9415]
[2026-07-16 19:43:26,272][root][INFO] - [1;32mepoch 18 evaluating[0m [[1;34mtime[0m: 0.79s, [1;34mvalid_score[0m: 0.028200]
[2026-07-16 19:43:26,272][root][INFO] - [1;34mvalid result[0m: 
hit@5 : 0.0328    hit@10 : 0.0367    hit@20 : 0.0415    hit@50 : 0.0503    hit@100 : 0.0605    ndcg@5 : 0.0269    ndcg@10 : 0.0282    ndcg@20 : 0.0294    ndcg@50 : 0.0311    ndcg@100 : 0.0328    mrr@5 : 0.0249    mrr@10 : 0.0255    mrr@20 : 0.0258    mrr@50 : 0.026    mrr@100 : 0.0262    precision@5 : 0.0066    precision@10 : 0.0037    precision@20 : 0.0021    precision@50 : 0.001    precision@100 : 0.0006
[2026-07-16 19:44:11,956][root][INFO] - [1;32mepoch 19 training[0m [[1;34mtime[0m: 45.68s, [1;34mtrain loss[0m: 2216.8458]
[2026-07-16 19:44:12,740][root][INFO] - [1;32mepoch 19 evaluating[0m [[1;34mtime[0m: 0.78s, [1;34mvalid_score[0m: 0.028000]
[2026-07-16 19:44:12,741][root][INFO] - [1;34mvalid result[0m: 
hit@5 : 0.0329    hit@10 : 0.0364    hit@20 : 0.0413    hit@50 : 0.0502    hit@100 : 0.0603    ndcg@5 : 0.0269    ndcg@10 : 0.028    ndcg@20 : 0.0292    ndcg@50 : 0.031    ndcg@100 : 0.0326    mrr@5 : 0.0249    mrr@10 : 0.0253    mrr@20 : 0.0257    mrr@50 : 0.0259    mrr@100 : 0.0261    precision@5 : 0.0066    precision@10 : 0.0036    precision@20 : 0.0021    precision@50 : 0.001    precision@100 : 0.0006
[2026-07-16 19:44:58,420][root][INFO] - [1;32mepoch 20 training[0m [[1;34mtime[0m: 45.68s, [1;34mtrain loss[0m: 2186.8335]
[2026-07-16 19:44:59,206][root][INFO] - [1;32mepoch 20 evaluating[0m [[1;34mtime[0m: 0.79s, [1;34mvalid_score[0m: 0.027900]
[2026-07-16 19:44:59,207][root][INFO] - [1;34mvalid result[0m: 
hit@5 : 0.0328    hit@10 : 0.0363    hit@20 : 0.0408    hit@50 : 0.0498    hit@100 : 0.0595    ndcg@5 : 0.0268    ndcg@10 : 0.0279    ndcg@20 : 0.029    ndcg@50 : 0.0308    ndcg@100 : 0.0324    mrr@5 : 0.0248    mrr@10 : 0.0252    mrr@20 : 0.0255    mrr@50 : 0.0258    mrr@100 : 0.0259    precision@5 : 0.0066    precision@10 : 0.0036    precision@20 : 0.002    precision@50 : 0.001    precision@100 : 0.0006
[2026-07-16 19:45:44,751][root][INFO] - [1;32mepoch 21 training[0m [[1;34mtime[0m: 45.54s, [1;34mtrain loss[0m: 2158.1666]
[2026-07-16 19:45:45,544][root][INFO] - [1;32mepoch 21 evaluating[0m [[1;34mtime[0m: 0.79s, [1;34mvalid_score[0m: 0.027800]
[2026-07-16 19:45:45,544][root][INFO] - [1;34mvalid result[0m: 
hit@5 : 0.0323    hit@10 : 0.0359    hit@20 : 0.0403    hit@50 : 0.0494    hit@100 : 0.0597    ndcg@5 : 0.0266    ndcg@10 : 0.0278    ndcg@20 : 0.0289    ndcg@50 : 0.0307    ndcg@100 : 0.0323    mrr@5 : 0.0247    mrr@10 : 0.0252    mrr@20 : 0.0255    mrr@50 : 0.0258    mrr@100 : 0.0259    precision@5 : 0.0065    precision@10 : 0.0036    precision@20 : 0.002    precision@50 : 0.001    precision@100 : 0.0006
[2026-07-16 19:46:31,040][root][INFO] - [1;32mepoch 22 training[0m [[1;34mtime[0m: 45.49s, [1;34mtrain loss[0m: 2130.1436]
[2026-07-16 19:46:31,849][root][INFO] - [1;32mepoch 22 evaluating[0m [[1;34mtime[0m: 0.81s, [1;34mvalid_score[0m: 0.027600]
[2026-07-16 19:46:31,850][root][INFO] - [1;34mvalid result[0m: 
hit@5 : 0.0325    hit@10 : 0.0356    hit@20 : 0.0401    hit@50 : 0.0491    hit@100 : 0.0584    ndcg@5 : 0.0266    ndcg@10 : 0.0276    ndcg@20 : 0.0287    ndcg@50 : 0.0305    ndcg@100 : 0.032    mrr@5 : 0.0246    mrr@10 : 0.025    mrr@20 : 0.0253    mrr@50 : 0.0256    mrr@100 : 0.0257    precision@5 : 0.0065    precision@10 : 0.0036    precision@20 : 0.002    precision@50 : 0.001    precision@100 : 0.0006
[2026-07-16 19:47:17,427][root][INFO] - [1;32mepoch 23 training[0m [[1;34mtime[0m: 45.58s, [1;34mtrain loss[0m: 2103.1763]
[2026-07-16 19:47:18,217][root][INFO] - [1;32mepoch 23 evaluating[0m [[1;34mtime[0m: 0.79s, [1;34mvalid_score[0m: 0.027600]
[2026-07-16 19:47:18,217][root][INFO] - [1;34mvalid result[0m: 
hit@5 : 0.0322    hit@10 : 0.0357    hit@20 : 0.0396    hit@50 : 0.0488    hit@100 : 0.0583    ndcg@5 : 0.0265    ndcg@10 : 0.0276    ndcg@20 : 0.0286    ndcg@50 : 0.0304    ndcg@100 : 0.0319    mrr@5 : 0.0246    mrr@10 : 0.025    mrr@20 : 0.0253    mrr@50 : 0.0256    mrr@100 : 0.0257    precision@5 : 0.0064    precision@10 : 0.0036    precision@20 : 0.002    precision@50 : 0.001    precision@100 : 0.0006
[2026-07-16 19:48:03,744][root][INFO] - [1;32mepoch 24 training[0m [[1;34mtime[0m: 45.53s, [1;34mtrain loss[0m: 2076.1002]
[2026-07-16 19:48:04,529][root][INFO] - [1;32mepoch 24 evaluating[0m [[1;34mtime[0m: 0.78s, [1;34mvalid_score[0m: 0.027500]
[2026-07-16 19:48:04,530][root][INFO] - [1;34mvalid result[0m: 
hit@5 : 0.0322    hit@10 : 0.0352    hit@20 : 0.0393    hit@50 : 0.048    hit@100 : 0.0574    ndcg@5 : 0.0266    ndcg@10 : 0.0275    ndcg@20 : 0.0286    ndcg@50 : 0.0303    ndcg@100 : 0.0318    mrr@5 : 0.0247    mrr@10 : 0.0251    mrr@20 : 0.0254    mrr@50 : 0.0256    mrr@100 : 0.0258    precision@5 : 0.0064    precision@10 : 0.0035    precision@20 : 0.002    precision@50 : 0.001    precision@100 : 0.0006
[2026-07-16 19:48:49,990][root][INFO] - [1;32mepoch 25 training[0m [[1;34mtime[0m: 45.46s, [1;34mtrain loss[0m: 2051.3254]
[2026-07-16 19:48:50,772][root][INFO] - [1;32mepoch 25 evaluating[0m [[1;34mtime[0m: 0.78s, [1;34mvalid_score[0m: 0.027400]
[2026-07-16 19:48:50,773][root][INFO] - [1;34mvalid result[0m: 
hit@5 : 0.0314    hit@10 : 0.0351    hit@20 : 0.0391    hit@50 : 0.0472    hit@100 : 0.0567    ndcg@5 : 0.0262    ndcg@10 : 0.0274    ndcg@20 : 0.0284    ndcg@50 : 0.03    ndcg@100 : 0.0315    mrr@5 : 0.0244    mrr@10 : 0.0249    mrr@20 : 0.0252    mrr@50 : 0.0254    mrr@100 : 0.0256    precision@5 : 0.0063    precision@10 : 0.0035    precision@20 : 0.002    precision@50 : 0.0009    precision@100 : 0.0006
[2026-07-16 19:49:36,459][root][INFO] - [1;32mepoch 26 training[0m [[1;34mtime[0m: 45.69s, [1;34mtrain loss[0m: 2026.5432]
[2026-07-16 19:49:37,280][root][INFO] - [1;32mepoch 26 evaluating[0m [[1;34mtime[0m: 0.82s, [1;34mvalid_score[0m: 0.027200]
[2026-07-16 19:49:37,280][root][INFO] - [1;34mvalid result[0m: 
hit@5 : 0.0314    hit@10 : 0.0349    hit@20 : 0.0384    hit@50 : 0.0467    hit@100 : 0.0559    ndcg@5 : 0.0261    ndcg@10 : 0.0272    ndcg@20 : 0.0281    ndcg@50 : 0.0297    ndcg@100 : 0.0312    mrr@5 : 0.0243    mrr@10 : 0.0248    mrr@20 : 0.025    mrr@50 : 0.0253    mrr@100 : 0.0254    precision@5 : 0.0063    precision@10 : 0.0035    precision@20 : 0.0019    precision@50 : 0.0009    precision@100 : 0.0006
[2026-07-16 19:49:37,281][root][INFO] - Finished training, best eval result in epoch 15
[2026-07-16 19:49:37,444][root][INFO] - Loading model structure and parameters from checkpoint/SASRec-BEST-2025.full.ckpt
[2026-07-16 19:49:38,222][__main__][INFO] - [1;33mfull test [0m: OrderedDict([('hit@5', 0.0286), ('hit@10', 0.0313), ('hit@20', 0.0344), ('hit@50', 0.0406), ('hit@100', 0.0489), ('ndcg@5', 0.0235), ('ndcg@10', 0.0244), ('ndcg@20', 0.0252), ('ndcg@50', 0.0264), ('ndcg@100', 0.0278), ('mrr@5', 0.0218), ('mrr@10', 0.0222), ('mrr@20', 0.0224), ('mrr@50', 0.0226), ('mrr@100', 0.0227), ('precision@5', 0.0057), ('precision@10', 0.0031), ('precision@20', 0.0017), ('precision@50', 0.0008), ('precision@100', 0.0005)])
[2026-07-16 19:49:38,659][__main__][INFO] - Full checkpoint loaded !
[2026-07-16 19:50:02,738][root][INFO] - [1;32mepoch 0 training[0m [[1;34mtime[0m: 24.08s, [1;34mtrain loss[0m: 2358.9931]
[2026-07-16 19:50:02,904][root][INFO] - [1;32mepoch 0 evaluating[0m [[1;34mtime[0m: 0.16s, [1;34mvalid_score[0m: 0.041300]
[2026-07-16 19:50:02,904][root][INFO] - [1;34mvalid result[0m: 
hit@5 : 0.0535    hit@10 : 0.0624    hit@20 : 0.0742    hit@50 : 0.093    hit@100 : 0.114    ndcg@5 : 0.0384    ndcg@10 : 0.0413    ndcg@20 : 0.0443    ndcg@50 : 0.048    ndcg@100 : 0.0513    mrr@5 : 0.0334    mrr@10 : 0.0345    mrr@20 : 0.0353    mrr@50 : 0.0359    mrr@100 : 0.0362    precision@5 : 0.0107    precision@10 : 0.0062    precision@20 : 0.0037    precision@50 : 0.0019    precision@100 : 0.0011
[2026-07-16 19:50:03,228][root][INFO] - [1;34mSaving current[0m: checkpoint/SASRec-BEST-2025.dom1.ckpt
[2026-07-16 19:50:27,597][root][INFO] - [1;32mepoch 1 training[0m [[1;34mtime[0m: 24.37s, [1;34mtrain loss[0m: 2227.0458]
[2026-07-16 19:50:27,760][root][INFO] - [1;32mepoch 1 evaluating[0m [[1;34mtime[0m: 0.16s, [1;34mvalid_score[0m: 0.042500]
[2026-07-16 19:50:27,760][root][INFO] - [1;34mvalid result[0m: 
hit@5 : 0.0547    hit@10 : 0.0647    hit@20 : 0.0753    hit@50 : 0.0937    hit@100 : 0.1164    ndcg@5 : 0.0394    ndcg@10 : 0.0425    ndcg@20 : 0.0452    ndcg@50 : 0.0488    ndcg@100 : 0.0525    mrr@5 : 0.0342    mrr@10 : 0.0355    mrr@20 : 0.0362    mrr@50 : 0.0368    mrr@100 : 0.0371    precision@5 : 0.0109    precision@10 : 0.0065    precision@20 : 0.0038    precision@50 : 0.0019    precision@100 : 0.0012
[2026-07-16 19:50:28,520][root][INFO] - [1;34mSaving current[0m: checkpoint/SASRec-BEST-2025.dom1.ckpt
[2026-07-16 19:50:52,942][root][INFO] - [1;32mepoch 2 training[0m [[1;34mtime[0m: 24.42s, [1;34mtrain loss[0m: 2122.8337]
[2026-07-16 19:50:53,115][root][INFO] - [1;32mepoch 2 evaluating[0m [[1;34mtime[0m: 0.17s, [1;34mvalid_score[0m: 0.042300]
[2026-07-16 19:50:53,116][root][INFO] - [1;34mvalid result[0m: 
hit@5 : 0.055    hit@10 : 0.064    hit@20 : 0.0753    hit@50 : 0.0953    hit@100 : 0.1197    ndcg@5 : 0.0393    ndcg@10 : 0.0423    ndcg@20 : 0.0451    ndcg@50 : 0.049    ndcg@100 : 0.053    mrr@5 : 0.0341    mrr@10 : 0.0353    mrr@20 : 0.0361    mrr@50 : 0.0367    mrr@100 : 0.037    precision@5 : 0.011    precision@10 : 0.0064    precision@20 : 0.0038    precision@50 : 0.0019    precision@100 : 0.0012
[2026-07-16 19:50:53,465][root][INFO] - [1;34mSaving current[0m: checkpoint/SASRec-BEST-2025.dom1.ckpt
[2026-07-16 19:51:17,676][root][INFO] - [1;32mepoch 3 training[0m [[1;34mtime[0m: 24.21s, [1;34mtrain loss[0m: 2028.7771]
[2026-07-16 19:51:17,838][root][INFO] - [1;32mepoch 3 evaluating[0m [[1;34mtime[0m: 0.16s, [1;34mvalid_score[0m: 0.042500]
[2026-07-16 19:51:17,838][root][INFO] - [1;34mvalid result[0m: 
hit@5 : 0.0553    hit@10 : 0.0635    hit@20 : 0.0757    hit@50 : 0.0974    hit@100 : 0.1189    ndcg@5 : 0.0398    ndcg@10 : 0.0425    ndcg@20 : 0.0456    ndcg@50 : 0.0498    ndcg@100 : 0.0533    mrr@5 : 0.0347    mrr@10 : 0.0358    mrr@20 : 0.0366    mrr@50 : 0.0373    mrr@100 : 0.0376    precision@5 : 0.0111    precision@10 : 0.0063    precision@20 : 0.0038    precision@50 : 0.0019    precision@100 : 0.0012
[2026-07-16 19:51:18,635][root][INFO] - [1;34mSaving current[0m: checkpoint/SASRec-BEST-2025.dom1.ckpt
[2026-07-16 19:51:42,732][root][INFO] - [1;32mepoch 4 training[0m [[1;34mtime[0m: 24.10s, [1;34mtrain loss[0m: 1941.6663]
[2026-07-16 19:51:42,901][root][INFO] - [1;32mepoch 4 evaluating[0m [[1;34mtime[0m: 0.17s, [1;34mvalid_score[0m: 0.042200]
[2026-07-16 19:51:42,902][root][INFO] - [1;34mvalid result[0m: 
hit@5 : 0.0534    hit@10 : 0.0643    hit@20 : 0.075    hit@50 : 0.0968    hit@100 : 0.1197    ndcg@5 : 0.0387    ndcg@10 : 0.0422    ndcg@20 : 0.0449    ndcg@50 : 0.0492    ndcg@100 : 0.0529    mrr@5 : 0.0337    mrr@10 : 0.0352    mrr@20 : 0.0359    mrr@50 : 0.0366    mrr@100 : 0.0369    precision@5 : 0.0107    precision@10 : 0.0064    precision@20 : 0.0038    precision@50 : 0.0019    precision@100 : 0.0012
[2026-07-16 19:51:43,663][root][INFO] - [1;34mSaving current[0m: checkpoint/SASRec-BEST-2025.dom1.ckpt
[2026-07-16 19:52:07,096][root][INFO] - [1;32mepoch 5 training[0m [[1;34mtime[0m: 23.43s, [1;34mtrain loss[0m: 1858.1918]
[2026-07-16 19:52:07,258][root][INFO] - [1;32mepoch 5 evaluating[0m [[1;34mtime[0m: 0.16s, [1;34mvalid_score[0m: 0.041400]
[2026-07-16 19:52:07,259][root][INFO] - [1;34mvalid result[0m: 
hit@5 : 0.0526    hit@10 : 0.0625    hit@20 : 0.0741    hit@50 : 0.0949    hit@100 : 0.1177    ndcg@5 : 0.0382    ndcg@10 : 0.0414    ndcg@20 : 0.0443    ndcg@50 : 0.0484    ndcg@100 : 0.0521    mrr@5 : 0.0334    mrr@10 : 0.0347    mrr@20 : 0.0355    mrr@50 : 0.0362    mrr@100 : 0.0365    precision@5 : 0.0105    precision@10 : 0.0063    precision@20 : 0.0037    precision@50 : 0.0019    precision@100 : 0.0012
[2026-07-16 19:52:08,159][root][INFO] - [1;34mSaving current[0m: checkpoint/SASRec-BEST-2025.dom1.ckpt
[2026-07-16 19:52:32,270][root][INFO] - [1;32mepoch 6 training[0m [[1;34mtime[0m: 24.11s, [1;34mtrain loss[0m: 1779.8574]
[2026-07-16 19:52:32,432][root][INFO] - [1;32mepoch 6 evaluating[0m [[1;34mtime[0m: 0.16s, [1;34mvalid_score[0m: 0.041800]
[2026-07-16 19:52:32,432][root][INFO] - [1;34mvalid result[0m: 
hit@5 : 0.0515    hit@10 : 0.0629    hit@20 : 0.0723    hit@50 : 0.0949    hit@100 : 0.1171    ndcg@5 : 0.0382    ndcg@10 : 0.0418    ndcg@20 : 0.0442    ndcg@50 : 0.0487    ndcg@100 : 0.0523    mrr@5 : 0.0337    mrr@10 : 0.0352    mrr@20 : 0.0358    mrr@50 : 0.0366    mrr@100 : 0.0369    precision@5 : 0.0103    precision@10 : 0.0063    precision@20 : 0.0036    precision@50 : 0.0019    precision@100 : 0.0012
[2026-07-16 19:52:33,170][root][INFO] - [1;34mSaving current[0m: checkpoint/SASRec-BEST-2025.dom1.ckpt
[2026-07-16 19:52:57,219][root][INFO] - [1;32mepoch 7 training[0m [[1;34mtime[0m: 24.05s, [1;34mtrain loss[0m: 1704.9067]
[2026-07-16 19:52:57,373][root][INFO] - [1;32mepoch 7 evaluating[0m [[1;34mtime[0m: 0.15s, [1;34mvalid_score[0m: 0.040600]
[2026-07-16 19:52:57,373][root][INFO] - [1;34mvalid result[0m: 
hit@5 : 0.0511    hit@10 : 0.0589    hit@20 : 0.0713    hit@50 : 0.0922    hit@100 : 0.1155    ndcg@5 : 0.0381    ndcg@10 : 0.0406    ndcg@20 : 0.0437    ndcg@50 : 0.0479    ndcg@100 : 0.0516    mrr@5 : 0.0337    mrr@10 : 0.0348    mrr@20 : 0.0356    mrr@50 : 0.0363    mrr@100 : 0.0366    precision@5 : 0.0102    precision@10 : 0.0059    precision@20 : 0.0036    precision@50 : 0.0018    precision@100 : 0.0012
[2026-07-16 19:52:58,134][root][INFO] - [1;34mSaving current[0m: checkpoint/SASRec-BEST-2025.dom1.ckpt
[2026-07-16 19:53:22,189][root][INFO] - [1;32mepoch 8 training[0m [[1;34mtime[0m: 24.05s, [1;34mtrain loss[0m: 1632.0088]
[2026-07-16 19:53:22,350][root][INFO] - [1;32mepoch 8 evaluating[0m [[1;34mtime[0m: 0.16s, [1;34mvalid_score[0m: 0.040400]
[2026-07-16 19:53:22,350][root][INFO] - [1;34mvalid result[0m: 
hit@5 : 0.051    hit@10 : 0.0588    hit@20 : 0.071    hit@50 : 0.0908    hit@100 : 0.1123    ndcg@5 : 0.0379    ndcg@10 : 0.0404    ndcg@20 : 0.0435    ndcg@50 : 0.0474    ndcg@100 : 0.0509    mrr@5 : 0.0335    mrr@10 : 0.0346    mrr@20 : 0.0354    mrr@50 : 0.036    mrr@100 : 0.0363    precision@5 : 0.0102    precision@10 : 0.0059    precision@20 : 0.0035    precision@50 : 0.0018    precision@100 : 0.0011
[2026-07-16 19:53:23,050][root][INFO] - [1;34mSaving current[0m: checkpoint/SASRec-BEST-2025.dom1.ckpt
[2026-07-16 19:53:47,278][root][INFO] - [1;32mepoch 9 training[0m [[1;34mtime[0m: 24.23s, [1;34mtrain loss[0m: 1563.3065]
[2026-07-16 19:53:47,433][root][INFO] - [1;32mepoch 9 evaluating[0m [[1;34mtime[0m: 0.15s, [1;34mvalid_score[0m: 0.040000]
[2026-07-16 19:53:47,433][root][INFO] - [1;34mvalid result[0m: 
hit@5 : 0.0502    hit@10 : 0.0589    hit@20 : 0.0697    hit@50 : 0.0891    hit@100 : 0.1099    ndcg@5 : 0.0371    ndcg@10 : 0.04    ndcg@20 : 0.0427    ndcg@50 : 0.0465    ndcg@100 : 0.0498    mrr@5 : 0.0328    mrr@10 : 0.0339    mrr@20 : 0.0347    mrr@50 : 0.0353    mrr@100 : 0.0356    precision@5 : 0.01    precision@10 : 0.0059    precision@20 : 0.0035    precision@50 : 0.0018    precision@100 : 0.0011
[2026-07-16 19:53:48,228][root][INFO] - [1;34mSaving current[0m: checkpoint/SASRec-BEST-2025.dom1.ckpt
[2026-07-16 19:54:12,476][root][INFO] - [1;32mepoch 10 training[0m [[1;34mtime[0m: 24.25s, [1;34mtrain loss[0m: 1496.0359]
[2026-07-16 19:54:12,641][root][INFO] - [1;32mepoch 10 evaluating[0m [[1;34mtime[0m: 0.16s, [1;34mvalid_score[0m: 0.039500]
[2026-07-16 19:54:12,641][root][INFO] - [1;34mvalid result[0m: 
hit@5 : 0.0489    hit@10 : 0.0585    hit@20 : 0.0678    hit@50 : 0.0863    hit@100 : 0.1086    ndcg@5 : 0.0364    ndcg@10 : 0.0395    ndcg@20 : 0.0418    ndcg@50 : 0.0455    ndcg@100 : 0.0491    mrr@5 : 0.0322    mrr@10 : 0.0335    mrr@20 : 0.0342    mrr@50 : 0.0347    mrr@100 : 0.0351    precision@5 : 0.0098    precision@10 : 0.0058    precision@20 : 0.0034    precision@50 : 0.0017    precision@100 : 0.0011
[2026-07-16 19:54:13,407][root][INFO] - [1;34mSaving current[0m: checkpoint/SASRec-BEST-2025.dom1.ckpt
[2026-07-16 19:54:37,482][root][INFO] - [1;32mepoch 11 training[0m [[1;34mtime[0m: 24.07s, [1;34mtrain loss[0m: 1431.8394]
[2026-07-16 19:54:37,639][root][INFO] - [1;32mepoch 11 evaluating[0m [[1;34mtime[0m: 0.16s, [1;34mvalid_score[0m: 0.039100]
[2026-07-16 19:54:37,639][root][INFO] - [1;34mvalid result[0m: 
hit@5 : 0.0481    hit@10 : 0.0573    hit@20 : 0.068    hit@50 : 0.0847    hit@100 : 0.1046    ndcg@5 : 0.0362    ndcg@10 : 0.0391    ndcg@20 : 0.0418    ndcg@50 : 0.0451    ndcg@100 : 0.0483    mrr@5 : 0.0322    mrr@10 : 0.0334    mrr@20 : 0.0341    mrr@50 : 0.0346    mrr@100 : 0.0349    precision@5 : 0.0096    precision@10 : 0.0057    precision@20 : 0.0034    precision@50 : 0.0017    precision@100 : 0.001
[2026-07-16 19:54:38,403][root][INFO] - [1;34mSaving current[0m: checkpoint/SASRec-BEST-2025.dom1.ckpt
[2026-07-16 19:55:02,721][root][INFO] - [1;32mepoch 12 training[0m [[1;34mtime[0m: 24.32s, [1;34mtrain loss[0m: 1370.9582]
[2026-07-16 19:55:02,877][root][INFO] - [1;32mepoch 12 evaluating[0m [[1;34mtime[0m: 0.16s, [1;34mvalid_score[0m: 0.038400]
[2026-07-16 19:55:02,877][root][INFO] - [1;34mvalid result[0m: 
hit@5 : 0.0479    hit@10 : 0.0561    hit@20 : 0.0659    hit@50 : 0.0835    hit@100 : 0.1011    ndcg@5 : 0.0358    ndcg@10 : 0.0384    ndcg@20 : 0.0409    ndcg@50 : 0.0443    ndcg@100 : 0.0472    mrr@5 : 0.0317    mrr@10 : 0.0328    mrr@20 : 0.0335    mrr@50 : 0.034    mrr@100 : 0.0343    precision@5 : 0.0096    precision@10 : 0.0056    precision@20 : 0.0033    precision@50 : 0.0017    precision@100 : 0.001
[2026-07-16 19:55:03,657][root][INFO] - [1;34mSaving current[0m: checkpoint/SASRec-BEST-2025.dom1.ckpt
[2026-07-16 19:55:27,806][root][INFO] - [1;32mepoch 13 training[0m [[1;34mtime[0m: 24.15s, [1;34mtrain loss[0m: 1310.3250]
[2026-07-16 19:55:27,967][root][INFO] - [1;32mepoch 13 evaluating[0m [[1;34mtime[0m: 0.16s, [1;34mvalid_score[0m: 0.037200]
[2026-07-16 19:55:27,967][root][INFO] - [1;34mvalid result[0m: 
hit@5 : 0.0454    hit@10 : 0.0543    hit@20 : 0.0651    hit@50 : 0.0822    hit@100 : 0.0995    ndcg@5 : 0.0344    ndcg@10 : 0.0372    ndcg@20 : 0.04    ndcg@50 : 0.0434    ndcg@100 : 0.0462    mrr@5 : 0.0307    mrr@10 : 0.0318    mrr@20 : 0.0326    mrr@50 : 0.0331    mrr@100 : 0.0334    precision@5 : 0.0091    precision@10 : 0.0054    precision@20 : 0.0033    precision@50 : 0.0016    precision@100 : 0.001
[2026-07-16 19:55:28,736][root][INFO] - [1;34mSaving current[0m: checkpoint/SASRec-BEST-2025.dom1.ckpt
[2026-07-16 19:55:52,720][root][INFO] - [1;32mepoch 14 training[0m [[1;34mtime[0m: 23.98s, [1;34mtrain loss[0m: 1254.9898]
[2026-07-16 19:55:52,872][root][INFO] - [1;32mepoch 14 evaluating[0m [[1;34mtime[0m: 0.15s, [1;34mvalid_score[0m: 0.037300]
[2026-07-16 19:55:52,873][root][INFO] - [1;34mvalid result[0m: 
hit@5 : 0.0452    hit@10 : 0.0543    hit@20 : 0.0648    hit@50 : 0.0809    hit@100 : 0.099    ndcg@5 : 0.0344    ndcg@10 : 0.0373    ndcg@20 : 0.0399    ndcg@50 : 0.0431    ndcg@100 : 0.046    mrr@5 : 0.0308    mrr@10 : 0.032    mrr@20 : 0.0327    mrr@50 : 0.0332    mrr@100 : 0.0334    precision@5 : 0.009    precision@10 : 0.0054    precision@20 : 0.0032    precision@50 : 0.0016    precision@100 : 0.001
[2026-07-16 19:55:53,624][root][INFO] - [1;34mSaving current[0m: checkpoint/SASRec-BEST-2025.dom1.ckpt
[2026-07-16 19:56:16,643][root][INFO] - [1;32mepoch 15 training[0m [[1;34mtime[0m: 23.02s, [1;34mtrain loss[0m: 1200.7059]
[2026-07-16 19:56:16,795][root][INFO] - [1;32mepoch 15 evaluating[0m [[1;34mtime[0m: 0.15s, [1;34mvalid_score[0m: 0.036200]
[2026-07-16 19:56:16,796][root][INFO] - [1;34mvalid result[0m: 
hit@5 : 0.0432    hit@10 : 0.0519    hit@20 : 0.0633    hit@50 : 0.0791    hit@100 : 0.0965    ndcg@5 : 0.0333    ndcg@10 : 0.0362    ndcg@20 : 0.0391    ndcg@50 : 0.0421    ndcg@100 : 0.0449    mrr@5 : 0.0301    mrr@10 : 0.0312    mrr@20 : 0.032    mrr@50 : 0.0325    mrr@100 : 0.0327    precision@5 : 0.0086    precision@10 : 0.0052    precision@20 : 0.0032    precision@50 : 0.0016    precision@100 : 0.001
[2026-07-16 19:56:17,575][root][INFO] - [1;34mSaving current[0m: checkpoint/SASRec-BEST-2025.dom1.ckpt
[2026-07-16 19:56:41,470][root][INFO] - [1;32mepoch 16 training[0m [[1;34mtime[0m: 23.89s, [1;34mtrain loss[0m: 1148.9236]
[2026-07-16 19:56:41,634][root][INFO] - [1;32mepoch 16 evaluating[0m [[1;34mtime[0m: 0.16s, [1;34mvalid_score[0m: 0.035600]
[2026-07-16 19:56:41,634][root][INFO] - [1;34mvalid result[0m: 
hit@5 : 0.0428    hit@10 : 0.051    hit@20 : 0.0628    hit@50 : 0.0777    hit@100 : 0.0957    ndcg@5 : 0.033    ndcg@10 : 0.0356    ndcg@20 : 0.0386    ndcg@50 : 0.0415    ndcg@100 : 0.0445    mrr@5 : 0.0298    mrr@10 : 0.0308    mrr@20 : 0.0316    mrr@50 : 0.0321    mrr@100 : 0.0323    precision@5 : 0.0086    precision@10 : 0.0051    precision@20 : 0.0031    precision@50 : 0.0016    precision@100 : 0.001
[2026-07-16 19:56:42,359][root][INFO] - [1;34mSaving current[0m: checkpoint/SASRec-BEST-2025.dom1.ckpt
[2026-07-16 19:57:06,479][root][INFO] - [1;32mepoch 17 training[0m [[1;34mtime[0m: 24.12s, [1;34mtrain loss[0m: 1101.6042]
[2026-07-16 19:57:06,643][root][INFO] - [1;32mepoch 17 evaluating[0m [[1;34mtime[0m: 0.16s, [1;34mvalid_score[0m: 0.035000]
[2026-07-16 19:57:06,643][root][INFO] - [1;34mvalid result[0m: 
hit@5 : 0.0425    hit@10 : 0.0496    hit@20 : 0.0612    hit@50 : 0.0756    hit@100 : 0.0917    ndcg@5 : 0.0328    ndcg@10 : 0.035    ndcg@20 : 0.038    ndcg@50 : 0.0408    ndcg@100 : 0.0434    mrr@5 : 0.0295    mrr@10 : 0.0304    mrr@20 : 0.0313    mrr@50 : 0.0317    mrr@100 : 0.0319    precision@5 : 0.0085    precision@10 : 0.005    precision@20 : 0.0031    precision@50 : 0.0015    precision@100 : 0.0009
[2026-07-16 19:57:07,390][root][INFO] - [1;34mSaving current[0m: checkpoint/SASRec-BEST-2025.dom1.ckpt
[2026-07-16 19:57:31,503][root][INFO] - [1;32mepoch 18 training[0m [[1;34mtime[0m: 24.11s, [1;34mtrain loss[0m: 1054.5969]
[2026-07-16 19:57:31,676][root][INFO] - [1;32mepoch 18 evaluating[0m [[1;34mtime[0m: 0.17s, [1;34mvalid_score[0m: 0.034400]
[2026-07-16 19:57:31,676][root][INFO] - [1;34mvalid result[0m: 
hit@5 : 0.0406    hit@10 : 0.0481    hit@20 : 0.058    hit@50 : 0.0757    hit@100 : 0.0933    ndcg@5 : 0.032    ndcg@10 : 0.0344    ndcg@20 : 0.0369    ndcg@50 : 0.0405    ndcg@100 : 0.0433    mrr@5 : 0.0291    mrr@10 : 0.0301    mrr@20 : 0.0308    mrr@50 : 0.0314    mrr@100 : 0.0316    precision@5 : 0.0081    precision@10 : 0.0048    precision@20 : 0.0029    precision@50 : 0.0015    precision@100 : 0.0009
[2026-07-16 19:57:32,400][root][INFO] - [1;34mSaving current[0m: checkpoint/SASRec-BEST-2025.dom1.ckpt
[2026-07-16 19:57:56,241][root][INFO] - [1;32mepoch 19 training[0m [[1;34mtime[0m: 23.84s, [1;34mtrain loss[0m: 1011.4142]
[2026-07-16 19:57:56,404][root][INFO] - [1;32mepoch 19 evaluating[0m [[1;34mtime[0m: 0.16s, [1;34mvalid_score[0m: 0.034000]
[2026-07-16 19:57:56,404][root][INFO] - [1;34mvalid result[0m: 
hit@5 : 0.0395    hit@10 : 0.0477    hit@20 : 0.0567    hit@50 : 0.0754    hit@100 : 0.0918    ndcg@5 : 0.0314    ndcg@10 : 0.034    ndcg@20 : 0.0363    ndcg@50 : 0.04    ndcg@100 : 0.0426    mrr@5 : 0.0286    mrr@10 : 0.0297    mrr@20 : 0.0303    mrr@50 : 0.0309    mrr@100 : 0.0311    precision@5 : 0.0079    precision@10 : 0.0048    precision@20 : 0.0028    precision@50 : 0.0015    precision@100 : 0.0009
[2026-07-16 19:57:57,199][root][INFO] - [1;34mSaving current[0m: checkpoint/SASRec-BEST-2025.dom1.ckpt
[2026-07-16 19:57:57,395][root][INFO] - Loading model structure and parameters from checkpoint/SASRec-BEST-2025.dom1.ckpt
[2026-07-16 19:57:57,520][__main__][INFO] - [1;33mdom1 test [0m: OrderedDict([('hit@5', 0.0319), ('hit@10', 0.0384), ('hit@20', 0.0451), ('hit@50', 0.0604), ('hit@100', 0.0761), ('ndcg@5', 0.0256), ('ndcg@10', 0.0277), ('ndcg@20', 0.0294), ('ndcg@50', 0.0324), ('ndcg@100', 0.035), ('mrr@5', 0.0235), ('mrr@10', 0.0244), ('mrr@20', 0.0248), ('mrr@50', 0.0253), ('mrr@100', 0.0255), ('precision@5', 0.0064), ('precision@10', 0.0038), ('precision@20', 0.0023), ('precision@50', 0.0012), ('precision@100', 0.0008)])
[2026-07-16 19:57:57,952][__main__][INFO] - Full checkpoint loaded !
[2026-07-16 19:58:19,956][root][INFO] - [1;32mepoch 0 training[0m [[1;34mtime[0m: 22.00s, [1;34mtrain loss[0m: 2561.6370]
[2026-07-16 19:58:20,179][root][INFO] - [1;32mepoch 0 evaluating[0m [[1;34mtime[0m: 0.22s, [1;34mvalid_score[0m: 0.029300]
[2026-07-16 19:58:20,179][root][INFO] - [1;34mvalid result[0m: 
hit@5 : 0.0331    hit@10 : 0.0384    hit@20 : 0.0464    hit@50 : 0.0636    hit@100 : 0.0848    ndcg@5 : 0.0276    ndcg@10 : 0.0293    ndcg@20 : 0.0313    ndcg@50 : 0.0347    ndcg@100 : 0.0381    mrr@5 : 0.0258    mrr@10 : 0.0265    mrr@20 : 0.027    mrr@50 : 0.0275    mrr@100 : 0.0278    precision@5 : 0.0066    precision@10 : 0.0038    precision@20 : 0.0023    precision@50 : 0.0013    precision@100 : 0.0008
[2026-07-16 19:58:20,508][root][INFO] - [1;34mSaving current[0m: checkpoint/SASRec-BEST-2025.dom2.ckpt
[2026-07-16 19:58:42,476][root][INFO] - [1;32mepoch 1 training[0m [[1;34mtime[0m: 21.97s, [1;34mtrain loss[0m: 2444.8726]
[2026-07-16 19:58:42,687][root][INFO] - [1;32mepoch 1 evaluating[0m [[1;34mtime[0m: 0.21s, [1;34mvalid_score[0m: 0.029200]
[2026-07-16 19:58:42,687][root][INFO] - [1;34mvalid result[0m: 
hit@5 : 0.0326    hit@10 : 0.0394    hit@20 : 0.0472    hit@50 : 0.0659    hit@100 : 0.0856    ndcg@5 : 0.027    ndcg@10 : 0.0292    ndcg@20 : 0.0311    ndcg@50 : 0.0348    ndcg@100 : 0.038    mrr@5 : 0.0251    mrr@10 : 0.026    mrr@20 : 0.0265    mrr@50 : 0.0271    mrr@100 : 0.0274    precision@5 : 0.0065    precision@10 : 0.0039    precision@20 : 0.0024    precision@50 : 0.0013    precision@100 : 0.0009
[2026-07-16 19:58:43,437][root][INFO] - [1;34mSaving current[0m: checkpoint/SASRec-BEST-2025.dom2.ckpt
[2026-07-16 19:59:05,302][root][INFO] - [1;32mepoch 2 training[0m [[1;34mtime[0m: 21.86s, [1;34mtrain loss[0m: 2357.2171]
[2026-07-16 19:59:05,509][root][INFO] - [1;32mepoch 2 evaluating[0m [[1;34mtime[0m: 0.21s, [1;34mvalid_score[0m: 0.029100]
[2026-07-16 19:59:05,509][root][INFO] - [1;34mvalid result[0m: 
hit@5 : 0.0327    hit@10 : 0.0389    hit@20 : 0.0465    hit@50 : 0.0644    hit@100 : 0.0856    ndcg@5 : 0.0271    ndcg@10 : 0.0291    ndcg@20 : 0.031    ndcg@50 : 0.0345    ndcg@100 : 0.0379    mrr@5 : 0.0252    mrr@10 : 0.026    mrr@20 : 0.0265    mrr@50 : 0.027    mrr@100 : 0.0273    precision@5 : 0.0065    precision@10 : 0.0039    precision@20 : 0.0023    precision@50 : 0.0013    precision@100 : 0.0009
[2026-07-16 19:59:06,276][root][INFO] - [1;34mSaving current[0m: checkpoint/SASRec-BEST-2025.dom2.ckpt
[2026-07-16 19:59:28,310][root][INFO] - [1;32mepoch 3 training[0m [[1;34mtime[0m: 22.03s, [1;34mtrain loss[0m: 2278.8718]
[2026-07-16 19:59:28,519][root][INFO] - [1;32mepoch 3 evaluating[0m [[1;34mtime[0m: 0.21s, [1;34mvalid_score[0m: 0.029300]
[2026-07-16 19:59:28,519][root][INFO] - [1;34mvalid result[0m: 
hit@5 : 0.0326    hit@10 : 0.0393    hit@20 : 0.0469    hit@50 : 0.0641    hit@100 : 0.0862    ndcg@5 : 0.0272    ndcg@10 : 0.0293    ndcg@20 : 0.0312    ndcg@50 : 0.0346    ndcg@100 : 0.0382    mrr@5 : 0.0253    mrr@10 : 0.0262    mrr@20 : 0.0267    mrr@50 : 0.0273    mrr@100 : 0.0276    precision@5 : 0.0065    precision@10 : 0.0039    precision@20 : 0.0023    precision@50 : 0.0013    precision@100 : 0.0009
[2026-07-16 19:59:29,269][root][INFO] - [1;34mSaving current[0m: checkpoint/SASRec-BEST-2025.dom2.ckpt
[2026-07-16 19:59:51,336][root][INFO] - [1;32mepoch 4 training[0m [[1;34mtime[0m: 22.07s, [1;34mtrain loss[0m: 2204.0161]
[2026-07-16 19:59:51,534][root][INFO] - [1;32mepoch 4 evaluating[0m [[1;34mtime[0m: 0.20s, [1;34mvalid_score[0m: 0.028800]
[2026-07-16 19:59:51,534][root][INFO] - [1;34mvalid result[0m: 
hit@5 : 0.0321    hit@10 : 0.0384    hit@20 : 0.0468    hit@50 : 0.062    hit@100 : 0.0824    ndcg@5 : 0.0268    ndcg@10 : 0.0288    ndcg@20 : 0.0309    ndcg@50 : 0.0339    ndcg@100 : 0.0372    mrr@5 : 0.0249    mrr@10 : 0.0258    mrr@20 : 0.0264    mrr@50 : 0.0268    mrr@100 : 0.0271    precision@5 : 0.0064    precision@10 : 0.0038    precision@20 : 0.0023    precision@50 : 0.0012    precision@100 : 0.0008
[2026-07-16 19:59:52,374][root][INFO] - [1;34mSaving current[0m: checkpoint/SASRec-BEST-2025.dom2.ckpt
[2026-07-16 20:00:14,627][root][INFO] - [1;32mepoch 5 training[0m [[1;34mtime[0m: 22.25s, [1;34mtrain loss[0m: 2132.6795]
[2026-07-16 20:00:14,845][root][INFO] - [1;32mepoch 5 evaluating[0m [[1;34mtime[0m: 0.22s, [1;34mvalid_score[0m: 0.028000]
[2026-07-16 20:00:14,846][root][INFO] - [1;34mvalid result[0m: 
hit@5 : 0.0316    hit@10 : 0.0364    hit@20 : 0.0449    hit@50 : 0.0606    hit@100 : 0.0792    ndcg@5 : 0.0264    ndcg@10 : 0.028    ndcg@20 : 0.0301    ndcg@50 : 0.0332    ndcg@100 : 0.0362    mrr@5 : 0.0247    mrr@10 : 0.0254    mrr@20 : 0.0259    mrr@50 : 0.0264    mrr@100 : 0.0267    precision@5 : 0.0063    precision@10 : 0.0036    precision@20 : 0.0022    precision@50 : 0.0012    precision@100 : 0.0008
[2026-07-16 20:00:16,919][root][INFO] - [1;34mSaving current[0m: checkpoint/SASRec-BEST-2025.dom2.ckpt
[2026-07-16 20:00:39,066][root][INFO] - [1;32mepoch 6 training[0m [[1;34mtime[0m: 22.15s, [1;34mtrain loss[0m: 2062.8851]
[2026-07-16 20:00:39,282][root][INFO] - [1;32mepoch 6 evaluating[0m [[1;34mtime[0m: 0.21s, [1;34mvalid_score[0m: 0.028200]
[2026-07-16 20:00:39,282][root][INFO] - [1;34mvalid result[0m: 
hit@5 : 0.0325    hit@10 : 0.037    hit@20 : 0.044    hit@50 : 0.0602    hit@100 : 0.0773    ndcg@5 : 0.0268    ndcg@10 : 0.0282    ndcg@20 : 0.0299    ndcg@50 : 0.0331    ndcg@100 : 0.0358    mrr@5 : 0.0248    mrr@10 : 0.0254    mrr@20 : 0.0258    mrr@50 : 0.0263    mrr@100 : 0.0266    precision@5 : 0.0065    precision@10 : 0.0037    precision@20 : 0.0022    precision@50 : 0.0012    precision@100 : 0.0008
[2026-07-16 20:00:40,004][root][INFO] - [1;34mSaving current[0m: checkpoint/SASRec-BEST-2025.dom2.ckpt
[2026-07-16 20:01:01,980][root][INFO] - [1;32mepoch 7 training[0m [[1;34mtime[0m: 21.97s, [1;34mtrain loss[0m: 1993.7102]
[2026-07-16 20:01:02,190][root][INFO] - [1;32mepoch 7 evaluating[0m [[1;34mtime[0m: 0.21s, [1;34mvalid_score[0m: 0.027600]
[2026-07-16 20:01:02,190][root][INFO] - [1;34mvalid result[0m: 
hit@5 : 0.0314    hit@10 : 0.0358    hit@20 : 0.0433    hit@50 : 0.0592    hit@100 : 0.0769    ndcg@5 : 0.0261    ndcg@10 : 0.0276    ndcg@20 : 0.0294    ndcg@50 : 0.0326    ndcg@100 : 0.0354    mrr@5 : 0.0243    mrr@10 : 0.0249    mrr@20 : 0.0255    mrr@50 : 0.026    mrr@100 : 0.0262    precision@5 : 0.0063    precision@10 : 0.0036    precision@20 : 0.0022    precision@50 : 0.0012    precision@100 : 0.0008
[2026-07-16 20:01:02,881][root][INFO] - [1;34mSaving current[0m: checkpoint/SASRec-BEST-2025.dom2.ckpt
[2026-07-16 20:01:24,974][root][INFO] - [1;32mepoch 8 training[0m [[1;34mtime[0m: 22.09s, [1;34mtrain loss[0m: 1927.1280]
[2026-07-16 20:01:25,170][root][INFO] - [1;32mepoch 8 evaluating[0m [[1;34mtime[0m: 0.19s, [1;34mvalid_score[0m: 0.027100]
[2026-07-16 20:01:25,170][root][INFO] - [1;34mvalid result[0m: 
hit@5 : 0.03    hit@10 : 0.035    hit@20 : 0.0418    hit@50 : 0.0577    hit@100 : 0.076    ndcg@5 : 0.0255    ndcg@10 : 0.0271    ndcg@20 : 0.0288    ndcg@50 : 0.032    ndcg@100 : 0.0349    mrr@5 : 0.024    mrr@10 : 0.0247    mrr@20 : 0.0251    mrr@50 : 0.0256    mrr@100 : 0.0259    precision@5 : 0.006    precision@10 : 0.0035    precision@20 : 0.0021    precision@50 : 0.0012    precision@100 : 0.0008
[2026-07-16 20:01:25,883][root][INFO] - [1;34mSaving current[0m: checkpoint/SASRec-BEST-2025.dom2.ckpt
[2026-07-16 20:01:47,871][root][INFO] - [1;32mepoch 9 training[0m [[1;34mtime[0m: 21.99s, [1;34mtrain loss[0m: 1860.9883]
[2026-07-16 20:01:48,072][root][INFO] - [1;32mepoch 9 evaluating[0m [[1;34mtime[0m: 0.20s, [1;34mvalid_score[0m: 0.027000]
[2026-07-16 20:01:48,072][root][INFO] - [1;34mvalid result[0m: 
hit@5 : 0.03    hit@10 : 0.0349    hit@20 : 0.0411    hit@50 : 0.0553    hit@100 : 0.0715    ndcg@5 : 0.0254    ndcg@10 : 0.027    ndcg@20 : 0.0285    ndcg@50 : 0.0314    ndcg@100 : 0.034    mrr@5 : 0.0239    mrr@10 : 0.0245    mrr@20 : 0.0249    mrr@50 : 0.0254    mrr@100 : 0.0256    precision@5 : 0.006    precision@10 : 0.0035    precision@20 : 0.0021    precision@50 : 0.0011    precision@100 : 0.0007
[2026-07-16 20:01:48,421][root][INFO] - [1;34mSaving current[0m: checkpoint/SASRec-BEST-2025.dom2.ckpt
[2026-07-16 20:02:09,917][root][INFO] - [1;32mepoch 10 training[0m [[1;34mtime[0m: 21.50s, [1;34mtrain loss[0m: 1795.5936]
[2026-07-16 20:02:10,126][root][INFO] - [1;32mepoch 10 evaluating[0m [[1;34mtime[0m: 0.21s, [1;34mvalid_score[0m: 0.026400]
[2026-07-16 20:02:10,127][root][INFO] - [1;34mvalid result[0m: 
hit@5 : 0.0299    hit@10 : 0.0344    hit@20 : 0.0404    hit@50 : 0.0538    hit@100 : 0.0699    ndcg@5 : 0.0249    ndcg@10 : 0.0264    ndcg@20 : 0.0279    ndcg@50 : 0.0305    ndcg@100 : 0.0331    mrr@5 : 0.0232    mrr@10 : 0.0238    mrr@20 : 0.0243    mrr@50 : 0.0247    mrr@100 : 0.0249    precision@5 : 0.006    precision@10 : 0.0034    precision@20 : 0.002    precision@50 : 0.0011    precision@100 : 0.0007
[2026-07-16 20:02:10,856][root][INFO] - [1;34mSaving current[0m: checkpoint/SASRec-BEST-2025.dom2.ckpt
[2026-07-16 20:02:32,314][root][INFO] - [1;32mepoch 11 training[0m [[1;34mtime[0m: 21.46s, [1;34mtrain loss[0m: 1731.7685]
[2026-07-16 20:02:32,510][root][INFO] - [1;32mepoch 11 evaluating[0m [[1;34mtime[0m: 0.20s, [1;34mvalid_score[0m: 0.025900]
[2026-07-16 20:02:32,511][root][INFO] - [1;34mvalid result[0m: 
hit@5 : 0.0291    hit@10 : 0.0336    hit@20 : 0.0394    hit@50 : 0.0526    hit@100 : 0.0692    ndcg@5 : 0.0245    ndcg@10 : 0.0259    ndcg@20 : 0.0274    ndcg@50 : 0.03    ndcg@100 : 0.0327    mrr@5 : 0.0229    mrr@10 : 0.0235    mrr@20 : 0.0239    mrr@50 : 0.0243    mrr@100 : 0.0246    precision@5 : 0.0058    precision@10 : 0.0034    precision@20 : 0.002    precision@50 : 0.0011    precision@100 : 0.0007
[2026-07-16 20:02:33,280][root][INFO] - [1;34mSaving current[0m: checkpoint/SASRec-BEST-2025.dom2.ckpt
[2026-07-16 20:02:55,450][root][INFO] - [1;32mepoch 12 training[0m [[1;34mtime[0m: 22.17s, [1;34mtrain loss[0m: 1667.7296]
[2026-07-16 20:02:55,652][root][INFO] - [1;32mepoch 12 evaluating[0m [[1;34mtime[0m: 0.20s, [1;34mvalid_score[0m: 0.025200]
[2026-07-16 20:02:55,652][root][INFO] - [1;34mvalid result[0m: 
hit@5 : 0.0286    hit@10 : 0.0323    hit@20 : 0.0381    hit@50 : 0.0514    hit@100 : 0.0671    ndcg@5 : 0.024    ndcg@10 : 0.0252    ndcg@20 : 0.0266    ndcg@50 : 0.0293    ndcg@100 : 0.0318    mrr@5 : 0.0224    mrr@10 : 0.0229    mrr@20 : 0.0233    mrr@50 : 0.0237    mrr@100 : 0.024    precision@5 : 0.0057    precision@10 : 0.0032    precision@20 : 0.0019    precision@50 : 0.001    precision@100 : 0.0007
[2026-07-16 20:02:56,353][root][INFO] - [1;34mSaving current[0m: checkpoint/SASRec-BEST-2025.dom2.ckpt
[2026-07-16 20:03:18,138][root][INFO] - [1;32mepoch 13 training[0m [[1;34mtime[0m: 21.78s, [1;34mtrain loss[0m: 1607.2649]
[2026-07-16 20:03:18,352][root][INFO] - [1;32mepoch 13 evaluating[0m [[1;34mtime[0m: 0.21s, [1;34mvalid_score[0m: 0.024900]
[2026-07-16 20:03:18,352][root][INFO] - [1;34mvalid result[0m: 
hit@5 : 0.0279    hit@10 : 0.0322    hit@20 : 0.0369    hit@50 : 0.0495    hit@100 : 0.0649    ndcg@5 : 0.0235    ndcg@10 : 0.0249    ndcg@20 : 0.0261    ndcg@50 : 0.0286    ndcg@100 : 0.0311    mrr@5 : 0.0221    mrr@10 : 0.0227    mrr@20 : 0.023    mrr@50 : 0.0234    mrr@100 : 0.0236    precision@5 : 0.0056    precision@10 : 0.0032    precision@20 : 0.0018    precision@50 : 0.001    precision@100 : 0.0006
[2026-07-16 20:03:19,077][root][INFO] - [1;34mSaving current[0m: checkpoint/SASRec-BEST-2025.dom2.ckpt
[2026-07-16 20:03:40,890][root][INFO] - [1;32mepoch 14 training[0m [[1;34mtime[0m: 21.81s, [1;34mtrain loss[0m: 1548.2875]
[2026-07-16 20:03:41,104][root][INFO] - [1;32mepoch 14 evaluating[0m [[1;34mtime[0m: 0.21s, [1;34mvalid_score[0m: 0.023700]
[2026-07-16 20:03:41,105][root][INFO] - [1;34mvalid result[0m: 
hit@5 : 0.0267    hit@10 : 0.0311    hit@20 : 0.0367    hit@50 : 0.0488    hit@100 : 0.0639    ndcg@5 : 0.0224    ndcg@10 : 0.0237    ndcg@20 : 0.0251    ndcg@50 : 0.0275    ndcg@100 : 0.0299    mrr@5 : 0.0209    mrr@10 : 0.0214    mrr@20 : 0.0218    mrr@50 : 0.0222    mrr@100 : 0.0224    precision@5 : 0.0053    precision@10 : 0.0031    precision@20 : 0.0018    precision@50 : 0.001    precision@100 : 0.0006
[2026-07-16 20:03:41,846][root][INFO] - [1;34mSaving current[0m: checkpoint/SASRec-BEST-2025.dom2.ckpt
[2026-07-16 20:03:59,539][root][INFO] - [1;32mepoch 15 training[0m [[1;34mtime[0m: 17.69s, [1;34mtrain loss[0m: 1491.2312]
[2026-07-16 20:03:59,748][root][INFO] - [1;32mepoch 15 evaluating[0m [[1;34mtime[0m: 0.21s, [1;34mvalid_score[0m: 0.023700]
[2026-07-16 20:03:59,748][root][INFO] - [1;34mvalid result[0m: 
hit@5 : 0.0267    hit@10 : 0.0308    hit@20 : 0.036    hit@50 : 0.0476    hit@100 : 0.0632    ndcg@5 : 0.0223    ndcg@10 : 0.0237    ndcg@20 : 0.025    ndcg@50 : 0.0273    ndcg@100 : 0.0298    mrr@5 : 0.0209    mrr@10 : 0.0214    mrr@20 : 0.0218    mrr@50 : 0.0222    mrr@100 : 0.0224    precision@5 : 0.0053    precision@10 : 0.0031    precision@20 : 0.0018    precision@50 : 0.001    precision@100 : 0.0006
[2026-07-16 20:04:00,494][root][INFO] - [1;34mSaving current[0m: checkpoint/SASRec-BEST-2025.dom2.ckpt
[2026-07-16 20:04:20,547][root][INFO] - [1;32mepoch 16 training[0m [[1;34mtime[0m: 20.05s, [1;34mtrain loss[0m: 1436.2423]
[2026-07-16 20:04:20,745][root][INFO] - [1;32mepoch 16 evaluating[0m [[1;34mtime[0m: 0.20s, [1;34mvalid_score[0m: 0.022900]
[2026-07-16 20:04:20,745][root][INFO] - [1;34mvalid result[0m: 
hit@5 : 0.0253    hit@10 : 0.0301    hit@20 : 0.0352    hit@50 : 0.0476    hit@100 : 0.0598    ndcg@5 : 0.0213    ndcg@10 : 0.0229    ndcg@20 : 0.0241    ndcg@50 : 0.0266    ndcg@100 : 0.0286    mrr@5 : 0.02    mrr@10 : 0.0206    mrr@20 : 0.021    mrr@50 : 0.0214    mrr@100 : 0.0215    precision@5 : 0.0051    precision@10 : 0.003    precision@20 : 0.0018    precision@50 : 0.001    precision@100 : 0.0006
[2026-07-16 20:04:21,471][root][INFO] - [1;34mSaving current[0m: checkpoint/SASRec-BEST-2025.dom2.ckpt
[2026-07-16 20:04:43,622][root][INFO] - [1;32mepoch 17 training[0m [[1;34mtime[0m: 22.15s, [1;34mtrain loss[0m: 1383.1019]
[2026-07-16 20:04:43,820][root][INFO] - [1;32mepoch 17 evaluating[0m [[1;34mtime[0m: 0.20s, [1;34mvalid_score[0m: 0.022600]
[2026-07-16 20:04:43,820][root][INFO] - [1;34mvalid result[0m: 
hit@5 : 0.025    hit@10 : 0.0284    hit@20 : 0.0348    hit@50 : 0.0462    hit@100 : 0.0599    ndcg@5 : 0.0215    ndcg@10 : 0.0226    ndcg@20 : 0.0242    ndcg@50 : 0.0265    ndcg@100 : 0.0287    mrr@5 : 0.0203    mrr@10 : 0.0208    mrr@20 : 0.0212    mrr@50 : 0.0216    mrr@100 : 0.0218    precision@5 : 0.005    precision@10 : 0.0028    precision@20 : 0.0017    precision@50 : 0.0009    precision@100 : 0.0006
[2026-07-16 20:04:44,534][root][INFO] - [1;34mSaving current[0m: checkpoint/SASRec-BEST-2025.dom2.ckpt
[2026-07-16 20:05:06,546][root][INFO] - [1;32mepoch 18 training[0m [[1;34mtime[0m: 22.01s, [1;34mtrain loss[0m: 1331.1301]
[2026-07-16 20:05:06,756][root][INFO] - [1;32mepoch 18 evaluating[0m [[1;34mtime[0m: 0.21s, [1;34mvalid_score[0m: 0.022100]
[2026-07-16 20:05:06,757][root][INFO] - [1;34mvalid result[0m: 
hit@5 : 0.0241    hit@10 : 0.0283    hit@20 : 0.0336    hit@50 : 0.0453    hit@100 : 0.0572    ndcg@5 : 0.0207    ndcg@10 : 0.0221    ndcg@20 : 0.0234    ndcg@50 : 0.0258    ndcg@100 : 0.0277    mrr@5 : 0.0196    mrr@10 : 0.0202    mrr@20 : 0.0206    mrr@50 : 0.0209    mrr@100 : 0.0211    precision@5 : 0.0048    precision@10 : 0.0028    precision@20 : 0.0017    precision@50 : 0.0009    precision@100 : 0.0006
[2026-07-16 20:05:07,486][root][INFO] - [1;34mSaving current[0m: checkpoint/SASRec-BEST-2025.dom2.ckpt
[2026-07-16 20:05:27,532][root][INFO] - [1;32mepoch 19 training[0m [[1;34mtime[0m: 20.04s, [1;34mtrain loss[0m: 1284.0471]
[2026-07-16 20:05:27,728][root][INFO] - [1;32mepoch 19 evaluating[0m [[1;34mtime[0m: 0.20s, [1;34mvalid_score[0m: 0.021900]
[2026-07-16 20:05:27,729][root][INFO] - [1;34mvalid result[0m: 
hit@5 : 0.0241    hit@10 : 0.028    hit@20 : 0.0337    hit@50 : 0.0458    hit@100 : 0.0576    ndcg@5 : 0.0206    ndcg@10 : 0.0219    ndcg@20 : 0.0233    ndcg@50 : 0.0257    ndcg@100 : 0.0276    mrr@5 : 0.0194    mrr@10 : 0.02    mrr@20 : 0.0204    mrr@50 : 0.0207    mrr@100 : 0.0209    precision@5 : 0.0048    precision@10 : 0.0028    precision@20 : 0.0017    precision@50 : 0.0009    precision@100 : 0.0006
[2026-07-16 20:05:28,507][root][INFO] - [1;34mSaving current[0m: checkpoint/SASRec-BEST-2025.dom2.ckpt
[2026-07-16 20:05:28,692][root][INFO] - Loading model structure and parameters from checkpoint/SASRec-BEST-2025.dom2.ckpt
[2026-07-16 20:05:28,881][__main__][INFO] - [1;33mdom2 test [0m: OrderedDict([('hit@5', 0.019), ('hit@10', 0.021), ('hit@20', 0.0252), ('hit@50', 0.0325), ('hit@100', 0.0452), ('ndcg@5', 0.0169), ('ndcg@10', 0.0176), ('ndcg@20', 0.0186), ('ndcg@50', 0.0201), ('ndcg@100', 0.0221), ('mrr@5', 0.0162), ('mrr@10', 0.0165), ('mrr@20', 0.0168), ('mrr@50', 0.017), ('mrr@100', 0.0172), ('precision@5', 0.0038), ('precision@10', 0.0021), ('precision@20', 0.0013), ('precision@50', 0.0006), ('precision@100', 0.0005)])
[2026-07-16 20:05:29,337][__main__][INFO] - Full checkpoint loaded !
[2026-07-16 20:05:50,434][root][INFO] - [1;32mepoch 0 training[0m [[1;34mtime[0m: 21.09s, [1;34mtrain loss[0m: 2526.7146]
[2026-07-16 20:05:50,664][root][INFO] - [1;32mepoch 0 evaluating[0m [[1;34mtime[0m: 0.23s, [1;34mvalid_score[0m: 0.033300]
[2026-07-16 20:05:50,664][root][INFO] - [1;34mvalid result[0m: 
hit@5 : 0.0381    hit@10 : 0.0438    hit@20 : 0.0509    hit@50 : 0.0649    hit@100 : 0.0842    ndcg@5 : 0.0315    ndcg@10 : 0.0333    ndcg@20 : 0.0351    ndcg@50 : 0.0379    ndcg@100 : 0.041    mrr@5 : 0.0292    mrr@10 : 0.03    mrr@20 : 0.0305    mrr@50 : 0.0309    mrr@100 : 0.0312    precision@5 : 0.0076    precision@10 : 0.0044    precision@20 : 0.0025    precision@50 : 0.0013    precision@100 : 0.0008
[2026-07-16 20:05:51,025][root][INFO] - [1;34mSaving current[0m: checkpoint/SASRec-BEST-2025.dom3.ckpt
[2026-07-16 20:06:12,172][root][INFO] - [1;32mepoch 1 training[0m [[1;34mtime[0m: 21.15s, [1;34mtrain loss[0m: 2380.6397]
[2026-07-16 20:06:12,393][root][INFO] - [1;32mepoch 1 evaluating[0m [[1;34mtime[0m: 0.22s, [1;34mvalid_score[0m: 0.033500]
[2026-07-16 20:06:12,394][root][INFO] - [1;34mvalid result[0m: 
hit@5 : 0.0385    hit@10 : 0.0443    hit@20 : 0.053    hit@50 : 0.0676    hit@100 : 0.0854    ndcg@5 : 0.0316    ndcg@10 : 0.0335    ndcg@20 : 0.0357    ndcg@50 : 0.0385    ndcg@100 : 0.0414    mrr@5 : 0.0293    mrr@10 : 0.0301    mrr@20 : 0.0307    mrr@50 : 0.0311    mrr@100 : 0.0314    precision@5 : 0.0077    precision@10 : 0.0044    precision@20 : 0.0027    precision@50 : 0.0014    precision@100 : 0.0009
[2026-07-16 20:06:13,123][root][INFO] - [1;34mSaving current[0m: checkpoint/SASRec-BEST-2025.dom3.ckpt
[2026-07-16 20:06:34,371][root][INFO] - [1;32mepoch 2 training[0m [[1;34mtime[0m: 21.25s, [1;34mtrain loss[0m: 2265.8532]
[2026-07-16 20:06:34,594][root][INFO] - [1;32mepoch 2 evaluating[0m [[1;34mtime[0m: 0.22s, [1;34mvalid_score[0m: 0.033600]
[2026-07-16 20:06:34,595][root][INFO] - [1;34mvalid result[0m: 
hit@5 : 0.039    hit@10 : 0.0448    hit@20 : 0.0517    hit@50 : 0.0675    hit@100 : 0.0856    ndcg@5 : 0.0318    ndcg@10 : 0.0336    ndcg@20 : 0.0354    ndcg@50 : 0.0385    ndcg@100 : 0.0414    mrr@5 : 0.0294    mrr@10 : 0.0301    mrr@20 : 0.0306    mrr@50 : 0.0311    mrr@100 : 0.0313    precision@5 : 0.0078    precision@10 : 0.0045    precision@20 : 0.0026    precision@50 : 0.0014    precision@100 : 0.0009
[2026-07-16 20:06:35,321][root][INFO] - [1;34mSaving current[0m: checkpoint/SASRec-BEST-2025.dom3.ckpt
[2026-07-16 20:06:56,381][root][INFO] - [1;32mepoch 3 training[0m [[1;34mtime[0m: 21.06s, [1;34mtrain loss[0m: 2159.3452]
[2026-07-16 20:06:56,585][root][INFO] - [1;32mepoch 3 evaluating[0m [[1;34mtime[0m: 0.20s, [1;34mvalid_score[0m: 0.033100]
[2026-07-16 20:06:56,585][root][INFO] - [1;34mvalid result[0m: 
hit@5 : 0.0374    hit@10 : 0.043    hit@20 : 0.0511    hit@50 : 0.0666    hit@100 : 0.0841    ndcg@5 : 0.0313    ndcg@10 : 0.0331    ndcg@20 : 0.0351    ndcg@50 : 0.0382    ndcg@100 : 0.041    mrr@5 : 0.0292    mrr@10 : 0.0299    mrr@20 : 0.0305    mrr@50 : 0.031    mrr@100 : 0.0312    precision@5 : 0.0075    precision@10 : 0.0043    precision@20 : 0.0026    precision@50 : 0.0013    precision@100 : 0.0008
[2026-07-16 20:06:57,294][root][INFO] - [1;34mSaving current[0m: checkpoint/SASRec-BEST-2025.dom3.ckpt
[2026-07-16 20:07:18,474][root][INFO] - [1;32mepoch 4 training[0m [[1;34mtime[0m: 21.18s, [1;34mtrain loss[0m: 2058.9601]
[2026-07-16 20:07:18,683][root][INFO] - [1;32mepoch 4 evaluating[0m [[1;34mtime[0m: 0.21s, [1;34mvalid_score[0m: 0.032900]
[2026-07-16 20:07:18,683][root][INFO] - [1;34mvalid result[0m: 
hit@5 : 0.0379    hit@10 : 0.0424    hit@20 : 0.0509    hit@50 : 0.0656    hit@100 : 0.0827    ndcg@5 : 0.0314    ndcg@10 : 0.0329    ndcg@20 : 0.035    ndcg@50 : 0.0379    ndcg@100 : 0.0407    mrr@5 : 0.0292    mrr@10 : 0.0298    mrr@20 : 0.0304    mrr@50 : 0.0308    mrr@100 : 0.0311    precision@5 : 0.0076    precision@10 : 0.0042    precision@20 : 0.0025    precision@50 : 0.0013    precision@100 : 0.0008
[2026-07-16 20:07:19,427][root][INFO] - [1;34mSaving current[0m: checkpoint/SASRec-BEST-2025.dom3.ckpt
[2026-07-16 20:07:40,483][root][INFO] - [1;32mepoch 5 training[0m [[1;34mtime[0m: 21.06s, [1;34mtrain loss[0m: 1961.4743]
[2026-07-16 20:07:40,701][root][INFO] - [1;32mepoch 5 evaluating[0m [[1;34mtime[0m: 0.22s, [1;34mvalid_score[0m: 0.032300]
[2026-07-16 20:07:40,701][root][INFO] - [1;34mvalid result[0m: 
hit@5 : 0.037    hit@10 : 0.0415    hit@20 : 0.0496    hit@50 : 0.0651    hit@100 : 0.0824    ndcg@5 : 0.0309    ndcg@10 : 0.0323    ndcg@20 : 0.0344    ndcg@50 : 0.0374    ndcg@100 : 0.0402    mrr@5 : 0.0288    mrr@10 : 0.0294    mrr@20 : 0.03    mrr@50 : 0.0305    mrr@100 : 0.0307    precision@5 : 0.0074    precision@10 : 0.0041    precision@20 : 0.0025    precision@50 : 0.0013    precision@100 : 0.0008
[2026-07-16 20:07:41,474][root][INFO] - [1;34mSaving current[0m: checkpoint/SASRec-BEST-2025.dom3.ckpt
[2026-07-16 20:08:02,758][root][INFO] - [1;32mepoch 6 training[0m [[1;34mtime[0m: 21.28s, [1;34mtrain loss[0m: 1867.8496]
[2026-07-16 20:08:02,968][root][INFO] - [1;32mepoch 6 evaluating[0m [[1;34mtime[0m: 0.21s, [1;34mvalid_score[0m: 0.031700]
[2026-07-16 20:08:02,968][root][INFO] - [1;34mvalid result[0m: 
hit@5 : 0.0355    hit@10 : 0.041    hit@20 : 0.0483    hit@50 : 0.0646    hit@100 : 0.0814    ndcg@5 : 0.03    ndcg@10 : 0.0317    ndcg@20 : 0.0336    ndcg@50 : 0.0368    ndcg@100 : 0.0395    mrr@5 : 0.0281    mrr@10 : 0.0288    mrr@20 : 0.0293    mrr@50 : 0.0298    mrr@100 : 0.0301    precision@5 : 0.0071    precision@10 : 0.0041    precision@20 : 0.0024    precision@50 : 0.0013    precision@100 : 0.0008
[2026-07-16 20:08:03,809][root][INFO] - [1;34mSaving current[0m: checkpoint/SASRec-BEST-2025.dom3.ckpt
[2026-07-16 20:08:24,758][root][INFO] - [1;32mepoch 7 training[0m [[1;34mtime[0m: 20.95s, [1;34mtrain loss[0m: 1774.8639]
[2026-07-16 20:08:24,966][root][INFO] - [1;32mepoch 7 evaluating[0m [[1;34mtime[0m: 0.21s, [1;34mvalid_score[0m: 0.031000]
[2026-07-16 20:08:24,966][root][INFO] - [1;34mvalid result[0m: 
hit@5 : 0.0353    hit@10 : 0.0396    hit@20 : 0.0476    hit@50 : 0.0627    hit@100 : 0.0815    ndcg@5 : 0.0296    ndcg@10 : 0.031    ndcg@20 : 0.033    ndcg@50 : 0.036    ndcg@100 : 0.039    mrr@5 : 0.0277    mrr@10 : 0.0282    mrr@20 : 0.0288    mrr@50 : 0.0292    mrr@100 : 0.0295    precision@5 : 0.0071    precision@10 : 0.004    precision@20 : 0.0024    precision@50 : 0.0013    precision@100 : 0.0008
[2026-07-16 20:08:25,684][root][INFO] - [1;34mSaving current[0m: checkpoint/SASRec-BEST-2025.dom3.ckpt
[2026-07-16 20:08:46,406][root][INFO] - [1;32mepoch 8 training[0m [[1;34mtime[0m: 20.72s, [1;34mtrain loss[0m: 1683.7149]
[2026-07-16 20:08:46,625][root][INFO] - [1;32mepoch 8 evaluating[0m [[1;34mtime[0m: 0.22s, [1;34mvalid_score[0m: 0.031100]
[2026-07-16 20:08:46,625][root][INFO] - [1;34mvalid result[0m: 
hit@5 : 0.0348    hit@10 : 0.0404    hit@20 : 0.0471    hit@50 : 0.0606    hit@100 : 0.0774    ndcg@5 : 0.0293    ndcg@10 : 0.0311    ndcg@20 : 0.0328    ndcg@50 : 0.0354    ndcg@100 : 0.0382    mrr@5 : 0.0275    mrr@10 : 0.0282    mrr@20 : 0.0287    mrr@50 : 0.0291    mrr@100 : 0.0293    precision@5 : 0.007    precision@10 : 0.004    precision@20 : 0.0024    precision@50 : 0.0012    precision@100 : 0.0008
[2026-07-16 20:08:47,337][root][INFO] - [1;34mSaving current[0m: checkpoint/SASRec-BEST-2025.dom3.ckpt
[2026-07-16 20:09:06,761][root][INFO] - [1;32mepoch 9 training[0m [[1;34mtime[0m: 19.42s, [1;34mtrain loss[0m: 1596.0795]
[2026-07-16 20:09:06,965][root][INFO] - [1;32mepoch 9 evaluating[0m [[1;34mtime[0m: 0.20s, [1;34mvalid_score[0m: 0.029600]
[2026-07-16 20:09:06,965][root][INFO] - [1;34mvalid result[0m: 
hit@5 : 0.0333    hit@10 : 0.0383    hit@20 : 0.0459    hit@50 : 0.0598    hit@100 : 0.0777    ndcg@5 : 0.028    ndcg@10 : 0.0296    ndcg@20 : 0.0315    ndcg@50 : 0.0343    ndcg@100 : 0.0372    mrr@5 : 0.0263    mrr@10 : 0.0269    mrr@20 : 0.0274    mrr@50 : 0.0279    mrr@100 : 0.0281    precision@5 : 0.0067    precision@10 : 0.0038    precision@20 : 0.0023    precision@50 : 0.0012    precision@100 : 0.0008
[2026-07-16 20:09:07,672][root][INFO] - [1;34mSaving current[0m: checkpoint/SASRec-BEST-2025.dom3.ckpt
[2026-07-16 20:09:28,149][root][INFO] - [1;32mepoch 10 training[0m [[1;34mtime[0m: 20.47s, [1;34mtrain loss[0m: 1509.0274]
[2026-07-16 20:09:28,372][root][INFO] - [1;32mepoch 10 evaluating[0m [[1;34mtime[0m: 0.22s, [1;34mvalid_score[0m: 0.029700]
[2026-07-16 20:09:28,372][root][INFO] - [1;34mvalid result[0m: 
hit@5 : 0.0333    hit@10 : 0.0385    hit@20 : 0.0441    hit@50 : 0.0591    hit@100 : 0.0757    ndcg@5 : 0.028    ndcg@10 : 0.0297    ndcg@20 : 0.0311    ndcg@50 : 0.034    ndcg@100 : 0.0367    mrr@5 : 0.0263    mrr@10 : 0.027    mrr@20 : 0.0273    mrr@50 : 0.0278    mrr@100 : 0.028    precision@5 : 0.0067    precision@10 : 0.0039    precision@20 : 0.0022    precision@50 : 0.0012    precision@100 : 0.0008
[2026-07-16 20:09:29,098][root][INFO] - [1;34mSaving current[0m: checkpoint/SASRec-BEST-2025.dom3.ckpt
[2026-07-16 20:09:48,913][root][INFO] - [1;32mepoch 11 training[0m [[1;34mtime[0m: 19.81s, [1;34mtrain loss[0m: 1424.9664]
[2026-07-16 20:09:49,120][root][INFO] - [1;32mepoch 11 evaluating[0m [[1;34mtime[0m: 0.21s, [1;34mvalid_score[0m: 0.029300]
[2026-07-16 20:09:49,121][root][INFO] - [1;34mvalid result[0m: 
hit@5 : 0.0327    hit@10 : 0.0376    hit@20 : 0.0447    hit@50 : 0.0584    hit@100 : 0.0732    ndcg@5 : 0.0277    ndcg@10 : 0.0293    ndcg@20 : 0.0311    ndcg@50 : 0.0338    ndcg@100 : 0.0361    mrr@5 : 0.026    mrr@10 : 0.0267    mrr@20 : 0.0272    mrr@50 : 0.0276    mrr@100 : 0.0278    precision@5 : 0.0065    precision@10 : 0.0038    precision@20 : 0.0022    precision@50 : 0.0012    precision@100 : 0.0007
[2026-07-16 20:09:49,861][root][INFO] - [1;34mSaving current[0m: checkpoint/SASRec-BEST-2025.dom3.ckpt
[2026-07-16 20:10:10,814][root][INFO] - [1;32mepoch 12 training[0m [[1;34mtime[0m: 20.95s, [1;34mtrain loss[0m: 1343.8161]
[2026-07-16 20:10:11,018][root][INFO] - [1;32mepoch 12 evaluating[0m [[1;34mtime[0m: 0.20s, [1;34mvalid_score[0m: 0.028800]
[2026-07-16 20:10:11,018][root][INFO] - [1;34mvalid result[0m: 
hit@5 : 0.0315    hit@10 : 0.0368    hit@20 : 0.042    hit@50 : 0.054    hit@100 : 0.0717    ndcg@5 : 0.0271    ndcg@10 : 0.0288    ndcg@20 : 0.0301    ndcg@50 : 0.0325    ndcg@100 : 0.0353    mrr@5 : 0.0256    mrr@10 : 0.0263    mrr@20 : 0.0267    mrr@50 : 0.027    mrr@100 : 0.0273    precision@5 : 0.0063    precision@10 : 0.0037    precision@20 : 0.0021    precision@50 : 0.0011    precision@100 : 0.0007
[2026-07-16 20:10:11,757][root][INFO] - [1;34mSaving current[0m: checkpoint/SASRec-BEST-2025.dom3.ckpt
[2026-07-16 20:10:33,165][root][INFO] - [1;32mepoch 13 training[0m [[1;34mtime[0m: 21.41s, [1;34mtrain loss[0m: 1266.7988]
[2026-07-16 20:10:33,384][root][INFO] - [1;32mepoch 13 evaluating[0m [[1;34mtime[0m: 0.22s, [1;34mvalid_score[0m: 0.027700]
[2026-07-16 20:10:33,384][root][INFO] - [1;34mvalid result[0m: 
hit@5 : 0.0309    hit@10 : 0.0348    hit@20 : 0.0413    hit@50 : 0.054    hit@100 : 0.0705    ndcg@5 : 0.0264    ndcg@10 : 0.0277    ndcg@20 : 0.0293    ndcg@50 : 0.0318    ndcg@100 : 0.0345    mrr@5 : 0.0249    mrr@10 : 0.0255    mrr@20 : 0.0259    mrr@50 : 0.0263    mrr@100 : 0.0265    precision@5 : 0.0062    precision@10 : 0.0035    precision@20 : 0.0021    precision@50 : 0.0011    precision@100 : 0.0007
[2026-07-16 20:10:34,070][root][INFO] - [1;34mSaving current[0m: checkpoint/SASRec-BEST-2025.dom3.ckpt
[2026-07-16 20:10:55,217][root][INFO] - [1;32mepoch 14 training[0m [[1;34mtime[0m: 21.15s, [1;34mtrain loss[0m: 1191.6136]
[2026-07-16 20:10:55,434][root][INFO] - [1;32mepoch 14 evaluating[0m [[1;34mtime[0m: 0.22s, [1;34mvalid_score[0m: 0.027500]
[2026-07-16 20:10:55,434][root][INFO] - [1;34mvalid result[0m: 
hit@5 : 0.0305    hit@10 : 0.0345    hit@20 : 0.0408    hit@50 : 0.0524    hit@100 : 0.0692    ndcg@5 : 0.0262    ndcg@10 : 0.0275    ndcg@20 : 0.029    ndcg@50 : 0.0313    ndcg@100 : 0.034    mrr@5 : 0.0247    mrr@10 : 0.0253    mrr@20 : 0.0257    mrr@50 : 0.026    mrr@100 : 0.0263    precision@5 : 0.0061    precision@10 : 0.0035    precision@20 : 0.002    precision@50 : 0.001    precision@100 : 0.0007
[2026-07-16 20:10:56,164][root][INFO] - [1;34mSaving current[0m: checkpoint/SASRec-BEST-2025.dom3.ckpt
[2026-07-16 20:11:17,147][root][INFO] - [1;32mepoch 15 training[0m [[1;34mtime[0m: 20.98s, [1;34mtrain loss[0m: 1122.2112]
[2026-07-16 20:11:17,350][root][INFO] - [1;32mepoch 15 evaluating[0m [[1;34mtime[0m: 0.20s, [1;34mvalid_score[0m: 0.027500]
[2026-07-16 20:11:17,351][root][INFO] - [1;34mvalid result[0m: 
hit@5 : 0.0302    hit@10 : 0.0344    hit@20 : 0.0396    hit@50 : 0.0513    hit@100 : 0.0676    ndcg@5 : 0.0261    ndcg@10 : 0.0275    ndcg@20 : 0.0288    ndcg@50 : 0.0311    ndcg@100 : 0.0337    mrr@5 : 0.0248    mrr@10 : 0.0253    mrr@20 : 0.0257    mrr@50 : 0.026    mrr@100 : 0.0263    precision@5 : 0.006    precision@10 : 0.0034    precision@20 : 0.002    precision@50 : 0.001    precision@100 : 0.0007
[2026-07-16 20:11:18,076][root][INFO] - [1;34mSaving current[0m: checkpoint/SASRec-BEST-2025.dom3.ckpt
[2026-07-16 20:11:39,367][root][INFO] - [1;32mepoch 16 training[0m [[1;34mtime[0m: 21.29s, [1;34mtrain loss[0m: 1056.7099]
[2026-07-16 20:11:39,580][root][INFO] - [1;32mepoch 16 evaluating[0m [[1;34mtime[0m: 0.21s, [1;34mvalid_score[0m: 0.026400]
[2026-07-16 20:11:39,580][root][INFO] - [1;34mvalid result[0m: 
hit@5 : 0.0299    hit@10 : 0.0334    hit@20 : 0.0381    hit@50 : 0.0498    hit@100 : 0.0665    ndcg@5 : 0.0253    ndcg@10 : 0.0264    ndcg@20 : 0.0277    ndcg@50 : 0.03    ndcg@100 : 0.0326    mrr@5 : 0.0238    mrr@10 : 0.0243    mrr@20 : 0.0246    mrr@50 : 0.025    mrr@100 : 0.0252    precision@5 : 0.006    precision@10 : 0.0033    precision@20 : 0.0019    precision@50 : 0.001    precision@100 : 0.0007
[2026-07-16 20:11:40,339][root][INFO] - [1;34mSaving current[0m: checkpoint/SASRec-BEST-2025.dom3.ckpt
[2026-07-16 20:12:01,046][root][INFO] - [1;32mepoch 17 training[0m [[1;34mtime[0m: 20.71s, [1;34mtrain loss[0m: 992.6088]
[2026-07-16 20:12:01,281][root][INFO] - [1;32mepoch 17 evaluating[0m [[1;34mtime[0m: 0.23s, [1;34mvalid_score[0m: 0.026600]
[2026-07-16 20:12:01,281][root][INFO] - [1;34mvalid result[0m: 
hit@5 : 0.0294    hit@10 : 0.0338    hit@20 : 0.0381    hit@50 : 0.0492    hit@100 : 0.0644    ndcg@5 : 0.0252    ndcg@10 : 0.0266    ndcg@20 : 0.0277    ndcg@50 : 0.0299    ndcg@100 : 0.0323    mrr@5 : 0.0238    mrr@10 : 0.0244    mrr@20 : 0.0247    mrr@50 : 0.025    mrr@100 : 0.0252    precision@5 : 0.0059    precision@10 : 0.0034    precision@20 : 0.0019    precision@50 : 0.001    precision@100 : 0.0006
[2026-07-16 20:12:01,990][root][INFO] - [1;34mSaving current[0m: checkpoint/SASRec-BEST-2025.dom3.ckpt
[2026-07-16 20:12:22,520][root][INFO] - [1;32mepoch 18 training[0m [[1;34mtime[0m: 20.53s, [1;34mtrain loss[0m: 935.4926]
[2026-07-16 20:12:22,723][root][INFO] - [1;32mepoch 18 evaluating[0m [[1;34mtime[0m: 0.20s, [1;34mvalid_score[0m: 0.026000]
[2026-07-16 20:12:22,723][root][INFO] - [1;34mvalid result[0m: 
hit@5 : 0.0288    hit@10 : 0.0326    hit@20 : 0.0378    hit@50 : 0.0488    hit@100 : 0.0629    ndcg@5 : 0.0248    ndcg@10 : 0.026    ndcg@20 : 0.0273    ndcg@50 : 0.0295    ndcg@100 : 0.0318    mrr@5 : 0.0235    mrr@10 : 0.024    mrr@20 : 0.0243    mrr@50 : 0.0247    mrr@100 : 0.0249    precision@5 : 0.0058    precision@10 : 0.0033    precision@20 : 0.0019    precision@50 : 0.001    precision@100 : 0.0006
[2026-07-16 20:12:23,485][root][INFO] - [1;34mSaving current[0m: checkpoint/SASRec-BEST-2025.dom3.ckpt
[2026-07-16 20:12:44,545][root][INFO] - [1;32mepoch 19 training[0m [[1;34mtime[0m: 21.06s, [1;34mtrain loss[0m: 881.9670]
[2026-07-16 20:12:44,750][root][INFO] - [1;32mepoch 19 evaluating[0m [[1;34mtime[0m: 0.20s, [1;34mvalid_score[0m: 0.025600]
[2026-07-16 20:12:44,750][root][INFO] - [1;34mvalid result[0m: 
hit@5 : 0.0282    hit@10 : 0.0319    hit@20 : 0.0375    hit@50 : 0.0476    hit@100 : 0.0627    ndcg@5 : 0.0244    ndcg@10 : 0.0256    ndcg@20 : 0.027    ndcg@50 : 0.029    ndcg@100 : 0.0314    mrr@5 : 0.0231    mrr@10 : 0.0236    mrr@20 : 0.024    mrr@50 : 0.0243    mrr@100 : 0.0245    precision@5 : 0.0056    precision@10 : 0.0032    precision@20 : 0.0019    precision@50 : 0.001    precision@100 : 0.0006
[2026-07-16 20:12:45,108][root][INFO] - [1;34mSaving current[0m: checkpoint/SASRec-BEST-2025.dom3.ckpt
[2026-07-16 20:12:45,286][root][INFO] - Loading model structure and parameters from checkpoint/SASRec-BEST-2025.dom3.ckpt
[2026-07-16 20:12:45,493][__main__][INFO] - [1;33mdom3 test [0m: OrderedDict([('hit@5', 0.0201), ('hit@10', 0.0235), ('hit@20', 0.028), ('hit@50', 0.0375), ('hit@100', 0.0485), ('ndcg@5', 0.0181), ('ndcg@10', 0.0192), ('ndcg@20', 0.0203), ('ndcg@50', 0.0222), ('ndcg@100', 0.024), ('mrr@5', 0.0175), ('mrr@10', 0.0179), ('mrr@20', 0.0182), ('mrr@50', 0.0185), ('mrr@100', 0.0187), ('precision@5', 0.004), ('precision@10', 0.0023), ('precision@20', 0.0014), ('precision@50', 0.0008), ('precision@100', 0.0005)])
[2026-07-16 20:12:45,930][__main__][INFO] - Full checkpoint loaded !
[2026-07-16 20:13:05,728][root][INFO] - [1;32mepoch 0 training[0m [[1;34mtime[0m: 19.80s, [1;34mtrain loss[0m: 2569.3730]
[2026-07-16 20:13:06,003][root][INFO] - [1;32mepoch 0 evaluating[0m [[1;34mtime[0m: 0.27s, [1;34mvalid_score[0m: 0.025300]
[2026-07-16 20:13:06,003][root][INFO] - [1;34mvalid result[0m: 
hit@5 : 0.0295    hit@10 : 0.0342    hit@20 : 0.0408    hit@50 : 0.0573    hit@100 : 0.0746    ndcg@5 : 0.0238    ndcg@10 : 0.0253    ndcg@20 : 0.027    ndcg@50 : 0.0302    ndcg@100 : 0.033    mrr@5 : 0.0219    mrr@10 : 0.0225    mrr@20 : 0.023    mrr@50 : 0.0235    mrr@100 : 0.0237    precision@5 : 0.0059    precision@10 : 0.0034    precision@20 : 0.002    precision@50 : 0.0011    precision@100 : 0.0007
[2026-07-16 20:13:06,350][root][INFO] - [1;34mSaving current[0m: checkpoint/SASRec-BEST-2025.dom4.ckpt
[2026-07-16 20:13:26,423][root][INFO] - [1;32mepoch 1 training[0m [[1;34mtime[0m: 20.07s, [1;34mtrain loss[0m: 2421.2429]
[2026-07-16 20:13:26,708][root][INFO] - [1;32mepoch 1 evaluating[0m [[1;34mtime[0m: 0.28s, [1;34mvalid_score[0m: 0.025700]
[2026-07-16 20:13:26,708][root][INFO] - [1;34mvalid result[0m: 
hit@5 : 0.0299    hit@10 : 0.0348    hit@20 : 0.0424    hit@50 : 0.0594    hit@100 : 0.0776    ndcg@5 : 0.0241    ndcg@10 : 0.0257    ndcg@20 : 0.0276    ndcg@50 : 0.0309    ndcg@100 : 0.0339    mrr@5 : 0.0221    mrr@10 : 0.0228    mrr@20 : 0.0233    mrr@50 : 0.0238    mrr@100 : 0.0241    precision@5 : 0.006    precision@10 : 0.0035    precision@20 : 0.0021    precision@50 : 0.0012    precision@100 : 0.0008
[2026-07-16 20:13:27,489][root][INFO] - [1;34mSaving current[0m: checkpoint/SASRec-BEST-2025.dom4.ckpt
[2026-07-16 20:13:47,364][root][INFO] - [1;32mepoch 2 training[0m [[1;34mtime[0m: 19.87s, [1;34mtrain loss[0m: 2308.0153]
[2026-07-16 20:13:47,645][root][INFO] - [1;32mepoch 2 evaluating[0m [[1;34mtime[0m: 0.28s, [1;34mvalid_score[0m: 0.025600]
[2026-07-16 20:13:47,645][root][INFO] - [1;34mvalid result[0m: 
hit@5 : 0.0295    hit@10 : 0.0345    hit@20 : 0.0421    hit@50 : 0.0581    hit@100 : 0.0754    ndcg@5 : 0.024    ndcg@10 : 0.0256    ndcg@20 : 0.0275    ndcg@50 : 0.0307    ndcg@100 : 0.0335    mrr@5 : 0.0222    mrr@10 : 0.0228    mrr@20 : 0.0234    mrr@50 : 0.0239    mrr@100 : 0.0241    precision@5 : 0.0059    precision@10 : 0.0035    precision@20 : 0.0021    precision@50 : 0.0012    precision@100 : 0.0008
[2026-07-16 20:13:47,986][root][INFO] - [1;34mSaving current[0m: checkpoint/SASRec-BEST-2025.dom4.ckpt
[2026-07-16 20:14:07,751][root][INFO] - [1;32mepoch 3 training[0m [[1;34mtime[0m: 19.76s, [1;34mtrain loss[0m: 2202.1820]
[2026-07-16 20:14:08,031][root][INFO] - [1;32mepoch 3 evaluating[0m [[1;34mtime[0m: 0.28s, [1;34mvalid_score[0m: 0.025600]
[2026-07-16 20:14:08,031][root][INFO] - [1;34mvalid result[0m: 
hit@5 : 0.0292    hit@10 : 0.0345    hit@20 : 0.0408    hit@50 : 0.0564    hit@100 : 0.0759    ndcg@5 : 0.0238    ndcg@10 : 0.0256    ndcg@20 : 0.0271    ndcg@50 : 0.0302    ndcg@100 : 0.0334    mrr@5 : 0.022    mrr@10 : 0.0227    mrr@20 : 0.0232    mrr@50 : 0.0237    mrr@100 : 0.024    precision@5 : 0.0058    precision@10 : 0.0035    precision@20 : 0.002    precision@50 : 0.0011    precision@100 : 0.0008
[2026-07-16 20:14:08,747][root][INFO] - [1;34mSaving current[0m: checkpoint/SASRec-BEST-2025.dom4.ckpt
[2026-07-16 20:14:28,957][root][INFO] - [1;32mepoch 4 training[0m [[1;34mtime[0m: 20.21s, [1;34mtrain loss[0m: 2100.9105]
[2026-07-16 20:14:29,239][root][INFO] - [1;32mepoch 4 evaluating[0m [[1;34mtime[0m: 0.28s, [1;34mvalid_score[0m: 0.025400]
[2026-07-16 20:14:29,240][root][INFO] - [1;34mvalid result[0m: 
hit@5 : 0.0291    hit@10 : 0.0348    hit@20 : 0.0396    hit@50 : 0.055    hit@100 : 0.0723    ndcg@5 : 0.0236    ndcg@10 : 0.0254    ndcg@20 : 0.0267    ndcg@50 : 0.0297    ndcg@100 : 0.0325    mrr@5 : 0.0218    mrr@10 : 0.0225    mrr@20 : 0.0229    mrr@50 : 0.0233    mrr@100 : 0.0236    precision@5 : 0.0058    precision@10 : 0.0035    precision@20 : 0.002    precision@50 : 0.0011    precision@100 : 0.0007
[2026-07-16 20:14:29,582][root][INFO] - [1;34mSaving current[0m: checkpoint/SASRec-BEST-2025.dom4.ckpt
[2026-07-16 20:14:49,642][root][INFO] - [1;32mepoch 5 training[0m [[1;34mtime[0m: 20.06s, [1;34mtrain loss[0m: 2002.7720]
[2026-07-16 20:14:49,923][root][INFO] - [1;32mepoch 5 evaluating[0m [[1;34mtime[0m: 0.28s, [1;34mvalid_score[0m: 0.025100]
[2026-07-16 20:14:49,923][root][INFO] - [1;34mvalid result[0m: 
hit@5 : 0.0286    hit@10 : 0.0338    hit@20 : 0.0401    hit@50 : 0.0547    hit@100 : 0.0718    ndcg@5 : 0.0234    ndcg@10 : 0.0251    ndcg@20 : 0.0267    ndcg@50 : 0.0295    ndcg@100 : 0.0323    mrr@5 : 0.0217    mrr@10 : 0.0224    mrr@20 : 0.0228    mrr@50 : 0.0233    mrr@100 : 0.0235    precision@5 : 0.0057    precision@10 : 0.0034    precision@20 : 0.002    precision@50 : 0.0011    precision@100 : 0.0007
[2026-07-16 20:14:50,634][root][INFO] - [1;34mSaving current[0m: checkpoint/SASRec-BEST-2025.dom4.ckpt
[2026-07-16 20:15:10,880][root][INFO] - [1;32mepoch 6 training[0m [[1;34mtime[0m: 20.25s, [1;34mtrain loss[0m: 1905.4323]
[2026-07-16 20:15:11,170][root][INFO] - [1;32mepoch 6 evaluating[0m [[1;34mtime[0m: 0.29s, [1;34mvalid_score[0m: 0.024200]
[2026-07-16 20:15:11,170][root][INFO] - [1;34mvalid result[0m: 
hit@5 : 0.0271    hit@10 : 0.0322    hit@20 : 0.0383    hit@50 : 0.052    hit@100 : 0.0675    ndcg@5 : 0.0226    ndcg@10 : 0.0242    ndcg@20 : 0.0258    ndcg@50 : 0.0285    ndcg@100 : 0.031    mrr@5 : 0.021    mrr@10 : 0.0217    mrr@20 : 0.0222    mrr@50 : 0.0226    mrr@100 : 0.0228    precision@5 : 0.0054    precision@10 : 0.0032    precision@20 : 0.0019    precision@50 : 0.001    precision@100 : 0.0007
[2026-07-16 20:15:11,987][root][INFO] - [1;34mSaving current[0m: checkpoint/SASRec-BEST-2025.dom4.ckpt
[2026-07-16 20:15:32,106][root][INFO] - [1;32mepoch 7 training[0m [[1;34mtime[0m: 20.12s, [1;34mtrain loss[0m: 1809.3222]
[2026-07-16 20:15:32,395][root][INFO] - [1;32mepoch 7 evaluating[0m [[1;34mtime[0m: 0.29s, [1;34mvalid_score[0m: 0.024000]
[2026-07-16 20:15:32,395][root][INFO] - [1;34mvalid result[0m: 
hit@5 : 0.0271    hit@10 : 0.0319    hit@20 : 0.0369    hit@50 : 0.051    hit@100 : 0.0657    ndcg@5 : 0.0224    ndcg@10 : 0.024    ndcg@20 : 0.0253    ndcg@50 : 0.028    ndcg@100 : 0.0304    mrr@5 : 0.0209    mrr@10 : 0.0215    mrr@20 : 0.0219    mrr@50 : 0.0223    mrr@100 : 0.0225    precision@5 : 0.0054    precision@10 : 0.0032    precision@20 : 0.0018    precision@50 : 0.001    precision@100 : 0.0007
[2026-07-16 20:15:33,237][root][INFO] - [1;34mSaving current[0m: checkpoint/SASRec-BEST-2025.dom4.ckpt
[2026-07-16 20:15:53,439][root][INFO] - [1;32mepoch 8 training[0m [[1;34mtime[0m: 20.20s, [1;34mtrain loss[0m: 1714.9293]
[2026-07-16 20:15:53,720][root][INFO] - [1;32mepoch 8 evaluating[0m [[1;34mtime[0m: 0.28s, [1;34mvalid_score[0m: 0.023400]
[2026-07-16 20:15:53,720][root][INFO] - [1;34mvalid result[0m: 
hit@5 : 0.0264    hit@10 : 0.0305    hit@20 : 0.0354    hit@50 : 0.049    hit@100 : 0.0622    ndcg@5 : 0.0221    ndcg@10 : 0.0234    ndcg@20 : 0.0246    ndcg@50 : 0.0273    ndcg@100 : 0.0294    mrr@5 : 0.0206    mrr@10 : 0.0211    mrr@20 : 0.0215    mrr@50 : 0.0219    mrr@100 : 0.0221    precision@5 : 0.0053    precision@10 : 0.0031    precision@20 : 0.0018    precision@50 : 0.001    precision@100 : 0.0006
[2026-07-16 20:15:54,421][root][INFO] - [1;34mSaving current[0m: checkpoint/SASRec-BEST-2025.dom4.ckpt
[2026-07-16 20:16:14,365][root][INFO] - [1;32mepoch 9 training[0m [[1;34mtime[0m: 19.94s, [1;34mtrain loss[0m: 1622.2354]
[2026-07-16 20:16:14,644][root][INFO] - [1;32mepoch 9 evaluating[0m [[1;34mtime[0m: 0.28s, [1;34mvalid_score[0m: 0.022700]
[2026-07-16 20:16:14,645][root][INFO] - [1;34mvalid result[0m: 
hit@5 : 0.0258    hit@10 : 0.0299    hit@20 : 0.0353    hit@50 : 0.047    hit@100 : 0.0601    ndcg@5 : 0.0214    ndcg@10 : 0.0227    ndcg@20 : 0.0241    ndcg@50 : 0.0264    ndcg@100 : 0.0285    mrr@5 : 0.0199    mrr@10 : 0.0205    mrr@20 : 0.0208    mrr@50 : 0.0212    mrr@100 : 0.0214    precision@5 : 0.0052    precision@10 : 0.003    precision@20 : 0.0018    precision@50 : 0.0009    precision@100 : 0.0006
[2026-07-16 20:16:15,396][root][INFO] - [1;34mSaving current[0m: checkpoint/SASRec-BEST-2025.dom4.ckpt
[2026-07-16 20:16:35,575][root][INFO] - [1;32mepoch 10 training[0m [[1;34mtime[0m: 20.18s, [1;34mtrain loss[0m: 1531.1983]
[2026-07-16 20:16:35,861][root][INFO] - [1;32mepoch 10 evaluating[0m [[1;34mtime[0m: 0.28s, [1;34mvalid_score[0m: 0.022100]
[2026-07-16 20:16:35,862][root][INFO] - [1;34mvalid result[0m: 
hit@5 : 0.0249    hit@10 : 0.0288    hit@20 : 0.0351    hit@50 : 0.0457    hit@100 : 0.0597    ndcg@5 : 0.0209    ndcg@10 : 0.0221    ndcg@20 : 0.0237    ndcg@50 : 0.0258    ndcg@100 : 0.0281    mrr@5 : 0.0196    mrr@10 : 0.0201    mrr@20 : 0.0205    mrr@50 : 0.0208    mrr@100 : 0.021    precision@5 : 0.005    precision@10 : 0.0029    precision@20 : 0.0018    precision@50 : 0.0009    precision@100 : 0.0006
[2026-07-16 20:16:36,592][root][INFO] - [1;34mSaving current[0m: checkpoint/SASRec-BEST-2025.dom4.ckpt
[2026-07-16 20:16:56,731][root][INFO] - [1;32mepoch 11 training[0m [[1;34mtime[0m: 20.14s, [1;34mtrain loss[0m: 1441.1051]
[2026-07-16 20:16:57,031][root][INFO] - [1;32mepoch 11 evaluating[0m [[1;34mtime[0m: 0.30s, [1;34mvalid_score[0m: 0.021600]
[2026-07-16 20:16:57,031][root][INFO] - [1;34mvalid result[0m: 
hit@5 : 0.0244    hit@10 : 0.0281    hit@20 : 0.0335    hit@50 : 0.0442    hit@100 : 0.0571    ndcg@5 : 0.0204    ndcg@10 : 0.0216    ndcg@20 : 0.0229    ndcg@50 : 0.025    ndcg@100 : 0.0271    mrr@5 : 0.019    mrr@10 : 0.0195    mrr@20 : 0.0199    mrr@50 : 0.0202    mrr@100 : 0.0204    precision@5 : 0.0049    precision@10 : 0.0028    precision@20 : 0.0017    precision@50 : 0.0009    precision@100 : 0.0006
[2026-07-16 20:16:57,750][root][INFO] - [1;34mSaving current[0m: checkpoint/SASRec-BEST-2025.dom4.ckpt
[2026-07-16 20:17:18,007][root][INFO] - [1;32mepoch 12 training[0m [[1;34mtime[0m: 20.26s, [1;34mtrain loss[0m: 1353.1113]
[2026-07-16 20:17:18,294][root][INFO] - [1;32mepoch 12 evaluating[0m [[1;34mtime[0m: 0.29s, [1;34mvalid_score[0m: 0.021300]
[2026-07-16 20:17:18,294][root][INFO] - [1;34mvalid result[0m: 
hit@5 : 0.0241    hit@10 : 0.0277    hit@20 : 0.0327    hit@50 : 0.0427    hit@100 : 0.0543    ndcg@5 : 0.0202    ndcg@10 : 0.0213    ndcg@20 : 0.0225    ndcg@50 : 0.0245    ndcg@100 : 0.0264    mrr@5 : 0.0188    mrr@10 : 0.0193    mrr@20 : 0.0196    mrr@50 : 0.0199    mrr@100 : 0.0201    precision@5 : 0.0048    precision@10 : 0.0028    precision@20 : 0.0016    precision@50 : 0.0009    precision@100 : 0.0005
[2026-07-16 20:17:19,041][root][INFO] - [1;34mSaving current[0m: checkpoint/SASRec-BEST-2025.dom4.ckpt
[2026-07-16 20:17:39,221][root][INFO] - [1;32mepoch 13 training[0m [[1;34mtime[0m: 20.18s, [1;34mtrain loss[0m: 1271.7627]
[2026-07-16 20:17:39,508][root][INFO] - [1;32mepoch 13 evaluating[0m [[1;34mtime[0m: 0.29s, [1;34mvalid_score[0m: 0.021100]
[2026-07-16 20:17:39,508][root][INFO] - [1;34mvalid result[0m: 
hit@5 : 0.024    hit@10 : 0.0273    hit@20 : 0.0322    hit@50 : 0.0419    hit@100 : 0.0535    ndcg@5 : 0.02    ndcg@10 : 0.0211    ndcg@20 : 0.0223    ndcg@50 : 0.0242    ndcg@100 : 0.0261    mrr@5 : 0.0187    mrr@10 : 0.0191    mrr@20 : 0.0195    mrr@50 : 0.0198    mrr@100 : 0.0199    precision@5 : 0.0048    precision@10 : 0.0027    precision@20 : 0.0016    precision@50 : 0.0008    precision@100 : 0.0005
[2026-07-16 20:17:40,205][root][INFO] - [1;34mSaving current[0m: checkpoint/SASRec-BEST-2025.dom4.ckpt
[2026-07-16 20:17:59,920][root][INFO] - [1;32mepoch 14 training[0m [[1;34mtime[0m: 19.71s, [1;34mtrain loss[0m: 1189.6950]
[2026-07-16 20:18:00,200][root][INFO] - [1;32mepoch 14 evaluating[0m [[1;34mtime[0m: 0.28s, [1;34mvalid_score[0m: 0.020700]
[2026-07-16 20:18:00,201][root][INFO] - [1;34mvalid result[0m: 
hit@5 : 0.0232    hit@10 : 0.0266    hit@20 : 0.0317    hit@50 : 0.0409    hit@100 : 0.0524    ndcg@5 : 0.0196    ndcg@10 : 0.0207    ndcg@20 : 0.022    ndcg@50 : 0.0238    ndcg@100 : 0.0257    mrr@5 : 0.0184    mrr@10 : 0.0189    mrr@20 : 0.0192    mrr@50 : 0.0195    mrr@100 : 0.0197    precision@5 : 0.0046    precision@10 : 0.0027    precision@20 : 0.0016    precision@50 : 0.0008    precision@100 : 0.0005
[2026-07-16 20:18:00,891][root][INFO] - [1;34mSaving current[0m: checkpoint/SASRec-BEST-2025.dom4.ckpt
[2026-07-16 20:18:20,957][root][INFO] - [1;32mepoch 15 training[0m [[1;34mtime[0m: 20.07s, [1;34mtrain loss[0m: 1114.1837]
[2026-07-16 20:18:21,238][root][INFO] - [1;32mepoch 15 evaluating[0m [[1;34mtime[0m: 0.28s, [1;34mvalid_score[0m: 0.020500]
[2026-07-16 20:18:21,238][root][INFO] - [1;34mvalid result[0m: 
hit@5 : 0.0231    hit@10 : 0.0264    hit@20 : 0.0305    hit@50 : 0.0398    hit@100 : 0.0521    ndcg@5 : 0.0195    ndcg@10 : 0.0205    ndcg@20 : 0.0216    ndcg@50 : 0.0234    ndcg@100 : 0.0254    mrr@5 : 0.0183    mrr@10 : 0.0187    mrr@20 : 0.019    mrr@50 : 0.0193    mrr@100 : 0.0195    precision@5 : 0.0046    precision@10 : 0.0026    precision@20 : 0.0015    precision@50 : 0.0008    precision@100 : 0.0005
[2026-07-16 20:18:21,943][root][INFO] - [1;34mSaving current[0m: checkpoint/SASRec-BEST-2025.dom4.ckpt
[2026-07-16 20:18:41,313][root][INFO] - [1;32mepoch 16 training[0m [[1;34mtime[0m: 19.37s, [1;34mtrain loss[0m: 1043.0524]
[2026-07-16 20:18:41,596][root][INFO] - [1;32mepoch 16 evaluating[0m [[1;34mtime[0m: 0.28s, [1;34mvalid_score[0m: 0.020000]
[2026-07-16 20:18:41,597][root][INFO] - [1;34mvalid result[0m: 
hit@5 : 0.0224    hit@10 : 0.0254    hit@20 : 0.0303    hit@50 : 0.039    hit@100 : 0.0505    ndcg@5 : 0.019    ndcg@10 : 0.02    ndcg@20 : 0.0212    ndcg@50 : 0.0229    ndcg@100 : 0.0248    mrr@5 : 0.0179    mrr@10 : 0.0183    mrr@20 : 0.0186    mrr@50 : 0.0189    mrr@100 : 0.019    precision@5 : 0.0045    precision@10 : 0.0025    precision@20 : 0.0015    precision@50 : 0.0008    precision@100 : 0.0005
[2026-07-16 20:18:42,328][root][INFO] - [1;34mSaving current[0m: checkpoint/SASRec-BEST-2025.dom4.ckpt
[2026-07-16 20:19:02,405][root][INFO] - [1;32mepoch 17 training[0m [[1;34mtime[0m: 20.08s, [1;34mtrain loss[0m: 975.5084]
[2026-07-16 20:19:02,686][root][INFO] - [1;32mepoch 17 evaluating[0m [[1;34mtime[0m: 0.28s, [1;34mvalid_score[0m: 0.020200]
[2026-07-16 20:19:02,687][root][INFO] - [1;34mvalid result[0m: 
hit@5 : 0.0227    hit@10 : 0.0259    hit@20 : 0.0302    hit@50 : 0.0397    hit@100 : 0.0501    ndcg@5 : 0.0191    ndcg@10 : 0.0202    ndcg@20 : 0.0213    ndcg@50 : 0.0231    ndcg@100 : 0.0248    mrr@5 : 0.0179    mrr@10 : 0.0184    mrr@20 : 0.0187    mrr@50 : 0.019    mrr@100 : 0.0191    precision@5 : 0.0045    precision@10 : 0.0026    precision@20 : 0.0015    precision@50 : 0.0008    precision@100 : 0.0005
[2026-07-16 20:19:03,392][root][INFO] - [1;34mSaving current[0m: checkpoint/SASRec-BEST-2025.dom4.ckpt
[2026-07-16 20:19:23,224][root][INFO] - [1;32mepoch 18 training[0m [[1;34mtime[0m: 19.83s, [1;34mtrain loss[0m: 914.8707]
[2026-07-16 20:19:23,503][root][INFO] - [1;32mepoch 18 evaluating[0m [[1;34mtime[0m: 0.28s, [1;34mvalid_score[0m: 0.019500]
[2026-07-16 20:19:23,503][root][INFO] - [1;34mvalid result[0m: 
hit@5 : 0.0217    hit@10 : 0.0255    hit@20 : 0.0295    hit@50 : 0.0375    hit@100 : 0.0483    ndcg@5 : 0.0183    ndcg@10 : 0.0195    ndcg@20 : 0.0205    ndcg@50 : 0.0221    ndcg@100 : 0.0239    mrr@5 : 0.0172    mrr@10 : 0.0177    mrr@20 : 0.018    mrr@50 : 0.0182    mrr@100 : 0.0184    precision@5 : 0.0043    precision@10 : 0.0026    precision@20 : 0.0015    precision@50 : 0.0007    precision@100 : 0.0005
[2026-07-16 20:19:24,223][root][INFO] - [1;34mSaving current[0m: checkpoint/SASRec-BEST-2025.dom4.ckpt
[2026-07-16 20:19:44,365][root][INFO] - [1;32mepoch 19 training[0m [[1;34mtime[0m: 20.14s, [1;34mtrain loss[0m: 858.8623]
[2026-07-16 20:19:44,651][root][INFO] - [1;32mepoch 19 evaluating[0m [[1;34mtime[0m: 0.28s, [1;34mvalid_score[0m: 0.019100]
[2026-07-16 20:19:44,651][root][INFO] - [1;34mvalid result[0m: 
hit@5 : 0.0212    hit@10 : 0.0244    hit@20 : 0.0291    hit@50 : 0.0365    hit@100 : 0.048    ndcg@5 : 0.018    ndcg@10 : 0.0191    ndcg@20 : 0.0202    ndcg@50 : 0.0217    ndcg@100 : 0.0235    mrr@5 : 0.0169    mrr@10 : 0.0174    mrr@20 : 0.0177    mrr@50 : 0.0179    mrr@100 : 0.0181    precision@5 : 0.0042    precision@10 : 0.0024    precision@20 : 0.0015    precision@50 : 0.0007    precision@100 : 0.0005
[2026-07-16 20:19:45,356][root][INFO] - [1;34mSaving current[0m: checkpoint/SASRec-BEST-2025.dom4.ckpt
[2026-07-16 20:19:45,548][root][INFO] - Loading model structure and parameters from checkpoint/SASRec-BEST-2025.dom4.ckpt
[2026-07-16 20:19:45,865][__main__][INFO] - [1;33mdom4 test [0m: OrderedDict([('hit@5', 0.0176), ('hit@10', 0.0199), ('hit@20', 0.0235), ('hit@50', 0.0313), ('hit@100', 0.0413), ('ndcg@5', 0.0153), ('ndcg@10', 0.0161), ('ndcg@20', 0.017), ('ndcg@50', 0.0185), ('ndcg@100', 0.0201), ('mrr@5', 0.0145), ('mrr@10', 0.0149), ('mrr@20', 0.0151), ('mrr@50', 0.0154), ('mrr@100', 0.0155), ('precision@5', 0.0035), ('precision@10', 0.002), ('precision@20', 0.0012), ('precision@50', 0.0006), ('precision@100', 0.0004)])
