[2026-07-16 23:01:44,830][root][WARNING] - command line args [-m stage=tun gpu_id=0 seed=2025 train_type=full target_dom=dom4] will not be used in RecBole
[2026-07-16 23:01:44,967][__main__][INFO] - 
[1;35mGeneral Hyper Parameters:
[0m[1;36mgpu_id[0m =[1;33m 0[0m
[1;36muse_gpu[0m =[1;33m True[0m
[1;36mseed[0m =[1;33m 2025[0m
[1;36mstate[0m =[1;33m INFO[0m
[1;36mreproducibility[0m =[1;33m True[0m
[1;36mdata_path[0m =[1;33m dataset/BEST[0m
[1;36mcheckpoint_dir[0m =[1;33m checkpoint[0m
[1;36mshow_progress[0m =[1;33m True[0m
[1;36msave_dataset[0m =[1;33m False[0m
[1;36mdataset_save_path[0m =[1;33m None[0m
[1;36msave_dataloaders[0m =[1;33m False[0m
[1;36mdataloaders_save_path[0m =[1;33m None[0m
[1;36mlog_wandb[0m =[1;33m False[0m

[1;35mTraining Hyper Parameters:
[0m[1;36mepochs[0m =[1;33m 300[0m
[1;36mtrain_batch_size[0m =[1;33m 128[0m
[1;36mlearner[0m =[1;33m adam[0m
[1;36mlearning_rate[0m =[1;33m 0.0003[0m
[1;36mtrain_neg_sample_args[0m =[1;33m {'distribution': 'none', 'sample_num': 'none', 'alpha': 'none', 'dynamic': False, 'candidate_num': 0}[0m
[1;36meval_step[0m =[1;33m 1[0m
[1;36mstopping_step[0m =[1;33m 10[0m
[1;36mclip_grad_norm[0m =[1;33m None[0m
[1;36mweight_decay[0m =[1;33m 0.0[0m
[1;36mloss_decimal_place[0m =[1;33m 4[0m

[1;35mEvaluation Hyper Parameters:
[0m[1;36meval_args[0m =[1;33m {'split': {'LS': 'valid_and_test'}, 'order': 'TO', 'group_by': 'user', 'mode': {'valid': 'full', 'test': 'full'}}[0m
[1;36mrepeatable[0m =[1;33m True[0m
[1;36mmetrics[0m =[1;33m ['HIT', 'NDCG', 'MRR', 'Precision'][0m
[1;36mtopk[0m =[1;33m [5, 10, 20, 50, 100][0m
[1;36mvalid_metric[0m =[1;33m NDCG@10[0m
[1;36mvalid_metric_bigger[0m =[1;33m True[0m
[1;36meval_batch_size[0m =[1;33m 4096[0m
[1;36mmetric_decimal_place[0m =[1;33m 4[0m

[1;35mDataset Hyper Parameters:
[0m[1;36mfield_separator[0m =[1;33m 	[0m
[1;36mseq_separator[0m =[1;33m  [0m
[1;36mUSER_ID_FIELD[0m =[1;33m user_id[0m
[1;36mITEM_ID_FIELD[0m =[1;33m item_id[0m
[1;36mRATING_FIELD[0m =[1;33m rating[0m
[1;36mTIME_FIELD[0m =[1;33m timestamp[0m
[1;36mseq_len[0m =[1;33m None[0m
[1;36mLABEL_FIELD[0m =[1;33m label[0m
[1;36mthreshold[0m =[1;33m None[0m
[1;36mNEG_PREFIX[0m =[1;33m neg_[0m
[1;36mload_col[0m =[1;33m {'inter': ['user_id', 'item_id_list', 'item_id']}[0m
[1;36munload_col[0m =[1;33m None[0m
[1;36munused_col[0m =[1;33m None[0m
[1;36madditional_feat_suffix[0m =[1;33m None[0m
[1;36mrm_dup_inter[0m =[1;33m None[0m
[1;36mval_interval[0m =[1;33m None[0m
[1;36mfilter_inter_by_user_or_item[0m =[1;33m True[0m
[1;36muser_inter_num_interval[0m =[1;33m [0,inf)[0m
[1;36mitem_inter_num_interval[0m =[1;33m [0,inf)[0m
[1;36malias_of_user_id[0m =[1;33m None[0m
[1;36malias_of_item_id[0m =[1;33m ['item_id_list'][0m
[1;36malias_of_entity_id[0m =[1;33m None[0m
[1;36malias_of_relation_id[0m =[1;33m None[0m
[1;36mpreload_weight[0m =[1;33m None[0m
[1;36mnormalize_field[0m =[1;33m None[0m
[1;36mnormalize_all[0m =[1;33m None[0m
[1;36mITEM_LIST_LENGTH_FIELD[0m =[1;33m item_length[0m
[1;36mLIST_SUFFIX[0m =[1;33m _list[0m
[1;36mMAX_ITEM_LIST_LENGTH[0m =[1;33m 128[0m
[1;36mPOSITION_FIELD[0m =[1;33m position_id[0m
[1;36mHEAD_ENTITY_ID_FIELD[0m =[1;33m head_id[0m
[1;36mTAIL_ENTITY_ID_FIELD[0m =[1;33m tail_id[0m
[1;36mRELATION_ID_FIELD[0m =[1;33m relation_id[0m
[1;36mENTITY_ID_FIELD[0m =[1;33m entity_id[0m
[1;36mbenchmark_filename[0m =[1;33m ['full.train', 'full.valid', 'full.test', 'dom1.train', 'dom1.valid', 'dom1.test', 'dom2.train', 'dom2.valid', 'dom2.test', 'dom3.train', 'dom3.valid', 'dom3.test', 'dom4.train', 'dom4.valid', 'dom4.test'][0m

[1;35mOther Hyper Parameters: 
[0m[1;36mworker[0m = [1;33m0[0m
[1;36mwandb_project[0m = [1;33mrecbole[0m
[1;36mshuffle[0m = [1;33mTrue[0m
[1;36mrequire_pow[0m = [1;33mFalse[0m
[1;36menable_amp[0m = [1;33mFalse[0m
[1;36menable_scaler[0m = [1;33mFalse[0m
[1;36mtransform[0m = [1;33mNone[0m
[1;36mn_layers[0m = [1;33m2[0m
[1;36mn_heads[0m = [1;33m2[0m
[1;36mhidden_size[0m = [1;33m128[0m
[1;36minner_size[0m = [1;33m128[0m
[1;36mhidden_dropout_prob[0m = [1;33m0.2[0m
[1;36mattn_dropout_prob[0m = [1;33m0.2[0m
[1;36mhidden_act[0m = [1;33mgelu[0m
[1;36mlayer_norm_eps[0m = [1;33m1e-12[0m
[1;36minitializer_range[0m = [1;33m0.02[0m
[1;36mloss_type[0m = [1;33mCE[0m
[1;36mnumerical_features[0m = [1;33m[][0m
[1;36mdiscretization[0m = [1;33mNone[0m
[1;36mkg_reverse_r[0m = [1;33mFalse[0m
[1;36mentity_kg_num_interval[0m = [1;33m[0,inf)[0m
[1;36mrelation_kg_num_interval[0m = [1;33m[0,inf)[0m
[1;36mMODEL_TYPE[0m = [1;33mModelType.SEQUENTIAL[0m
[1;36mmodel_name[0m = [1;33mSASRec[0m
[1;36mitem_path[0m = [1;33mdataset/BEST/BEST.item[0m
[1;36mstage[0m = [1;33mtun[0m
[1;36mdomains[0m = [1;33m4[0m
[1;36mtarget_dom[0m = [1;33mdom4[0m
[1;36mtrain_type[0m = [1;33mfull[0m
[1;36mnew_inter_path[0m = [1;33mdataset/BEST/BEST.2025.dom4.train.inter[0m
[1;36mckpt_para[0m = [1;33mcheckpoint/SASRec-BEST-2025[0m
[1;36mfull_ckpt[0m = [1;33mcheckpoint/SASRec-BEST-2025.full.ckpt[0m
[1;36mdom1_ckpt[0m = [1;33mcheckpoint/SASRec-BEST-2025.dom1.ckpt[0m
[1;36mdom2_ckpt[0m = [1;33mcheckpoint/SASRec-BEST-2025.dom2.ckpt[0m
[1;36mdom3_ckpt[0m = [1;33mcheckpoint/SASRec-BEST-2025.dom3.ckpt[0m
[1;36mdom4_ckpt[0m = [1;33mcheckpoint/SASRec-BEST-2025.dom4.ckpt[0m
[1;36mtune_ckpt[0m = [1;33mcheckpoint/SASRec-BEST-2025.tune.ckpt[0m
[1;36mbase[0m = [1;33m{'experiment_name': 'v9-Taesar.SASRec.BEST', 'method': 'tun.dom4.full.seed_2025', 'run_name': 'tun.dom4.full.seed_2025.2026-07-16.23-01-30', 'data_dir_root': 'dataset', 'save_dir_root': './save', 'save_method_dir': './save/v9-Taesar.SASRec.BEST/tun.dom4.full.seed_2025', 'save_dir': './save/v9-Taesar.SASRec.BEST/tun.dom4.full.seed_2025/2026-07-16.23-01-30'}[0m
[1;36mMODEL_INPUT_TYPE[0m = [1;33mInputType.POINTWISE[0m
[1;36meval_type[0m = [1;33mEvaluatorType.RANKING[0m
[1;36msingle_spec[0m = [1;33mTrue[0m
[1;36mlocal_rank[0m = [1;33m0[0m
[1;36mdevice[0m = [1;33mcuda[0m
[1;36mvalid_neg_sample_args[0m = [1;33m{'distribution': 'uniform', 'sample_num': 'none'}[0m
[1;36mtest_neg_sample_args[0m = [1;33m{'distribution': 'uniform', 'sample_num': 'none'}[0m


[2026-07-16 23:01:46,354][__main__][INFO] - [1;35mBEST[0m
[1;34mThe number of users[0m: 40166
[1;34mAverage actions of users[0m: 1.6837047180380929
[1;34mThe number of items[0m: 184743
[1;34mAverage actions of items[0m: 1.8490689853170372
[1;34mThe number of inters[0m: 67626
[1;34mThe sparsity of the dataset[0m: 99.99908864595714%
[1;34mRemain Fields[0m: ['user_id', 'item_id_list', 'item_id', 'item_length']
[2026-07-16 23:01:46,996][root][INFO] - [1;35m[Training]: [0m[1;36mtrain_batch_size[0m = [1;33m[128][0m[1;36m train_neg_sample_args[0m: [1;33m[{'distribution': 'none', 'sample_num': 'none', 'alpha': 'none', 'dynamic': False, 'candidate_num': 0}][0m
[2026-07-16 23:01:46,996][root][INFO] - [1;35m[Evaluation]: [0m[1;36meval_batch_size[0m = [1;33m[4096][0m[1;36m eval_args[0m: [1;33m[{'split': {'LS': 'valid_and_test'}, 'order': 'TO', 'group_by': 'user', 'mode': {'valid': 'full', 'test': 'full'}}][0m
[2026-07-16 23:02:33,680][root][INFO] - [1;32mepoch 0 training[0m [[1;34mtime[0m: 45.63s, [1;34mtrain loss[0m: 3709.6530]
[2026-07-16 23:02:33,990][root][INFO] - [1;32mepoch 0 evaluating[0m [[1;34mtime[0m: 0.31s, [1;34mvalid_score[0m: 0.004400]
[2026-07-16 23:02:33,991][root][INFO] - [1;34mvalid result[0m: 
hit@5 : 0.0049    hit@10 : 0.0085    hit@20 : 0.0137    hit@50 : 0.0278    hit@100 : 0.0507    ndcg@5 : 0.0032    ndcg@10 : 0.0044    ndcg@20 : 0.0057    ndcg@50 : 0.0084    ndcg@100 : 0.0121    mrr@5 : 0.0027    mrr@10 : 0.0031    mrr@20 : 0.0035    mrr@50 : 0.0039    mrr@100 : 0.0042    precision@5 : 0.001    precision@10 : 0.0008    precision@20 : 0.0007    precision@50 : 0.0006    precision@100 : 0.0005
[2026-07-16 23:02:34,725][root][INFO] - [1;34mSaving current[0m: checkpoint/SASRec-BEST-2025.tune.ckpt-dom4-full
[2026-07-16 23:03:19,919][root][INFO] - [1;32mepoch 1 training[0m [[1;34mtime[0m: 45.19s, [1;34mtrain loss[0m: 3573.2538]
[2026-07-16 23:03:20,211][root][INFO] - [1;32mepoch 1 evaluating[0m [[1;34mtime[0m: 0.29s, [1;34mvalid_score[0m: 0.012300]
[2026-07-16 23:03:20,211][root][INFO] - [1;34mvalid result[0m: 
hit@5 : 0.0133    hit@10 : 0.0169    hit@20 : 0.0229    hit@50 : 0.0392    hit@100 : 0.0619    ndcg@5 : 0.0111    ndcg@10 : 0.0123    ndcg@20 : 0.0137    ndcg@50 : 0.0169    ndcg@100 : 0.0206    mrr@5 : 0.0104    mrr@10 : 0.0109    mrr@20 : 0.0112    mrr@50 : 0.0117    mrr@100 : 0.012    precision@5 : 0.0027    precision@10 : 0.0017    precision@20 : 0.0011    precision@50 : 0.0008    precision@100 : 0.0006
[2026-07-16 23:03:20,928][root][INFO] - [1;34mSaving current[0m: checkpoint/SASRec-BEST-2025.tune.ckpt-dom4-full
[2026-07-16 23:04:05,947][root][INFO] - [1;32mepoch 2 training[0m [[1;34mtime[0m: 45.02s, [1;34mtrain loss[0m: 3437.4560]
[2026-07-16 23:04:06,230][root][INFO] - [1;32mepoch 2 evaluating[0m [[1;34mtime[0m: 0.28s, [1;34mvalid_score[0m: 0.018600]
[2026-07-16 23:04:06,230][root][INFO] - [1;34mvalid result[0m: 
hit@5 : 0.0202    hit@10 : 0.0244    hit@20 : 0.0311    hit@50 : 0.0488    hit@100 : 0.0713    ndcg@5 : 0.0173    ndcg@10 : 0.0186    ndcg@20 : 0.0203    ndcg@50 : 0.0238    ndcg@100 : 0.0274    mrr@5 : 0.0163    mrr@10 : 0.0168    mrr@20 : 0.0173    mrr@50 : 0.0179    mrr@100 : 0.0182    precision@5 : 0.004    precision@10 : 0.0024    precision@20 : 0.0016    precision@50 : 0.001    precision@100 : 0.0007
[2026-07-16 23:04:06,940][root][INFO] - [1;34mSaving current[0m: checkpoint/SASRec-BEST-2025.tune.ckpt-dom4-full
[2026-07-16 23:04:52,330][root][INFO] - [1;32mepoch 3 training[0m [[1;34mtime[0m: 45.39s, [1;34mtrain loss[0m: 3308.8194]
[2026-07-16 23:04:52,611][root][INFO] - [1;32mepoch 3 evaluating[0m [[1;34mtime[0m: 0.28s, [1;34mvalid_score[0m: 0.022000]
[2026-07-16 23:04:52,612][root][INFO] - [1;34mvalid result[0m: 
hit@5 : 0.0243    hit@10 : 0.0285    hit@20 : 0.0361    hit@50 : 0.0555    hit@100 : 0.0778    ndcg@5 : 0.0207    ndcg@10 : 0.022    ndcg@20 : 0.0239    ndcg@50 : 0.0278    ndcg@100 : 0.0314    mrr@5 : 0.0195    mrr@10 : 0.0201    mrr@20 : 0.0206    mrr@50 : 0.0212    mrr@100 : 0.0215    precision@5 : 0.0049    precision@10 : 0.0029    precision@20 : 0.0018    precision@50 : 0.0011    precision@100 : 0.0008
[2026-07-16 23:04:53,340][root][INFO] - [1;34mSaving current[0m: checkpoint/SASRec-BEST-2025.tune.ckpt-dom4-full
[2026-07-16 23:05:38,266][root][INFO] - [1;32mepoch 4 training[0m [[1;34mtime[0m: 44.93s, [1;34mtrain loss[0m: 3191.6397]
[2026-07-16 23:05:38,548][root][INFO] - [1;32mepoch 4 evaluating[0m [[1;34mtime[0m: 0.28s, [1;34mvalid_score[0m: 0.023700]
[2026-07-16 23:05:38,549][root][INFO] - [1;34mvalid result[0m: 
hit@5 : 0.0259    hit@10 : 0.0309    hit@20 : 0.0384    hit@50 : 0.058    hit@100 : 0.08    ndcg@5 : 0.0221    ndcg@10 : 0.0237    ndcg@20 : 0.0256    ndcg@50 : 0.0294    ndcg@100 : 0.033    mrr@5 : 0.0208    mrr@10 : 0.0215    mrr@20 : 0.022    mrr@50 : 0.0226    mrr@100 : 0.0229    precision@5 : 0.0052    precision@10 : 0.0031    precision@20 : 0.0019    precision@50 : 0.0012    precision@100 : 0.0008
[2026-07-16 23:05:39,251][root][INFO] - [1;34mSaving current[0m: checkpoint/SASRec-BEST-2025.tune.ckpt-dom4-full
[2026-07-16 23:06:24,267][root][INFO] - [1;32mepoch 5 training[0m [[1;34mtime[0m: 45.02s, [1;34mtrain loss[0m: 3078.4305]
[2026-07-16 23:06:24,550][root][INFO] - [1;32mepoch 5 evaluating[0m [[1;34mtime[0m: 0.28s, [1;34mvalid_score[0m: 0.024700]
[2026-07-16 23:06:24,551][root][INFO] - [1;34mvalid result[0m: 
hit@5 : 0.0278    hit@10 : 0.0323    hit@20 : 0.0396    hit@50 : 0.0595    hit@100 : 0.0816    ndcg@5 : 0.0232    ndcg@10 : 0.0247    ndcg@20 : 0.0265    ndcg@50 : 0.0305    ndcg@100 : 0.034    mrr@5 : 0.0217    mrr@10 : 0.0223    mrr@20 : 0.0228    mrr@50 : 0.0235    mrr@100 : 0.0238    precision@5 : 0.0056    precision@10 : 0.0032    precision@20 : 0.002    precision@50 : 0.0012    precision@100 : 0.0008
[2026-07-16 23:06:25,300][root][INFO] - [1;34mSaving current[0m: checkpoint/SASRec-BEST-2025.tune.ckpt-dom4-full
