[2026-07-16 22:25:34,653][root][WARNING] - command line args [-m stage=tun gpu_id=0 seed=2025 train_type=full target_dom=dom3] will not be used in RecBole
[2026-07-16 22:25:34,798][__main__][INFO] - 
[1;35mGeneral Hyper Parameters:
[0m[1;36mgpu_id[0m =[1;33m 0[0m
[1;36muse_gpu[0m =[1;33m True[0m
[1;36mseed[0m =[1;33m 2025[0m
[1;36mstate[0m =[1;33m INFO[0m
[1;36mreproducibility[0m =[1;33m True[0m
[1;36mdata_path[0m =[1;33m dataset/BEST[0m
[1;36mcheckpoint_dir[0m =[1;33m checkpoint[0m
[1;36mshow_progress[0m =[1;33m True[0m
[1;36msave_dataset[0m =[1;33m False[0m
[1;36mdataset_save_path[0m =[1;33m None[0m
[1;36msave_dataloaders[0m =[1;33m False[0m
[1;36mdataloaders_save_path[0m =[1;33m None[0m
[1;36mlog_wandb[0m =[1;33m False[0m

[1;35mTraining Hyper Parameters:
[0m[1;36mepochs[0m =[1;33m 300[0m
[1;36mtrain_batch_size[0m =[1;33m 128[0m
[1;36mlearner[0m =[1;33m adam[0m
[1;36mlearning_rate[0m =[1;33m 0.0003[0m
[1;36mtrain_neg_sample_args[0m =[1;33m {'distribution': 'none', 'sample_num': 'none', 'alpha': 'none', 'dynamic': False, 'candidate_num': 0}[0m
[1;36meval_step[0m =[1;33m 1[0m
[1;36mstopping_step[0m =[1;33m 10[0m
[1;36mclip_grad_norm[0m =[1;33m None[0m
[1;36mweight_decay[0m =[1;33m 0.0[0m
[1;36mloss_decimal_place[0m =[1;33m 4[0m

[1;35mEvaluation Hyper Parameters:
[0m[1;36meval_args[0m =[1;33m {'split': {'LS': 'valid_and_test'}, 'order': 'TO', 'group_by': 'user', 'mode': {'valid': 'full', 'test': 'full'}}[0m
[1;36mrepeatable[0m =[1;33m True[0m
[1;36mmetrics[0m =[1;33m ['HIT', 'NDCG', 'MRR', 'Precision'][0m
[1;36mtopk[0m =[1;33m [5, 10, 20, 50, 100][0m
[1;36mvalid_metric[0m =[1;33m NDCG@10[0m
[1;36mvalid_metric_bigger[0m =[1;33m True[0m
[1;36meval_batch_size[0m =[1;33m 4096[0m
[1;36mmetric_decimal_place[0m =[1;33m 4[0m

[1;35mDataset Hyper Parameters:
[0m[1;36mfield_separator[0m =[1;33m 	[0m
[1;36mseq_separator[0m =[1;33m  [0m
[1;36mUSER_ID_FIELD[0m =[1;33m user_id[0m
[1;36mITEM_ID_FIELD[0m =[1;33m item_id[0m
[1;36mRATING_FIELD[0m =[1;33m rating[0m
[1;36mTIME_FIELD[0m =[1;33m timestamp[0m
[1;36mseq_len[0m =[1;33m None[0m
[1;36mLABEL_FIELD[0m =[1;33m label[0m
[1;36mthreshold[0m =[1;33m None[0m
[1;36mNEG_PREFIX[0m =[1;33m neg_[0m
[1;36mload_col[0m =[1;33m {'inter': ['user_id', 'item_id_list', 'item_id']}[0m
[1;36munload_col[0m =[1;33m None[0m
[1;36munused_col[0m =[1;33m None[0m
[1;36madditional_feat_suffix[0m =[1;33m None[0m
[1;36mrm_dup_inter[0m =[1;33m None[0m
[1;36mval_interval[0m =[1;33m None[0m
[1;36mfilter_inter_by_user_or_item[0m =[1;33m True[0m
[1;36muser_inter_num_interval[0m =[1;33m [0,inf)[0m
[1;36mitem_inter_num_interval[0m =[1;33m [0,inf)[0m
[1;36malias_of_user_id[0m =[1;33m None[0m
[1;36malias_of_item_id[0m =[1;33m ['item_id_list'][0m
[1;36malias_of_entity_id[0m =[1;33m None[0m
[1;36malias_of_relation_id[0m =[1;33m None[0m
[1;36mpreload_weight[0m =[1;33m None[0m
[1;36mnormalize_field[0m =[1;33m None[0m
[1;36mnormalize_all[0m =[1;33m None[0m
[1;36mITEM_LIST_LENGTH_FIELD[0m =[1;33m item_length[0m
[1;36mLIST_SUFFIX[0m =[1;33m _list[0m
[1;36mMAX_ITEM_LIST_LENGTH[0m =[1;33m 128[0m
[1;36mPOSITION_FIELD[0m =[1;33m position_id[0m
[1;36mHEAD_ENTITY_ID_FIELD[0m =[1;33m head_id[0m
[1;36mTAIL_ENTITY_ID_FIELD[0m =[1;33m tail_id[0m
[1;36mRELATION_ID_FIELD[0m =[1;33m relation_id[0m
[1;36mENTITY_ID_FIELD[0m =[1;33m entity_id[0m
[1;36mbenchmark_filename[0m =[1;33m ['full.train', 'full.valid', 'full.test', 'dom1.train', 'dom1.valid', 'dom1.test', 'dom2.train', 'dom2.valid', 'dom2.test', 'dom3.train', 'dom3.valid', 'dom3.test', 'dom4.train', 'dom4.valid', 'dom4.test'][0m

[1;35mOther Hyper Parameters: 
[0m[1;36mworker[0m = [1;33m0[0m
[1;36mwandb_project[0m = [1;33mrecbole[0m
[1;36mshuffle[0m = [1;33mTrue[0m
[1;36mrequire_pow[0m = [1;33mFalse[0m
[1;36menable_amp[0m = [1;33mFalse[0m
[1;36menable_scaler[0m = [1;33mFalse[0m
[1;36mtransform[0m = [1;33mNone[0m
[1;36mn_layers[0m = [1;33m2[0m
[1;36mn_heads[0m = [1;33m2[0m
[1;36mhidden_size[0m = [1;33m128[0m
[1;36minner_size[0m = [1;33m128[0m
[1;36mhidden_dropout_prob[0m = [1;33m0.2[0m
[1;36mattn_dropout_prob[0m = [1;33m0.2[0m
[1;36mhidden_act[0m = [1;33mgelu[0m
[1;36mlayer_norm_eps[0m = [1;33m1e-12[0m
[1;36minitializer_range[0m = [1;33m0.02[0m
[1;36mloss_type[0m = [1;33mCE[0m
[1;36mnumerical_features[0m = [1;33m[][0m
[1;36mdiscretization[0m = [1;33mNone[0m
[1;36mkg_reverse_r[0m = [1;33mFalse[0m
[1;36mentity_kg_num_interval[0m = [1;33m[0,inf)[0m
[1;36mrelation_kg_num_interval[0m = [1;33m[0,inf)[0m
[1;36mMODEL_TYPE[0m = [1;33mModelType.SEQUENTIAL[0m
[1;36mmodel_name[0m = [1;33mSASRec[0m
[1;36mitem_path[0m = [1;33mdataset/BEST/BEST.item[0m
[1;36mstage[0m = [1;33mtun[0m
[1;36mdomains[0m = [1;33m4[0m
[1;36mtarget_dom[0m = [1;33mdom3[0m
[1;36mtrain_type[0m = [1;33mfull[0m
[1;36mnew_inter_path[0m = [1;33mdataset/BEST/BEST.2025.dom3.train.inter[0m
[1;36mckpt_para[0m = [1;33mcheckpoint/SASRec-BEST-2025[0m
[1;36mfull_ckpt[0m = [1;33mcheckpoint/SASRec-BEST-2025.full.ckpt[0m
[1;36mdom1_ckpt[0m = [1;33mcheckpoint/SASRec-BEST-2025.dom1.ckpt[0m
[1;36mdom2_ckpt[0m = [1;33mcheckpoint/SASRec-BEST-2025.dom2.ckpt[0m
[1;36mdom3_ckpt[0m = [1;33mcheckpoint/SASRec-BEST-2025.dom3.ckpt[0m
[1;36mdom4_ckpt[0m = [1;33mcheckpoint/SASRec-BEST-2025.dom4.ckpt[0m
[1;36mtune_ckpt[0m = [1;33mcheckpoint/SASRec-BEST-2025.tune.ckpt[0m
[1;36mbase[0m = [1;33m{'experiment_name': 'v9-Taesar.SASRec.BEST', 'method': 'tun.dom3.full.seed_2025', 'run_name': 'tun.dom3.full.seed_2025.2026-07-16.22-25-24', 'data_dir_root': 'dataset', 'save_dir_root': './save', 'save_method_dir': './save/v9-Taesar.SASRec.BEST/tun.dom3.full.seed_2025', 'save_dir': './save/v9-Taesar.SASRec.BEST/tun.dom3.full.seed_2025/2026-07-16.22-25-24'}[0m
[1;36mMODEL_INPUT_TYPE[0m = [1;33mInputType.POINTWISE[0m
[1;36meval_type[0m = [1;33mEvaluatorType.RANKING[0m
[1;36msingle_spec[0m = [1;33mTrue[0m
[1;36mlocal_rank[0m = [1;33m0[0m
[1;36mdevice[0m = [1;33mcuda[0m
[1;36mvalid_neg_sample_args[0m = [1;33m{'distribution': 'uniform', 'sample_num': 'none'}[0m
[1;36mtest_neg_sample_args[0m = [1;33m{'distribution': 'uniform', 'sample_num': 'none'}[0m


[2026-07-16 22:25:36,196][__main__][INFO] - [1;35mBEST[0m
[1;34mThe number of users[0m: 40166
[1;34mAverage actions of users[0m: 1.5043694759118635
[1;34mThe number of items[0m: 184723
[1;34mAverage actions of items[0m: 1.685862559638403
[1;34mThe number of inters[0m: 60423
[1;34mThe sparsity of the dataset[0m: 99.99918562819892%
[1;34mRemain Fields[0m: ['user_id', 'item_id_list', 'item_id', 'item_length']
[2026-07-16 22:25:36,839][root][INFO] - [1;35m[Training]: [0m[1;36mtrain_batch_size[0m = [1;33m[128][0m[1;36m train_neg_sample_args[0m: [1;33m[{'distribution': 'none', 'sample_num': 'none', 'alpha': 'none', 'dynamic': False, 'candidate_num': 0}][0m
[2026-07-16 22:25:36,839][root][INFO] - [1;35m[Evaluation]: [0m[1;36meval_batch_size[0m = [1;33m[4096][0m[1;36m eval_args[0m: [1;33m[{'split': {'LS': 'valid_and_test'}, 'order': 'TO', 'group_by': 'user', 'mode': {'valid': 'full', 'test': 'full'}}][0m
[2026-07-16 22:26:23,342][root][INFO] - [1;32mepoch 0 training[0m [[1;34mtime[0m: 45.33s, [1;34mtrain loss[0m: 3709.0926]
[2026-07-16 22:26:23,590][root][INFO] - [1;32mepoch 0 evaluating[0m [[1;34mtime[0m: 0.25s, [1;34mvalid_score[0m: 0.001700]
[2026-07-16 22:26:23,590][root][INFO] - [1;34mvalid result[0m: 
hit@5 : 0.0016    hit@10 : 0.0045    hit@20 : 0.008    hit@50 : 0.0205    hit@100 : 0.0347    ndcg@5 : 0.0007    ndcg@10 : 0.0017    ndcg@20 : 0.0026    ndcg@50 : 0.0051    ndcg@100 : 0.0073    mrr@5 : 0.0005    mrr@10 : 0.0009    mrr@20 : 0.0011    mrr@50 : 0.0015    mrr@100 : 0.0017    precision@5 : 0.0003    precision@10 : 0.0004    precision@20 : 0.0004    precision@50 : 0.0004    precision@100 : 0.0003
[2026-07-16 22:26:23,909][root][INFO] - [1;34mSaving current[0m: checkpoint/SASRec-BEST-2025.tune.ckpt-dom3-full
[2026-07-16 22:27:08,613][root][INFO] - [1;32mepoch 1 training[0m [[1;34mtime[0m: 44.70s, [1;34mtrain loss[0m: 3572.3777]
[2026-07-16 22:27:08,840][root][INFO] - [1;32mepoch 1 evaluating[0m [[1;34mtime[0m: 0.23s, [1;34mvalid_score[0m: 0.011600]
[2026-07-16 22:27:08,840][root][INFO] - [1;34mvalid result[0m: 
hit@5 : 0.0133    hit@10 : 0.017    hit@20 : 0.0212    hit@50 : 0.0325    hit@100 : 0.0487    ndcg@5 : 0.0104    ndcg@10 : 0.0116    ndcg@20 : 0.0127    ndcg@50 : 0.0149    ndcg@100 : 0.0175    mrr@5 : 0.0094    mrr@10 : 0.0099    mrr@20 : 0.0102    mrr@50 : 0.0106    mrr@100 : 0.0108    precision@5 : 0.0027    precision@10 : 0.0017    precision@20 : 0.0011    precision@50 : 0.0006    precision@100 : 0.0005
[2026-07-16 22:27:09,604][root][INFO] - [1;34mSaving current[0m: checkpoint/SASRec-BEST-2025.tune.ckpt-dom3-full
[2026-07-16 22:27:54,888][root][INFO] - [1;32mepoch 2 training[0m [[1;34mtime[0m: 45.28s, [1;34mtrain loss[0m: 3437.5976]
[2026-07-16 22:27:55,111][root][INFO] - [1;32mepoch 2 evaluating[0m [[1;34mtime[0m: 0.22s, [1;34mvalid_score[0m: 0.020700]
[2026-07-16 22:27:55,111][root][INFO] - [1;34mvalid result[0m: 
hit@5 : 0.0234    hit@10 : 0.0274    hit@20 : 0.0319    hit@50 : 0.0434    hit@100 : 0.0584    ndcg@5 : 0.0194    ndcg@10 : 0.0207    ndcg@20 : 0.0218    ndcg@50 : 0.0241    ndcg@100 : 0.0265    mrr@5 : 0.0181    mrr@10 : 0.0186    mrr@20 : 0.0189    mrr@50 : 0.0193    mrr@100 : 0.0195    precision@5 : 0.0047    precision@10 : 0.0027    precision@20 : 0.0016    precision@50 : 0.0009    precision@100 : 0.0006
[2026-07-16 22:27:55,830][root][INFO] - [1;34mSaving current[0m: checkpoint/SASRec-BEST-2025.tune.ckpt-dom3-full
[2026-07-16 22:28:40,520][root][INFO] - [1;32mepoch 3 training[0m [[1;34mtime[0m: 44.69s, [1;34mtrain loss[0m: 3309.0721]
[2026-07-16 22:28:40,743][root][INFO] - [1;32mepoch 3 evaluating[0m [[1;34mtime[0m: 0.22s, [1;34mvalid_score[0m: 0.024500]
[2026-07-16 22:28:40,743][root][INFO] - [1;34mvalid result[0m: 
hit@5 : 0.0273    hit@10 : 0.0311    hit@20 : 0.0375    hit@50 : 0.0492    hit@100 : 0.065    ndcg@5 : 0.0233    ndcg@10 : 0.0245    ndcg@20 : 0.0262    ndcg@50 : 0.0285    ndcg@100 : 0.031    mrr@5 : 0.022    mrr@10 : 0.0224    mrr@20 : 0.0229    mrr@50 : 0.0233    mrr@100 : 0.0235    precision@5 : 0.0055    precision@10 : 0.0031    precision@20 : 0.0019    precision@50 : 0.001    precision@100 : 0.0007
[2026-07-16 22:28:41,480][root][INFO] - [1;34mSaving current[0m: checkpoint/SASRec-BEST-2025.tune.ckpt-dom3-full
[2026-07-16 22:29:26,344][root][INFO] - [1;32mepoch 4 training[0m [[1;34mtime[0m: 44.86s, [1;34mtrain loss[0m: 3191.8710]
[2026-07-16 22:29:26,562][root][INFO] - [1;32mepoch 4 evaluating[0m [[1;34mtime[0m: 0.22s, [1;34mvalid_score[0m: 0.027300]
[2026-07-16 22:29:26,562][root][INFO] - [1;34mvalid result[0m: 
hit@5 : 0.0305    hit@10 : 0.0346    hit@20 : 0.0406    hit@50 : 0.0526    hit@100 : 0.0682    ndcg@5 : 0.026    ndcg@10 : 0.0273    ndcg@20 : 0.0288    ndcg@50 : 0.0312    ndcg@100 : 0.0337    mrr@5 : 0.0245    mrr@10 : 0.025    mrr@20 : 0.0254    mrr@50 : 0.0258    mrr@100 : 0.026    precision@5 : 0.0061    precision@10 : 0.0035    precision@20 : 0.002    precision@50 : 0.0011    precision@100 : 0.0007
[2026-07-16 22:29:27,295][root][INFO] - [1;34mSaving current[0m: checkpoint/SASRec-BEST-2025.tune.ckpt-dom3-full
[2026-07-16 22:30:12,053][root][INFO] - [1;32mepoch 5 training[0m [[1;34mtime[0m: 44.76s, [1;34mtrain loss[0m: 3078.2785]
[2026-07-16 22:30:12,275][root][INFO] - [1;32mepoch 5 evaluating[0m [[1;34mtime[0m: 0.22s, [1;34mvalid_score[0m: 0.029100]
[2026-07-16 22:30:12,276][root][INFO] - [1;34mvalid result[0m: 
hit@5 : 0.0323    hit@10 : 0.0367    hit@20 : 0.0426    hit@50 : 0.0566    hit@100 : 0.0712    ndcg@5 : 0.0277    ndcg@10 : 0.0291    ndcg@20 : 0.0306    ndcg@50 : 0.0334    ndcg@100 : 0.0357    mrr@5 : 0.0261    mrr@10 : 0.0267    mrr@20 : 0.0271    mrr@50 : 0.0276    mrr@100 : 0.0278    precision@5 : 0.0065    precision@10 : 0.0037    precision@20 : 0.0021    precision@50 : 0.0011    precision@100 : 0.0007
[2026-07-16 22:30:12,991][root][INFO] - [1;34mSaving current[0m: checkpoint/SASRec-BEST-2025.tune.ckpt-dom3-full
[2026-07-16 22:30:58,065][root][INFO] - [1;32mepoch 6 training[0m [[1;34mtime[0m: 45.07s, [1;34mtrain loss[0m: 2968.1907]
[2026-07-16 22:30:58,283][root][INFO] - [1;32mepoch 6 evaluating[0m [[1;34mtime[0m: 0.22s, [1;34mvalid_score[0m: 0.030400]
[2026-07-16 22:30:58,284][root][INFO] - [1;34mvalid result[0m: 
hit@5 : 0.034    hit@10 : 0.0384    hit@20 : 0.0448    hit@50 : 0.0595    hit@100 : 0.0755    ndcg@5 : 0.029    ndcg@10 : 0.0304    ndcg@20 : 0.032    ndcg@50 : 0.0349    ndcg@100 : 0.0375    mrr@5 : 0.0273    mrr@10 : 0.0279    mrr@20 : 0.0283    mrr@50 : 0.0288    mrr@100 : 0.029    precision@5 : 0.0068    precision@10 : 0.0038    precision@20 : 0.0022    precision@50 : 0.0012    precision@100 : 0.0008
[2026-07-16 22:30:59,052][root][INFO] - [1;34mSaving current[0m: checkpoint/SASRec-BEST-2025.tune.ckpt-dom3-full
[2026-07-16 22:31:42,075][root][INFO] - [1;32mepoch 7 training[0m [[1;34mtime[0m: 43.02s, [1;34mtrain loss[0m: 2862.8955]
[2026-07-16 22:31:42,295][root][INFO] - [1;32mepoch 7 evaluating[0m [[1;34mtime[0m: 0.22s, [1;34mvalid_score[0m: 0.031200]
[2026-07-16 22:31:42,296][root][INFO] - [1;34mvalid result[0m: 
hit@5 : 0.0355    hit@10 : 0.0397    hit@20 : 0.0471    hit@50 : 0.0604    hit@100 : 0.0776    ndcg@5 : 0.0299    ndcg@10 : 0.0312    ndcg@20 : 0.0331    ndcg@50 : 0.0357    ndcg@100 : 0.0385    mrr@5 : 0.028    mrr@10 : 0.0285    mrr@20 : 0.029    mrr@50 : 0.0294    mrr@100 : 0.0297    precision@5 : 0.0071    precision@10 : 0.004    precision@20 : 0.0024    precision@50 : 0.0012    precision@100 : 0.0008
[2026-07-16 22:31:43,034][root][INFO] - [1;34mSaving current[0m: checkpoint/SASRec-BEST-2025.tune.ckpt-dom3-full
[2026-07-16 22:32:27,889][root][INFO] - [1;32mepoch 8 training[0m [[1;34mtime[0m: 44.85s, [1;34mtrain loss[0m: 2765.2606]
[2026-07-16 22:32:28,109][root][INFO] - [1;32mepoch 8 evaluating[0m [[1;34mtime[0m: 0.22s, [1;34mvalid_score[0m: 0.031800]
[2026-07-16 22:32:28,110][root][INFO] - [1;34mvalid result[0m: 
hit@5 : 0.0365    hit@10 : 0.0406    hit@20 : 0.0488    hit@50 : 0.0612    hit@100 : 0.0778    ndcg@5 : 0.0305    ndcg@10 : 0.0318    ndcg@20 : 0.0339    ndcg@50 : 0.0363    ndcg@100 : 0.039    mrr@5 : 0.0284    mrr@10 : 0.029    mrr@20 : 0.0295    mrr@50 : 0.0299    mrr@100 : 0.0302    precision@5 : 0.0073    precision@10 : 0.0041    precision@20 : 0.0024    precision@50 : 0.0012    precision@100 : 0.0008
[2026-07-16 22:32:28,838][root][INFO] - [1;34mSaving current[0m: checkpoint/SASRec-BEST-2025.tune.ckpt-dom3-full
[2026-07-16 22:33:14,019][root][INFO] - [1;32mepoch 9 training[0m [[1;34mtime[0m: 45.18s, [1;34mtrain loss[0m: 2677.1618]
[2026-07-16 22:33:14,246][root][INFO] - [1;32mepoch 9 evaluating[0m [[1;34mtime[0m: 0.23s, [1;34mvalid_score[0m: 0.032300]
[2026-07-16 22:33:14,246][root][INFO] - [1;34mvalid result[0m: 
hit@5 : 0.0371    hit@10 : 0.0413    hit@20 : 0.0485    hit@50 : 0.0623    hit@100 : 0.0805    ndcg@5 : 0.0309    ndcg@10 : 0.0323    ndcg@20 : 0.0341    ndcg@50 : 0.0368    ndcg@100 : 0.0397    mrr@5 : 0.0288    mrr@10 : 0.0294    mrr@20 : 0.0299    mrr@50 : 0.0303    mrr@100 : 0.0305    precision@5 : 0.0074    precision@10 : 0.0041    precision@20 : 0.0024    precision@50 : 0.0012    precision@100 : 0.0008
[2026-07-16 22:33:14,982][root][INFO] - [1;34mSaving current[0m: checkpoint/SASRec-BEST-2025.tune.ckpt-dom3-full
[2026-07-16 22:34:00,025][root][INFO] - [1;32mepoch 10 training[0m [[1;34mtime[0m: 45.04s, [1;34mtrain loss[0m: 2600.5061]
[2026-07-16 22:34:00,245][root][INFO] - [1;32mepoch 10 evaluating[0m [[1;34mtime[0m: 0.22s, [1;34mvalid_score[0m: 0.031900]
[2026-07-16 22:34:00,245][root][INFO] - [1;34mvalid result[0m: 
hit@5 : 0.0368    hit@10 : 0.041    hit@20 : 0.0491    hit@50 : 0.0636    hit@100 : 0.0816    ndcg@5 : 0.0306    ndcg@10 : 0.0319    ndcg@20 : 0.034    ndcg@50 : 0.0368    ndcg@100 : 0.0397    mrr@5 : 0.0285    mrr@10 : 0.029    mrr@20 : 0.0296    mrr@50 : 0.03    mrr@100 : 0.0303    precision@5 : 0.0074    precision@10 : 0.0041    precision@20 : 0.0025    precision@50 : 0.0013    precision@100 : 0.0008
[2026-07-16 22:34:45,303][root][INFO] - [1;32mepoch 11 training[0m [[1;34mtime[0m: 45.06s, [1;34mtrain loss[0m: 2533.9834]
[2026-07-16 22:34:45,522][root][INFO] - [1;32mepoch 11 evaluating[0m [[1;34mtime[0m: 0.22s, [1;34mvalid_score[0m: 0.032200]
[2026-07-16 22:34:45,522][root][INFO] - [1;34mvalid result[0m: 
hit@5 : 0.0372    hit@10 : 0.0419    hit@20 : 0.0499    hit@50 : 0.0642    hit@100 : 0.081    ndcg@5 : 0.0307    ndcg@10 : 0.0322    ndcg@20 : 0.0342    ndcg@50 : 0.0371    ndcg@100 : 0.0398    mrr@5 : 0.0285    mrr@10 : 0.0291    mrr@20 : 0.0296    mrr@50 : 0.0301    mrr@100 : 0.0303    precision@5 : 0.0074    precision@10 : 0.0042    precision@20 : 0.0025    precision@50 : 0.0013    precision@100 : 0.0008
[2026-07-16 22:35:30,422][root][INFO] - [1;32mepoch 12 training[0m [[1;34mtime[0m: 44.90s, [1;34mtrain loss[0m: 2477.6938]
[2026-07-16 22:35:30,645][root][INFO] - [1;32mepoch 12 evaluating[0m [[1;34mtime[0m: 0.22s, [1;34mvalid_score[0m: 0.032200]
[2026-07-16 22:35:30,645][root][INFO] - [1;34mvalid result[0m: 
hit@5 : 0.0376    hit@10 : 0.0426    hit@20 : 0.0506    hit@50 : 0.0648    hit@100 : 0.081    ndcg@5 : 0.0306    ndcg@10 : 0.0322    ndcg@20 : 0.0342    ndcg@50 : 0.037    ndcg@100 : 0.0396    mrr@5 : 0.0282    mrr@10 : 0.0289    mrr@20 : 0.0294    mrr@50 : 0.0298    mrr@100 : 0.0301    precision@5 : 0.0075    precision@10 : 0.0043    precision@20 : 0.0025    precision@50 : 0.0013    precision@100 : 0.0008
[2026-07-16 22:36:15,495][root][INFO] - [1;32mepoch 13 training[0m [[1;34mtime[0m: 44.85s, [1;34mtrain loss[0m: 2429.3164]
[2026-07-16 22:36:15,721][root][INFO] - [1;32mepoch 13 evaluating[0m [[1;34mtime[0m: 0.22s, [1;34mvalid_score[0m: 0.032000]
[2026-07-16 22:36:15,721][root][INFO] - [1;34mvalid result[0m: 
hit@5 : 0.0379    hit@10 : 0.0418    hit@20 : 0.0497    hit@50 : 0.0647    hit@100 : 0.0808    ndcg@5 : 0.0308    ndcg@10 : 0.032    ndcg@20 : 0.034    ndcg@50 : 0.037    ndcg@100 : 0.0396    mrr@5 : 0.0284    mrr@10 : 0.0288    mrr@20 : 0.0294    mrr@50 : 0.0299    mrr@100 : 0.0301    precision@5 : 0.0076    precision@10 : 0.0042    precision@20 : 0.0025    precision@50 : 0.0013    precision@100 : 0.0008
[2026-07-16 22:37:00,854][root][INFO] - [1;32mepoch 14 training[0m [[1;34mtime[0m: 45.13s, [1;34mtrain loss[0m: 2386.3748]
[2026-07-16 22:37:01,072][root][INFO] - [1;32mepoch 14 evaluating[0m [[1;34mtime[0m: 0.22s, [1;34mvalid_score[0m: 0.032200]
[2026-07-16 22:37:01,073][root][INFO] - [1;34mvalid result[0m: 
hit@5 : 0.0381    hit@10 : 0.0419    hit@20 : 0.0496    hit@50 : 0.0635    hit@100 : 0.0806    ndcg@5 : 0.031    ndcg@10 : 0.0322    ndcg@20 : 0.0341    ndcg@50 : 0.0369    ndcg@100 : 0.0396    mrr@5 : 0.0285    mrr@10 : 0.029    mrr@20 : 0.0295    mrr@50 : 0.03    mrr@100 : 0.0302    precision@5 : 0.0076    precision@10 : 0.0042    precision@20 : 0.0025    precision@50 : 0.0013    precision@100 : 0.0008
[2026-07-16 22:37:45,864][root][INFO] - [1;32mepoch 15 training[0m [[1;34mtime[0m: 44.79s, [1;34mtrain loss[0m: 2348.1797]
[2026-07-16 22:37:46,083][root][INFO] - [1;32mepoch 15 evaluating[0m [[1;34mtime[0m: 0.22s, [1;34mvalid_score[0m: 0.031900]
[2026-07-16 22:37:46,083][root][INFO] - [1;34mvalid result[0m: 
hit@5 : 0.0372    hit@10 : 0.0418    hit@20 : 0.0485    hit@50 : 0.0643    hit@100 : 0.0813    ndcg@5 : 0.0304    ndcg@10 : 0.0319    ndcg@20 : 0.0336    ndcg@50 : 0.0367    ndcg@100 : 0.0394    mrr@5 : 0.028    mrr@10 : 0.0286    mrr@20 : 0.0291    mrr@50 : 0.0296    mrr@100 : 0.0298    precision@5 : 0.0074    precision@10 : 0.0042    precision@20 : 0.0024    precision@50 : 0.0013    precision@100 : 0.0008
[2026-07-16 22:38:31,038][root][INFO] - [1;32mepoch 16 training[0m [[1;34mtime[0m: 44.95s, [1;34mtrain loss[0m: 2312.3480]
[2026-07-16 22:38:31,259][root][INFO] - [1;32mepoch 16 evaluating[0m [[1;34mtime[0m: 0.22s, [1;34mvalid_score[0m: 0.032200]
[2026-07-16 22:38:31,259][root][INFO] - [1;34mvalid result[0m: 
hit@5 : 0.0373    hit@10 : 0.0426    hit@20 : 0.0489    hit@50 : 0.0642    hit@100 : 0.0816    ndcg@5 : 0.0305    ndcg@10 : 0.0322    ndcg@20 : 0.0338    ndcg@50 : 0.0368    ndcg@100 : 0.0396    mrr@5 : 0.0282    mrr@10 : 0.0289    mrr@20 : 0.0293    mrr@50 : 0.0298    mrr@100 : 0.03    precision@5 : 0.0075    precision@10 : 0.0043    precision@20 : 0.0024    precision@50 : 0.0013    precision@100 : 0.0008
[2026-07-16 22:39:16,140][root][INFO] - [1;32mepoch 17 training[0m [[1;34mtime[0m: 44.88s, [1;34mtrain loss[0m: 2279.1069]
[2026-07-16 22:39:16,360][root][INFO] - [1;32mepoch 17 evaluating[0m [[1;34mtime[0m: 0.22s, [1;34mvalid_score[0m: 0.032000]
[2026-07-16 22:39:16,361][root][INFO] - [1;34mvalid result[0m: 
hit@5 : 0.0371    hit@10 : 0.042    hit@20 : 0.0497    hit@50 : 0.0639    hit@100 : 0.0803    ndcg@5 : 0.0304    ndcg@10 : 0.032    ndcg@20 : 0.0339    ndcg@50 : 0.0367    ndcg@100 : 0.0394    mrr@5 : 0.0281    mrr@10 : 0.0287    mrr@20 : 0.0293    mrr@50 : 0.0297    mrr@100 : 0.0299    precision@5 : 0.0074    precision@10 : 0.0042    precision@20 : 0.0025    precision@50 : 0.0013    precision@100 : 0.0008
[2026-07-16 22:40:01,151][root][INFO] - [1;32mepoch 18 training[0m [[1;34mtime[0m: 44.79s, [1;34mtrain loss[0m: 2247.4079]
[2026-07-16 22:40:01,372][root][INFO] - [1;32mepoch 18 evaluating[0m [[1;34mtime[0m: 0.22s, [1;34mvalid_score[0m: 0.031900]
[2026-07-16 22:40:01,372][root][INFO] - [1;34mvalid result[0m: 
hit@5 : 0.0374    hit@10 : 0.0421    hit@20 : 0.049    hit@50 : 0.0641    hit@100 : 0.0799    ndcg@5 : 0.0304    ndcg@10 : 0.0319    ndcg@20 : 0.0337    ndcg@50 : 0.0367    ndcg@100 : 0.0392    mrr@5 : 0.028    mrr@10 : 0.0286    mrr@20 : 0.0291    mrr@50 : 0.0296    mrr@100 : 0.0298    precision@5 : 0.0075    precision@10 : 0.0042    precision@20 : 0.0025    precision@50 : 0.0013    precision@100 : 0.0008
[2026-07-16 22:40:46,330][root][INFO] - [1;32mepoch 19 training[0m [[1;34mtime[0m: 44.96s, [1;34mtrain loss[0m: 2216.8861]
[2026-07-16 22:40:46,558][root][INFO] - [1;32mepoch 19 evaluating[0m [[1;34mtime[0m: 0.23s, [1;34mvalid_score[0m: 0.031900]
[2026-07-16 22:40:46,559][root][INFO] - [1;34mvalid result[0m: 
hit@5 : 0.0376    hit@10 : 0.0419    hit@20 : 0.0487    hit@50 : 0.0633    hit@100 : 0.079    ndcg@5 : 0.0305    ndcg@10 : 0.0319    ndcg@20 : 0.0337    ndcg@50 : 0.0365    ndcg@100 : 0.0391    mrr@5 : 0.0281    mrr@10 : 0.0287    mrr@20 : 0.0292    mrr@50 : 0.0296    mrr@100 : 0.0298    precision@5 : 0.0075    precision@10 : 0.0042    precision@20 : 0.0024    precision@50 : 0.0013    precision@100 : 0.0008
[2026-07-16 22:41:31,319][root][INFO] - [1;32mepoch 20 training[0m [[1;34mtime[0m: 44.76s, [1;34mtrain loss[0m: 2186.9265]
[2026-07-16 22:41:31,539][root][INFO] - [1;32mepoch 20 evaluating[0m [[1;34mtime[0m: 0.22s, [1;34mvalid_score[0m: 0.032100]
[2026-07-16 22:41:31,539][root][INFO] - [1;34mvalid result[0m: 
hit@5 : 0.0371    hit@10 : 0.0423    hit@20 : 0.0489    hit@50 : 0.0625    hit@100 : 0.0785    ndcg@5 : 0.0305    ndcg@10 : 0.0321    ndcg@20 : 0.0338    ndcg@50 : 0.0365    ndcg@100 : 0.0391    mrr@5 : 0.0282    mrr@10 : 0.0289    mrr@20 : 0.0294    mrr@50 : 0.0298    mrr@100 : 0.03    precision@5 : 0.0074    precision@10 : 0.0042    precision@20 : 0.0024    precision@50 : 0.0013    precision@100 : 0.0008
[2026-07-16 22:41:31,540][root][INFO] - Finished training, best eval result in epoch 9
[2026-07-16 22:41:31,726][root][INFO] - Loading model structure and parameters from checkpoint/SASRec-BEST-2025.tune.ckpt-dom3-full
[2026-07-16 22:41:31,942][__main__][INFO] - [1;33mtest result[0m: OrderedDict([('hit@5', 0.0322), ('hit@10', 0.0351), ('hit@20', 0.0406), ('hit@50', 0.0536), ('hit@100', 0.0684), ('ndcg@5', 0.0264), ('ndcg@10', 0.0274), ('ndcg@20', 0.0288), ('ndcg@50', 0.0313), ('ndcg@100', 0.0337), ('mrr@5', 0.0245), ('mrr@10', 0.0249), ('mrr@20', 0.0252), ('mrr@50', 0.0256), ('mrr@100', 0.0259), ('precision@5', 0.0064), ('precision@10', 0.0035), ('precision@20', 0.002), ('precision@50', 0.0011), ('precision@100', 0.0007)])
