[2026-07-16 21:51:57,452][root][WARNING] - command line args [-m stage=tun gpu_id=0 seed=2025 train_type=sim target_dom=dom2] will not be used in RecBole
[2026-07-16 21:51:57,601][__main__][INFO] - 
[1;35mGeneral Hyper Parameters:
[0m[1;36mgpu_id[0m =[1;33m 0[0m
[1;36muse_gpu[0m =[1;33m True[0m
[1;36mseed[0m =[1;33m 2025[0m
[1;36mstate[0m =[1;33m INFO[0m
[1;36mreproducibility[0m =[1;33m True[0m
[1;36mdata_path[0m =[1;33m dataset/BEST[0m
[1;36mcheckpoint_dir[0m =[1;33m checkpoint[0m
[1;36mshow_progress[0m =[1;33m True[0m
[1;36msave_dataset[0m =[1;33m False[0m
[1;36mdataset_save_path[0m =[1;33m None[0m
[1;36msave_dataloaders[0m =[1;33m False[0m
[1;36mdataloaders_save_path[0m =[1;33m None[0m
[1;36mlog_wandb[0m =[1;33m False[0m

[1;35mTraining Hyper Parameters:
[0m[1;36mepochs[0m =[1;33m 300[0m
[1;36mtrain_batch_size[0m =[1;33m 128[0m
[1;36mlearner[0m =[1;33m adam[0m
[1;36mlearning_rate[0m =[1;33m 0.0003[0m
[1;36mtrain_neg_sample_args[0m =[1;33m {'distribution': 'none', 'sample_num': 'none', 'alpha': 'none', 'dynamic': False, 'candidate_num': 0}[0m
[1;36meval_step[0m =[1;33m 1[0m
[1;36mstopping_step[0m =[1;33m 10[0m
[1;36mclip_grad_norm[0m =[1;33m None[0m
[1;36mweight_decay[0m =[1;33m 0.0[0m
[1;36mloss_decimal_place[0m =[1;33m 4[0m

[1;35mEvaluation Hyper Parameters:
[0m[1;36meval_args[0m =[1;33m {'split': {'LS': 'valid_and_test'}, 'order': 'TO', 'group_by': 'user', 'mode': {'valid': 'full', 'test': 'full'}}[0m
[1;36mrepeatable[0m =[1;33m True[0m
[1;36mmetrics[0m =[1;33m ['HIT', 'NDCG', 'MRR', 'Precision'][0m
[1;36mtopk[0m =[1;33m [5, 10, 20, 50, 100][0m
[1;36mvalid_metric[0m =[1;33m NDCG@10[0m
[1;36mvalid_metric_bigger[0m =[1;33m True[0m
[1;36meval_batch_size[0m =[1;33m 4096[0m
[1;36mmetric_decimal_place[0m =[1;33m 4[0m

[1;35mDataset Hyper Parameters:
[0m[1;36mfield_separator[0m =[1;33m 	[0m
[1;36mseq_separator[0m =[1;33m  [0m
[1;36mUSER_ID_FIELD[0m =[1;33m user_id[0m
[1;36mITEM_ID_FIELD[0m =[1;33m item_id[0m
[1;36mRATING_FIELD[0m =[1;33m rating[0m
[1;36mTIME_FIELD[0m =[1;33m timestamp[0m
[1;36mseq_len[0m =[1;33m None[0m
[1;36mLABEL_FIELD[0m =[1;33m label[0m
[1;36mthreshold[0m =[1;33m None[0m
[1;36mNEG_PREFIX[0m =[1;33m neg_[0m
[1;36mload_col[0m =[1;33m {'inter': ['user_id', 'item_id_list', 'item_id']}[0m
[1;36munload_col[0m =[1;33m None[0m
[1;36munused_col[0m =[1;33m None[0m
[1;36madditional_feat_suffix[0m =[1;33m None[0m
[1;36mrm_dup_inter[0m =[1;33m None[0m
[1;36mval_interval[0m =[1;33m None[0m
[1;36mfilter_inter_by_user_or_item[0m =[1;33m True[0m
[1;36muser_inter_num_interval[0m =[1;33m [0,inf)[0m
[1;36mitem_inter_num_interval[0m =[1;33m [0,inf)[0m
[1;36malias_of_user_id[0m =[1;33m None[0m
[1;36malias_of_item_id[0m =[1;33m ['item_id_list'][0m
[1;36malias_of_entity_id[0m =[1;33m None[0m
[1;36malias_of_relation_id[0m =[1;33m None[0m
[1;36mpreload_weight[0m =[1;33m None[0m
[1;36mnormalize_field[0m =[1;33m None[0m
[1;36mnormalize_all[0m =[1;33m None[0m
[1;36mITEM_LIST_LENGTH_FIELD[0m =[1;33m item_length[0m
[1;36mLIST_SUFFIX[0m =[1;33m _list[0m
[1;36mMAX_ITEM_LIST_LENGTH[0m =[1;33m 128[0m
[1;36mPOSITION_FIELD[0m =[1;33m position_id[0m
[1;36mHEAD_ENTITY_ID_FIELD[0m =[1;33m head_id[0m
[1;36mTAIL_ENTITY_ID_FIELD[0m =[1;33m tail_id[0m
[1;36mRELATION_ID_FIELD[0m =[1;33m relation_id[0m
[1;36mENTITY_ID_FIELD[0m =[1;33m entity_id[0m
[1;36mbenchmark_filename[0m =[1;33m ['full.train', 'full.valid', 'full.test', 'dom1.train', 'dom1.valid', 'dom1.test', 'dom2.train', 'dom2.valid', 'dom2.test', 'dom3.train', 'dom3.valid', 'dom3.test', 'dom4.train', 'dom4.valid', 'dom4.test'][0m

[1;35mOther Hyper Parameters: 
[0m[1;36mworker[0m = [1;33m0[0m
[1;36mwandb_project[0m = [1;33mrecbole[0m
[1;36mshuffle[0m = [1;33mTrue[0m
[1;36mrequire_pow[0m = [1;33mFalse[0m
[1;36menable_amp[0m = [1;33mFalse[0m
[1;36menable_scaler[0m = [1;33mFalse[0m
[1;36mtransform[0m = [1;33mNone[0m
[1;36mn_layers[0m = [1;33m2[0m
[1;36mn_heads[0m = [1;33m2[0m
[1;36mhidden_size[0m = [1;33m128[0m
[1;36minner_size[0m = [1;33m128[0m
[1;36mhidden_dropout_prob[0m = [1;33m0.2[0m
[1;36mattn_dropout_prob[0m = [1;33m0.2[0m
[1;36mhidden_act[0m = [1;33mgelu[0m
[1;36mlayer_norm_eps[0m = [1;33m1e-12[0m
[1;36minitializer_range[0m = [1;33m0.02[0m
[1;36mloss_type[0m = [1;33mCE[0m
[1;36mnumerical_features[0m = [1;33m[][0m
[1;36mdiscretization[0m = [1;33mNone[0m
[1;36mkg_reverse_r[0m = [1;33mFalse[0m
[1;36mentity_kg_num_interval[0m = [1;33m[0,inf)[0m
[1;36mrelation_kg_num_interval[0m = [1;33m[0,inf)[0m
[1;36mMODEL_TYPE[0m = [1;33mModelType.SEQUENTIAL[0m
[1;36mmodel_name[0m = [1;33mSASRec[0m
[1;36mitem_path[0m = [1;33mdataset/BEST/BEST.item[0m
[1;36mstage[0m = [1;33mtun[0m
[1;36mdomains[0m = [1;33m4[0m
[1;36mtarget_dom[0m = [1;33mdom2[0m
[1;36mtrain_type[0m = [1;33msim[0m
[1;36mnew_inter_path[0m = [1;33mdataset/BEST/BEST.2025.dom2.train.inter[0m
[1;36mckpt_para[0m = [1;33mcheckpoint/SASRec-BEST-2025[0m
[1;36mfull_ckpt[0m = [1;33mcheckpoint/SASRec-BEST-2025.full.ckpt[0m
[1;36mdom1_ckpt[0m = [1;33mcheckpoint/SASRec-BEST-2025.dom1.ckpt[0m
[1;36mdom2_ckpt[0m = [1;33mcheckpoint/SASRec-BEST-2025.dom2.ckpt[0m
[1;36mdom3_ckpt[0m = [1;33mcheckpoint/SASRec-BEST-2025.dom3.ckpt[0m
[1;36mdom4_ckpt[0m = [1;33mcheckpoint/SASRec-BEST-2025.dom4.ckpt[0m
[1;36mtune_ckpt[0m = [1;33mcheckpoint/SASRec-BEST-2025.tune.ckpt[0m
[1;36mbase[0m = [1;33m{'experiment_name': 'v9-Taesar.SASRec.BEST', 'method': 'tun.dom2.sim.seed_2025', 'run_name': 'tun.dom2.sim.seed_2025.2026-07-16.21-51-47', 'data_dir_root': 'dataset', 'save_dir_root': './save', 'save_method_dir': './save/v9-Taesar.SASRec.BEST/tun.dom2.sim.seed_2025', 'save_dir': './save/v9-Taesar.SASRec.BEST/tun.dom2.sim.seed_2025/2026-07-16.21-51-47'}[0m
[1;36mMODEL_INPUT_TYPE[0m = [1;33mInputType.POINTWISE[0m
[1;36meval_type[0m = [1;33mEvaluatorType.RANKING[0m
[1;36msingle_spec[0m = [1;33mTrue[0m
[1;36mlocal_rank[0m = [1;33m0[0m
[1;36mdevice[0m = [1;33mcuda[0m
[1;36mvalid_neg_sample_args[0m = [1;33m{'distribution': 'uniform', 'sample_num': 'none'}[0m
[1;36mtest_neg_sample_args[0m = [1;33m{'distribution': 'uniform', 'sample_num': 'none'}[0m


[2026-07-16 21:51:58,142][__main__][INFO] - [1;35mBEST[0m
[1;34mThe number of users[0m: 40166
[1;34mAverage actions of users[0m: 1.4733225445039213
[1;34mThe number of items[0m: 44279
[1;34mAverage actions of items[0m: 2.822339867410693
[1;34mThe number of inters[0m: 59176
[1;34mThe sparsity of the dataset[0m: 99.99667272101071%
[1;34mRemain Fields[0m: ['user_id', 'item_id_list', 'item_id', 'item_length']
[2026-07-16 21:51:58,764][root][INFO] - [1;35m[Training]: [0m[1;36mtrain_batch_size[0m = [1;33m[128][0m[1;36m train_neg_sample_args[0m: [1;33m[{'distribution': 'none', 'sample_num': 'none', 'alpha': 'none', 'dynamic': False, 'candidate_num': 0}][0m
[2026-07-16 21:51:58,764][root][INFO] - [1;35m[Evaluation]: [0m[1;36meval_batch_size[0m = [1;33m[4096][0m[1;36m eval_args[0m: [1;33m[{'split': {'LS': 'valid_and_test'}, 'order': 'TO', 'group_by': 'user', 'mode': {'valid': 'full', 'test': 'full'}}][0m
[2026-07-16 21:52:20,877][root][INFO] - [1;32mepoch 0 training[0m [[1;34mtime[0m: 21.25s, [1;34mtrain loss[0m: 3215.8664]
[2026-07-16 21:52:21,078][root][INFO] - [1;32mepoch 0 evaluating[0m [[1;34mtime[0m: 0.20s, [1;34mvalid_score[0m: 0.003500]
[2026-07-16 21:52:21,079][root][INFO] - [1;34mvalid result[0m: 
hit@5 : 0.0023    hit@10 : 0.0083    hit@20 : 0.0193    hit@50 : 0.0375    hit@100 : 0.056    ndcg@5 : 0.0016    ndcg@10 : 0.0035    ndcg@20 : 0.0063    ndcg@50 : 0.0098    ndcg@100 : 0.0128    mrr@5 : 0.0014    mrr@10 : 0.0021    mrr@20 : 0.0029    mrr@50 : 0.0034    mrr@100 : 0.0037    precision@5 : 0.0005    precision@10 : 0.0008    precision@20 : 0.001    precision@50 : 0.0007    precision@100 : 0.0006
[2026-07-16 21:52:21,165][root][INFO] - [1;34mSaving current[0m: checkpoint/SASRec-BEST-2025.tune.ckpt-dom2-sim
[2026-07-16 21:52:42,186][root][INFO] - [1;32mepoch 1 training[0m [[1;34mtime[0m: 21.02s, [1;34mtrain loss[0m: 3106.5540]
[2026-07-16 21:52:42,333][root][INFO] - [1;32mepoch 1 evaluating[0m [[1;34mtime[0m: 0.15s, [1;34mvalid_score[0m: 0.011400]
[2026-07-16 21:52:42,334][root][INFO] - [1;34mvalid result[0m: 
hit@5 : 0.0125    hit@10 : 0.0189    hit@20 : 0.0281    hit@50 : 0.049    hit@100 : 0.0718    ndcg@5 : 0.0093    ndcg@10 : 0.0114    ndcg@20 : 0.0136    ndcg@50 : 0.0178    ndcg@100 : 0.0214    mrr@5 : 0.0082    mrr@10 : 0.0091    mrr@20 : 0.0097    mrr@50 : 0.0103    mrr@100 : 0.0107    precision@5 : 0.0025    precision@10 : 0.0019    precision@20 : 0.0014    precision@50 : 0.001    precision@100 : 0.0007
[2026-07-16 21:52:42,464][root][INFO] - [1;34mSaving current[0m: checkpoint/SASRec-BEST-2025.tune.ckpt-dom2-sim
[2026-07-16 21:53:03,851][root][INFO] - [1;32mepoch 2 training[0m [[1;34mtime[0m: 21.39s, [1;34mtrain loss[0m: 3000.9652]
[2026-07-16 21:53:03,988][root][INFO] - [1;32mepoch 2 evaluating[0m [[1;34mtime[0m: 0.14s, [1;34mvalid_score[0m: 0.021200]
[2026-07-16 21:53:03,988][root][INFO] - [1;34mvalid result[0m: 
hit@5 : 0.023    hit@10 : 0.0305    hit@20 : 0.0403    hit@50 : 0.0643    hit@100 : 0.0896    ndcg@5 : 0.0188    ndcg@10 : 0.0212    ndcg@20 : 0.0237    ndcg@50 : 0.0284    ndcg@100 : 0.0325    mrr@5 : 0.0174    mrr@10 : 0.0184    mrr@20 : 0.0191    mrr@50 : 0.0198    mrr@100 : 0.0202    precision@5 : 0.0046    precision@10 : 0.003    precision@20 : 0.002    precision@50 : 0.0013    precision@100 : 0.0009
[2026-07-16 21:53:04,115][root][INFO] - [1;34mSaving current[0m: checkpoint/SASRec-BEST-2025.tune.ckpt-dom2-sim
[2026-07-16 21:53:25,646][root][INFO] - [1;32mepoch 3 training[0m [[1;34mtime[0m: 21.53s, [1;34mtrain loss[0m: 2892.5423]
[2026-07-16 21:53:25,790][root][INFO] - [1;32mepoch 3 evaluating[0m [[1;34mtime[0m: 0.14s, [1;34mvalid_score[0m: 0.025900]
[2026-07-16 21:53:25,790][root][INFO] - [1;34mvalid result[0m: 
hit@5 : 0.0285    hit@10 : 0.035    hit@20 : 0.0454    hit@50 : 0.0703    hit@100 : 0.0918    ndcg@5 : 0.0238    ndcg@10 : 0.0259    ndcg@20 : 0.0285    ndcg@50 : 0.0334    ndcg@100 : 0.0369    mrr@5 : 0.0223    mrr@10 : 0.0231    mrr@20 : 0.0238    mrr@50 : 0.0246    mrr@100 : 0.0249    precision@5 : 0.0057    precision@10 : 0.0035    precision@20 : 0.0023    precision@50 : 0.0014    precision@100 : 0.0009
[2026-07-16 21:53:25,912][root][INFO] - [1;34mSaving current[0m: checkpoint/SASRec-BEST-2025.tune.ckpt-dom2-sim
[2026-07-16 21:53:47,091][root][INFO] - [1;32mepoch 4 training[0m [[1;34mtime[0m: 21.18s, [1;34mtrain loss[0m: 2792.4548]
[2026-07-16 21:53:47,231][root][INFO] - [1;32mepoch 4 evaluating[0m [[1;34mtime[0m: 0.14s, [1;34mvalid_score[0m: 0.028500]
[2026-07-16 21:53:47,231][root][INFO] - [1;34mvalid result[0m: 
hit@5 : 0.0311    hit@10 : 0.0377    hit@20 : 0.0484    hit@50 : 0.0717    hit@100 : 0.0961    ndcg@5 : 0.0264    ndcg@10 : 0.0285    ndcg@20 : 0.0311    ndcg@50 : 0.0357    ndcg@100 : 0.0396    mrr@5 : 0.0248    mrr@10 : 0.0256    mrr@20 : 0.0263    mrr@50 : 0.0271    mrr@100 : 0.0274    precision@5 : 0.0062    precision@10 : 0.0038    precision@20 : 0.0024    precision@50 : 0.0014    precision@100 : 0.001
[2026-07-16 21:53:47,329][root][INFO] - [1;34mSaving current[0m: checkpoint/SASRec-BEST-2025.tune.ckpt-dom2-sim
[2026-07-16 21:54:08,615][root][INFO] - [1;32mepoch 5 training[0m [[1;34mtime[0m: 21.29s, [1;34mtrain loss[0m: 2699.3300]
[2026-07-16 21:54:08,753][root][INFO] - [1;32mepoch 5 evaluating[0m [[1;34mtime[0m: 0.14s, [1;34mvalid_score[0m: 0.029600]
[2026-07-16 21:54:08,754][root][INFO] - [1;34mvalid result[0m: 
hit@5 : 0.032    hit@10 : 0.0392    hit@20 : 0.0487    hit@50 : 0.071    hit@100 : 0.0969    ndcg@5 : 0.0273    ndcg@10 : 0.0296    ndcg@20 : 0.032    ndcg@50 : 0.0364    ndcg@100 : 0.0405    mrr@5 : 0.0257    mrr@10 : 0.0267    mrr@20 : 0.0273    mrr@50 : 0.028    mrr@100 : 0.0284    precision@5 : 0.0064    precision@10 : 0.0039    precision@20 : 0.0024    precision@50 : 0.0014    precision@100 : 0.001
[2026-07-16 21:54:08,866][root][INFO] - [1;34mSaving current[0m: checkpoint/SASRec-BEST-2025.tune.ckpt-dom2-sim
[2026-07-16 21:54:29,952][root][INFO] - [1;32mepoch 6 training[0m [[1;34mtime[0m: 21.09s, [1;34mtrain loss[0m: 2612.8755]
[2026-07-16 21:54:30,090][root][INFO] - [1;32mepoch 6 evaluating[0m [[1;34mtime[0m: 0.14s, [1;34mvalid_score[0m: 0.030000]
[2026-07-16 21:54:30,090][root][INFO] - [1;34mvalid result[0m: 
hit@5 : 0.0334    hit@10 : 0.0394    hit@20 : 0.0501    hit@50 : 0.071    hit@100 : 0.0951    ndcg@5 : 0.0281    ndcg@10 : 0.03    ndcg@20 : 0.0327    ndcg@50 : 0.0368    ndcg@100 : 0.0407    mrr@5 : 0.0263    mrr@10 : 0.0271    mrr@20 : 0.0279    mrr@50 : 0.0285    mrr@100 : 0.0288    precision@5 : 0.0067    precision@10 : 0.0039    precision@20 : 0.0025    precision@50 : 0.0014    precision@100 : 0.001
[2026-07-16 21:54:30,183][root][INFO] - [1;34mSaving current[0m: checkpoint/SASRec-BEST-2025.tune.ckpt-dom2-sim
[2026-07-16 21:54:51,515][root][INFO] - [1;32mepoch 7 training[0m [[1;34mtime[0m: 21.33s, [1;34mtrain loss[0m: 2532.7140]
[2026-07-16 21:54:51,654][root][INFO] - [1;32mepoch 7 evaluating[0m [[1;34mtime[0m: 0.14s, [1;34mvalid_score[0m: 0.030800]
[2026-07-16 21:54:51,654][root][INFO] - [1;34mvalid result[0m: 
hit@5 : 0.0355    hit@10 : 0.0415    hit@20 : 0.0503    hit@50 : 0.0709    hit@100 : 0.0957    ndcg@5 : 0.0289    ndcg@10 : 0.0308    ndcg@20 : 0.033    ndcg@50 : 0.037    ndcg@100 : 0.041    mrr@5 : 0.0266    mrr@10 : 0.0274    mrr@20 : 0.028    mrr@50 : 0.0287    mrr@100 : 0.029    precision@5 : 0.0071    precision@10 : 0.0042    precision@20 : 0.0025    precision@50 : 0.0014    precision@100 : 0.001
[2026-07-16 21:54:51,777][root][INFO] - [1;34mSaving current[0m: checkpoint/SASRec-BEST-2025.tune.ckpt-dom2-sim
[2026-07-16 21:55:13,661][root][INFO] - [1;32mepoch 8 training[0m [[1;34mtime[0m: 21.88s, [1;34mtrain loss[0m: 2460.6304]
[2026-07-16 21:55:13,800][root][INFO] - [1;32mepoch 8 evaluating[0m [[1;34mtime[0m: 0.14s, [1;34mvalid_score[0m: 0.030900]
[2026-07-16 21:55:13,801][root][INFO] - [1;34mvalid result[0m: 
hit@5 : 0.0349    hit@10 : 0.0419    hit@20 : 0.0504    hit@50 : 0.0706    hit@100 : 0.0957    ndcg@5 : 0.0287    ndcg@10 : 0.0309    ndcg@20 : 0.0331    ndcg@50 : 0.0371    ndcg@100 : 0.0411    mrr@5 : 0.0266    mrr@10 : 0.0275    mrr@20 : 0.0281    mrr@50 : 0.0288    mrr@100 : 0.0291    precision@5 : 0.007    precision@10 : 0.0042    precision@20 : 0.0025    precision@50 : 0.0014    precision@100 : 0.001
[2026-07-16 21:55:13,897][root][INFO] - [1;34mSaving current[0m: checkpoint/SASRec-BEST-2025.tune.ckpt-dom2-sim
[2026-07-16 21:55:35,429][root][INFO] - [1;32mepoch 9 training[0m [[1;34mtime[0m: 21.53s, [1;34mtrain loss[0m: 2397.7793]
[2026-07-16 21:55:35,570][root][INFO] - [1;32mepoch 9 evaluating[0m [[1;34mtime[0m: 0.14s, [1;34mvalid_score[0m: 0.030600]
[2026-07-16 21:55:35,570][root][INFO] - [1;34mvalid result[0m: 
hit@5 : 0.0352    hit@10 : 0.042    hit@20 : 0.0512    hit@50 : 0.0695    hit@100 : 0.0928    ndcg@5 : 0.0284    ndcg@10 : 0.0306    ndcg@20 : 0.0328    ndcg@50 : 0.0364    ndcg@100 : 0.0402    mrr@5 : 0.0261    mrr@10 : 0.027    mrr@20 : 0.0276    mrr@50 : 0.0282    mrr@100 : 0.0285    precision@5 : 0.007    precision@10 : 0.0042    precision@20 : 0.0026    precision@50 : 0.0014    precision@100 : 0.0009
[2026-07-16 21:55:56,516][root][INFO] - [1;32mepoch 10 training[0m [[1;34mtime[0m: 20.94s, [1;34mtrain loss[0m: 2343.0851]
[2026-07-16 21:55:56,653][root][INFO] - [1;32mepoch 10 evaluating[0m [[1;34mtime[0m: 0.14s, [1;34mvalid_score[0m: 0.030200]
[2026-07-16 21:55:56,653][root][INFO] - [1;34mvalid result[0m: 
hit@5 : 0.035    hit@10 : 0.041    hit@20 : 0.0502    hit@50 : 0.0696    hit@100 : 0.092    ndcg@5 : 0.0283    ndcg@10 : 0.0302    ndcg@20 : 0.0325    ndcg@50 : 0.0363    ndcg@100 : 0.0399    mrr@5 : 0.026    mrr@10 : 0.0268    mrr@20 : 0.0274    mrr@50 : 0.028    mrr@100 : 0.0283    precision@5 : 0.007    precision@10 : 0.0041    precision@20 : 0.0025    precision@50 : 0.0014    precision@100 : 0.0009
[2026-07-16 21:56:17,587][root][INFO] - [1;32mepoch 11 training[0m [[1;34mtime[0m: 20.93s, [1;34mtrain loss[0m: 2296.1191]
[2026-07-16 21:56:17,723][root][INFO] - [1;32mepoch 11 evaluating[0m [[1;34mtime[0m: 0.13s, [1;34mvalid_score[0m: 0.029900]
[2026-07-16 21:56:17,723][root][INFO] - [1;34mvalid result[0m: 
hit@5 : 0.035    hit@10 : 0.0408    hit@20 : 0.0504    hit@50 : 0.0682    hit@100 : 0.093    ndcg@5 : 0.0281    ndcg@10 : 0.0299    ndcg@20 : 0.0324    ndcg@50 : 0.0359    ndcg@100 : 0.0399    mrr@5 : 0.0257    mrr@10 : 0.0265    mrr@20 : 0.0272    mrr@50 : 0.0277    mrr@100 : 0.0281    precision@5 : 0.007    precision@10 : 0.0041    precision@20 : 0.0025    precision@50 : 0.0014    precision@100 : 0.0009
[2026-07-16 21:56:38,542][root][INFO] - [1;32mepoch 12 training[0m [[1;34mtime[0m: 20.82s, [1;34mtrain loss[0m: 2255.3345]
[2026-07-16 21:56:38,712][root][INFO] - [1;32mepoch 12 evaluating[0m [[1;34mtime[0m: 0.17s, [1;34mvalid_score[0m: 0.029900]
[2026-07-16 21:56:38,713][root][INFO] - [1;34mvalid result[0m: 
hit@5 : 0.0345    hit@10 : 0.0408    hit@20 : 0.0502    hit@50 : 0.0677    hit@100 : 0.0917    ndcg@5 : 0.0278    ndcg@10 : 0.0299    ndcg@20 : 0.0322    ndcg@50 : 0.0357    ndcg@100 : 0.0395    mrr@5 : 0.0256    mrr@10 : 0.0264    mrr@20 : 0.0271    mrr@50 : 0.0276    mrr@100 : 0.0279    precision@5 : 0.0069    precision@10 : 0.0041    precision@20 : 0.0025    precision@50 : 0.0014    precision@100 : 0.0009
[2026-07-16 21:56:59,701][root][INFO] - [1;32mepoch 13 training[0m [[1;34mtime[0m: 20.99s, [1;34mtrain loss[0m: 2218.8172]
[2026-07-16 21:56:59,847][root][INFO] - [1;32mepoch 13 evaluating[0m [[1;34mtime[0m: 0.14s, [1;34mvalid_score[0m: 0.029300]
[2026-07-16 21:56:59,847][root][INFO] - [1;34mvalid result[0m: 
hit@5 : 0.0332    hit@10 : 0.0399    hit@20 : 0.0478    hit@50 : 0.0666    hit@100 : 0.0901    ndcg@5 : 0.0271    ndcg@10 : 0.0293    ndcg@20 : 0.0314    ndcg@50 : 0.035    ndcg@100 : 0.0389    mrr@5 : 0.0251    mrr@10 : 0.026    mrr@20 : 0.0266    mrr@50 : 0.0271    mrr@100 : 0.0275    precision@5 : 0.0066    precision@10 : 0.004    precision@20 : 0.0024    precision@50 : 0.0013    precision@100 : 0.0009
[2026-07-16 21:57:20,845][root][INFO] - [1;32mepoch 14 training[0m [[1;34mtime[0m: 21.00s, [1;34mtrain loss[0m: 2185.5058]
[2026-07-16 21:57:20,984][root][INFO] - [1;32mepoch 14 evaluating[0m [[1;34mtime[0m: 0.14s, [1;34mvalid_score[0m: 0.029200]
[2026-07-16 21:57:20,984][root][INFO] - [1;34mvalid result[0m: 
hit@5 : 0.0334    hit@10 : 0.0398    hit@20 : 0.048    hit@50 : 0.0657    hit@100 : 0.0893    ndcg@5 : 0.0271    ndcg@10 : 0.0292    ndcg@20 : 0.0312    ndcg@50 : 0.0347    ndcg@100 : 0.0386    mrr@5 : 0.025    mrr@10 : 0.0258    mrr@20 : 0.0264    mrr@50 : 0.027    mrr@100 : 0.0273    precision@5 : 0.0067    precision@10 : 0.004    precision@20 : 0.0024    precision@50 : 0.0013    precision@100 : 0.0009
[2026-07-16 21:57:41,919][root][INFO] - [1;32mepoch 15 training[0m [[1;34mtime[0m: 20.93s, [1;34mtrain loss[0m: 2156.3731]
[2026-07-16 21:57:42,056][root][INFO] - [1;32mepoch 15 evaluating[0m [[1;34mtime[0m: 0.14s, [1;34mvalid_score[0m: 0.029000]
[2026-07-16 21:57:42,057][root][INFO] - [1;34mvalid result[0m: 
hit@5 : 0.0327    hit@10 : 0.0395    hit@20 : 0.0486    hit@50 : 0.0665    hit@100 : 0.0894    ndcg@5 : 0.0268    ndcg@10 : 0.029    ndcg@20 : 0.0313    ndcg@50 : 0.0348    ndcg@100 : 0.0385    mrr@5 : 0.0248    mrr@10 : 0.0257    mrr@20 : 0.0263    mrr@50 : 0.0269    mrr@100 : 0.0272    precision@5 : 0.0065    precision@10 : 0.004    precision@20 : 0.0024    precision@50 : 0.0013    precision@100 : 0.0009
[2026-07-16 21:58:03,412][root][INFO] - [1;32mepoch 16 training[0m [[1;34mtime[0m: 21.35s, [1;34mtrain loss[0m: 2128.7334]
[2026-07-16 21:58:03,560][root][INFO] - [1;32mepoch 16 evaluating[0m [[1;34mtime[0m: 0.15s, [1;34mvalid_score[0m: 0.029000]
[2026-07-16 21:58:03,560][root][INFO] - [1;34mvalid result[0m: 
hit@5 : 0.0321    hit@10 : 0.04    hit@20 : 0.0474    hit@50 : 0.0647    hit@100 : 0.0862    ndcg@5 : 0.0265    ndcg@10 : 0.029    ndcg@20 : 0.0309    ndcg@50 : 0.0343    ndcg@100 : 0.0378    mrr@5 : 0.0246    mrr@10 : 0.0256    mrr@20 : 0.0261    mrr@50 : 0.0267    mrr@100 : 0.027    precision@5 : 0.0064    precision@10 : 0.004    precision@20 : 0.0024    precision@50 : 0.0013    precision@100 : 0.0009
[2026-07-16 21:58:24,855][root][INFO] - [1;32mepoch 17 training[0m [[1;34mtime[0m: 21.29s, [1;34mtrain loss[0m: 2101.6607]
[2026-07-16 21:58:24,992][root][INFO] - [1;32mepoch 17 evaluating[0m [[1;34mtime[0m: 0.14s, [1;34mvalid_score[0m: 0.028400]
[2026-07-16 21:58:24,992][root][INFO] - [1;34mvalid result[0m: 
hit@5 : 0.0326    hit@10 : 0.0377    hit@20 : 0.0467    hit@50 : 0.0645    hit@100 : 0.0893    ndcg@5 : 0.0268    ndcg@10 : 0.0284    ndcg@20 : 0.0306    ndcg@50 : 0.0342    ndcg@100 : 0.0381    mrr@5 : 0.0248    mrr@10 : 0.0254    mrr@20 : 0.026    mrr@50 : 0.0266    mrr@100 : 0.0269    precision@5 : 0.0065    precision@10 : 0.0038    precision@20 : 0.0023    precision@50 : 0.0013    precision@100 : 0.0009
[2026-07-16 21:58:46,276][root][INFO] - [1;32mepoch 18 training[0m [[1;34mtime[0m: 21.28s, [1;34mtrain loss[0m: 2076.8153]
[2026-07-16 21:58:46,416][root][INFO] - [1;32mepoch 18 evaluating[0m [[1;34mtime[0m: 0.14s, [1;34mvalid_score[0m: 0.028400]
[2026-07-16 21:58:46,416][root][INFO] - [1;34mvalid result[0m: 
hit@5 : 0.0329    hit@10 : 0.0372    hit@20 : 0.0467    hit@50 : 0.0637    hit@100 : 0.086    ndcg@5 : 0.027    ndcg@10 : 0.0284    ndcg@20 : 0.0307    ndcg@50 : 0.0341    ndcg@100 : 0.0377    mrr@5 : 0.025    mrr@10 : 0.0255    mrr@20 : 0.0262    mrr@50 : 0.0267    mrr@100 : 0.027    precision@5 : 0.0066    precision@10 : 0.0037    precision@20 : 0.0023    precision@50 : 0.0013    precision@100 : 0.0009
[2026-07-16 21:59:07,640][root][INFO] - [1;32mepoch 19 training[0m [[1;34mtime[0m: 21.22s, [1;34mtrain loss[0m: 2052.4232]
[2026-07-16 21:59:07,778][root][INFO] - [1;32mepoch 19 evaluating[0m [[1;34mtime[0m: 0.14s, [1;34mvalid_score[0m: 0.028200]
[2026-07-16 21:59:07,778][root][INFO] - [1;34mvalid result[0m: 
hit@5 : 0.0327    hit@10 : 0.0373    hit@20 : 0.0463    hit@50 : 0.0634    hit@100 : 0.0871    ndcg@5 : 0.0267    ndcg@10 : 0.0282    ndcg@20 : 0.0304    ndcg@50 : 0.0338    ndcg@100 : 0.0377    mrr@5 : 0.0247    mrr@10 : 0.0253    mrr@20 : 0.0259    mrr@50 : 0.0264    mrr@100 : 0.0268    precision@5 : 0.0065    precision@10 : 0.0037    precision@20 : 0.0023    precision@50 : 0.0013    precision@100 : 0.0009
[2026-07-16 21:59:07,779][root][INFO] - Finished training, best eval result in epoch 8
[2026-07-16 21:59:07,816][root][INFO] - Loading model structure and parameters from checkpoint/SASRec-BEST-2025.tune.ckpt-dom2-sim
[2026-07-16 21:59:07,941][__main__][INFO] - [1;33mtest result[0m: OrderedDict([('hit@5', 0.0292), ('hit@10', 0.0352), ('hit@20', 0.0425), ('hit@50', 0.06), ('hit@100', 0.0822), ('ndcg@5', 0.0244), ('ndcg@10', 0.0263), ('ndcg@20', 0.0282), ('ndcg@50', 0.0316), ('ndcg@100', 0.0352), ('mrr@5', 0.0228), ('mrr@10', 0.0236), ('mrr@20', 0.0241), ('mrr@50', 0.0246), ('mrr@100', 0.0249), ('precision@5', 0.0058), ('precision@10', 0.0035), ('precision@20', 0.0021), ('precision@50', 0.0012), ('precision@100', 0.0008)])
