[2026-07-16 21:59:25,668][root][WARNING] - command line args [-m stage=tun gpu_id=0 seed=2025 train_type=full target_dom=dom2] will not be used in RecBole
[2026-07-16 21:59:25,810][__main__][INFO] - 
[1;35mGeneral Hyper Parameters:
[0m[1;36mgpu_id[0m =[1;33m 0[0m
[1;36muse_gpu[0m =[1;33m True[0m
[1;36mseed[0m =[1;33m 2025[0m
[1;36mstate[0m =[1;33m INFO[0m
[1;36mreproducibility[0m =[1;33m True[0m
[1;36mdata_path[0m =[1;33m dataset/BEST[0m
[1;36mcheckpoint_dir[0m =[1;33m checkpoint[0m
[1;36mshow_progress[0m =[1;33m True[0m
[1;36msave_dataset[0m =[1;33m False[0m
[1;36mdataset_save_path[0m =[1;33m None[0m
[1;36msave_dataloaders[0m =[1;33m False[0m
[1;36mdataloaders_save_path[0m =[1;33m None[0m
[1;36mlog_wandb[0m =[1;33m False[0m

[1;35mTraining Hyper Parameters:
[0m[1;36mepochs[0m =[1;33m 300[0m
[1;36mtrain_batch_size[0m =[1;33m 128[0m
[1;36mlearner[0m =[1;33m adam[0m
[1;36mlearning_rate[0m =[1;33m 0.0003[0m
[1;36mtrain_neg_sample_args[0m =[1;33m {'distribution': 'none', 'sample_num': 'none', 'alpha': 'none', 'dynamic': False, 'candidate_num': 0}[0m
[1;36meval_step[0m =[1;33m 1[0m
[1;36mstopping_step[0m =[1;33m 10[0m
[1;36mclip_grad_norm[0m =[1;33m None[0m
[1;36mweight_decay[0m =[1;33m 0.0[0m
[1;36mloss_decimal_place[0m =[1;33m 4[0m

[1;35mEvaluation Hyper Parameters:
[0m[1;36meval_args[0m =[1;33m {'split': {'LS': 'valid_and_test'}, 'order': 'TO', 'group_by': 'user', 'mode': {'valid': 'full', 'test': 'full'}}[0m
[1;36mrepeatable[0m =[1;33m True[0m
[1;36mmetrics[0m =[1;33m ['HIT', 'NDCG', 'MRR', 'Precision'][0m
[1;36mtopk[0m =[1;33m [5, 10, 20, 50, 100][0m
[1;36mvalid_metric[0m =[1;33m NDCG@10[0m
[1;36mvalid_metric_bigger[0m =[1;33m True[0m
[1;36meval_batch_size[0m =[1;33m 4096[0m
[1;36mmetric_decimal_place[0m =[1;33m 4[0m

[1;35mDataset Hyper Parameters:
[0m[1;36mfield_separator[0m =[1;33m 	[0m
[1;36mseq_separator[0m =[1;33m  [0m
[1;36mUSER_ID_FIELD[0m =[1;33m user_id[0m
[1;36mITEM_ID_FIELD[0m =[1;33m item_id[0m
[1;36mRATING_FIELD[0m =[1;33m rating[0m
[1;36mTIME_FIELD[0m =[1;33m timestamp[0m
[1;36mseq_len[0m =[1;33m None[0m
[1;36mLABEL_FIELD[0m =[1;33m label[0m
[1;36mthreshold[0m =[1;33m None[0m
[1;36mNEG_PREFIX[0m =[1;33m neg_[0m
[1;36mload_col[0m =[1;33m {'inter': ['user_id', 'item_id_list', 'item_id']}[0m
[1;36munload_col[0m =[1;33m None[0m
[1;36munused_col[0m =[1;33m None[0m
[1;36madditional_feat_suffix[0m =[1;33m None[0m
[1;36mrm_dup_inter[0m =[1;33m None[0m
[1;36mval_interval[0m =[1;33m None[0m
[1;36mfilter_inter_by_user_or_item[0m =[1;33m True[0m
[1;36muser_inter_num_interval[0m =[1;33m [0,inf)[0m
[1;36mitem_inter_num_interval[0m =[1;33m [0,inf)[0m
[1;36malias_of_user_id[0m =[1;33m None[0m
[1;36malias_of_item_id[0m =[1;33m ['item_id_list'][0m
[1;36malias_of_entity_id[0m =[1;33m None[0m
[1;36malias_of_relation_id[0m =[1;33m None[0m
[1;36mpreload_weight[0m =[1;33m None[0m
[1;36mnormalize_field[0m =[1;33m None[0m
[1;36mnormalize_all[0m =[1;33m None[0m
[1;36mITEM_LIST_LENGTH_FIELD[0m =[1;33m item_length[0m
[1;36mLIST_SUFFIX[0m =[1;33m _list[0m
[1;36mMAX_ITEM_LIST_LENGTH[0m =[1;33m 128[0m
[1;36mPOSITION_FIELD[0m =[1;33m position_id[0m
[1;36mHEAD_ENTITY_ID_FIELD[0m =[1;33m head_id[0m
[1;36mTAIL_ENTITY_ID_FIELD[0m =[1;33m tail_id[0m
[1;36mRELATION_ID_FIELD[0m =[1;33m relation_id[0m
[1;36mENTITY_ID_FIELD[0m =[1;33m entity_id[0m
[1;36mbenchmark_filename[0m =[1;33m ['full.train', 'full.valid', 'full.test', 'dom1.train', 'dom1.valid', 'dom1.test', 'dom2.train', 'dom2.valid', 'dom2.test', 'dom3.train', 'dom3.valid', 'dom3.test', 'dom4.train', 'dom4.valid', 'dom4.test'][0m

[1;35mOther Hyper Parameters: 
[0m[1;36mworker[0m = [1;33m0[0m
[1;36mwandb_project[0m = [1;33mrecbole[0m
[1;36mshuffle[0m = [1;33mTrue[0m
[1;36mrequire_pow[0m = [1;33mFalse[0m
[1;36menable_amp[0m = [1;33mFalse[0m
[1;36menable_scaler[0m = [1;33mFalse[0m
[1;36mtransform[0m = [1;33mNone[0m
[1;36mn_layers[0m = [1;33m2[0m
[1;36mn_heads[0m = [1;33m2[0m
[1;36mhidden_size[0m = [1;33m128[0m
[1;36minner_size[0m = [1;33m128[0m
[1;36mhidden_dropout_prob[0m = [1;33m0.2[0m
[1;36mattn_dropout_prob[0m = [1;33m0.2[0m
[1;36mhidden_act[0m = [1;33mgelu[0m
[1;36mlayer_norm_eps[0m = [1;33m1e-12[0m
[1;36minitializer_range[0m = [1;33m0.02[0m
[1;36mloss_type[0m = [1;33mCE[0m
[1;36mnumerical_features[0m = [1;33m[][0m
[1;36mdiscretization[0m = [1;33mNone[0m
[1;36mkg_reverse_r[0m = [1;33mFalse[0m
[1;36mentity_kg_num_interval[0m = [1;33m[0,inf)[0m
[1;36mrelation_kg_num_interval[0m = [1;33m[0,inf)[0m
[1;36mMODEL_TYPE[0m = [1;33mModelType.SEQUENTIAL[0m
[1;36mmodel_name[0m = [1;33mSASRec[0m
[1;36mitem_path[0m = [1;33mdataset/BEST/BEST.item[0m
[1;36mstage[0m = [1;33mtun[0m
[1;36mdomains[0m = [1;33m4[0m
[1;36mtarget_dom[0m = [1;33mdom2[0m
[1;36mtrain_type[0m = [1;33mfull[0m
[1;36mnew_inter_path[0m = [1;33mdataset/BEST/BEST.2025.dom2.train.inter[0m
[1;36mckpt_para[0m = [1;33mcheckpoint/SASRec-BEST-2025[0m
[1;36mfull_ckpt[0m = [1;33mcheckpoint/SASRec-BEST-2025.full.ckpt[0m
[1;36mdom1_ckpt[0m = [1;33mcheckpoint/SASRec-BEST-2025.dom1.ckpt[0m
[1;36mdom2_ckpt[0m = [1;33mcheckpoint/SASRec-BEST-2025.dom2.ckpt[0m
[1;36mdom3_ckpt[0m = [1;33mcheckpoint/SASRec-BEST-2025.dom3.ckpt[0m
[1;36mdom4_ckpt[0m = [1;33mcheckpoint/SASRec-BEST-2025.dom4.ckpt[0m
[1;36mtune_ckpt[0m = [1;33mcheckpoint/SASRec-BEST-2025.tune.ckpt[0m
[1;36mbase[0m = [1;33m{'experiment_name': 'v9-Taesar.SASRec.BEST', 'method': 'tun.dom2.full.seed_2025', 'run_name': 'tun.dom2.full.seed_2025.2026-07-16.21-59-16', 'data_dir_root': 'dataset', 'save_dir_root': './save', 'save_method_dir': './save/v9-Taesar.SASRec.BEST/tun.dom2.full.seed_2025', 'save_dir': './save/v9-Taesar.SASRec.BEST/tun.dom2.full.seed_2025/2026-07-16.21-59-16'}[0m
[1;36mMODEL_INPUT_TYPE[0m = [1;33mInputType.POINTWISE[0m
[1;36meval_type[0m = [1;33mEvaluatorType.RANKING[0m
[1;36msingle_spec[0m = [1;33mTrue[0m
[1;36mlocal_rank[0m = [1;33m0[0m
[1;36mdevice[0m = [1;33mcuda[0m
[1;36mvalid_neg_sample_args[0m = [1;33m{'distribution': 'uniform', 'sample_num': 'none'}[0m
[1;36mtest_neg_sample_args[0m = [1;33m{'distribution': 'uniform', 'sample_num': 'none'}[0m


[2026-07-16 21:59:27,252][__main__][INFO] - [1;35mBEST[0m
[1;34mThe number of users[0m: 40166
[1;34mAverage actions of users[0m: 1.4755633013818001
[1;34mThe number of items[0m: 184722
[1;34mAverage actions of items[0m: 1.7287789510530307
[1;34mThe number of inters[0m: 59266
[1;34mThe sparsity of the dataset[0m: 99.99920121774085%
[1;34mRemain Fields[0m: ['user_id', 'item_id_list', 'item_id', 'item_length']
[2026-07-16 21:59:27,886][root][INFO] - [1;35m[Training]: [0m[1;36mtrain_batch_size[0m = [1;33m[128][0m[1;36m train_neg_sample_args[0m: [1;33m[{'distribution': 'none', 'sample_num': 'none', 'alpha': 'none', 'dynamic': False, 'candidate_num': 0}][0m
[2026-07-16 21:59:27,887][root][INFO] - [1;35m[Evaluation]: [0m[1;36meval_batch_size[0m = [1;33m[4096][0m[1;36m eval_args[0m: [1;33m[{'split': {'LS': 'valid_and_test'}, 'order': 'TO', 'group_by': 'user', 'mode': {'valid': 'full', 'test': 'full'}}][0m
[2026-07-16 22:00:14,172][root][INFO] - [1;32mepoch 0 training[0m [[1;34mtime[0m: 45.28s, [1;34mtrain loss[0m: 3708.5466]
[2026-07-16 22:00:14,415][root][INFO] - [1;32mepoch 0 evaluating[0m [[1;34mtime[0m: 0.24s, [1;34mvalid_score[0m: 0.003700]
[2026-07-16 22:00:14,415][root][INFO] - [1;34mvalid result[0m: 
hit@5 : 0.0032    hit@10 : 0.0086    hit@20 : 0.0154    hit@50 : 0.032    hit@100 : 0.0526    ndcg@5 : 0.002    ndcg@10 : 0.0037    ndcg@20 : 0.0054    ndcg@50 : 0.0087    ndcg@100 : 0.012    mrr@5 : 0.0016    mrr@10 : 0.0023    mrr@20 : 0.0027    mrr@50 : 0.0033    mrr@100 : 0.0035    precision@5 : 0.0006    precision@10 : 0.0009    precision@20 : 0.0008    precision@50 : 0.0006    precision@100 : 0.0005
[2026-07-16 22:00:14,734][root][INFO] - [1;34mSaving current[0m: checkpoint/SASRec-BEST-2025.tune.ckpt-dom2-full
[2026-07-16 22:00:59,520][root][INFO] - [1;32mepoch 1 training[0m [[1;34mtime[0m: 44.79s, [1;34mtrain loss[0m: 3573.9281]
[2026-07-16 22:00:59,734][root][INFO] - [1;32mepoch 1 evaluating[0m [[1;34mtime[0m: 0.21s, [1;34mvalid_score[0m: 0.011500]
[2026-07-16 22:00:59,734][root][INFO] - [1;34mvalid result[0m: 
hit@5 : 0.013    hit@10 : 0.0193    hit@20 : 0.0268    hit@50 : 0.0443    hit@100 : 0.0656    ndcg@5 : 0.0094    ndcg@10 : 0.0115    ndcg@20 : 0.0134    ndcg@50 : 0.0168    ndcg@100 : 0.0202    mrr@5 : 0.0083    mrr@10 : 0.0091    mrr@20 : 0.0096    mrr@50 : 0.0102    mrr@100 : 0.0105    precision@5 : 0.0026    precision@10 : 0.0019    precision@20 : 0.0013    precision@50 : 0.0009    precision@100 : 0.0007
[2026-07-16 22:01:00,505][root][INFO] - [1;34mSaving current[0m: checkpoint/SASRec-BEST-2025.tune.ckpt-dom2-full
[2026-07-16 22:01:45,690][root][INFO] - [1;32mepoch 2 training[0m [[1;34mtime[0m: 45.18s, [1;34mtrain loss[0m: 3439.5862]
[2026-07-16 22:01:45,905][root][INFO] - [1;32mepoch 2 evaluating[0m [[1;34mtime[0m: 0.21s, [1;34mvalid_score[0m: 0.020200]
[2026-07-16 22:01:45,905][root][INFO] - [1;34mvalid result[0m: 
hit@5 : 0.0219    hit@10 : 0.0293    hit@20 : 0.0407    hit@50 : 0.0583    hit@100 : 0.0801    ndcg@5 : 0.0178    ndcg@10 : 0.0202    ndcg@20 : 0.023    ndcg@50 : 0.0265    ndcg@100 : 0.03    mrr@5 : 0.0165    mrr@10 : 0.0174    mrr@20 : 0.0182    mrr@50 : 0.0187    mrr@100 : 0.019    precision@5 : 0.0044    precision@10 : 0.0029    precision@20 : 0.002    precision@50 : 0.0012    precision@100 : 0.0008
[2026-07-16 22:01:46,690][root][INFO] - [1;34mSaving current[0m: checkpoint/SASRec-BEST-2025.tune.ckpt-dom2-full
[2026-07-16 22:02:31,496][root][INFO] - [1;32mepoch 3 training[0m [[1;34mtime[0m: 44.81s, [1;34mtrain loss[0m: 3310.8245]
[2026-07-16 22:02:31,711][root][INFO] - [1;32mepoch 3 evaluating[0m [[1;34mtime[0m: 0.21s, [1;34mvalid_score[0m: 0.024600]
[2026-07-16 22:02:31,712][root][INFO] - [1;34mvalid result[0m: 
hit@5 : 0.0268    hit@10 : 0.034    hit@20 : 0.0445    hit@50 : 0.0639    hit@100 : 0.0866    ndcg@5 : 0.0223    ndcg@10 : 0.0246    ndcg@20 : 0.0273    ndcg@50 : 0.0311    ndcg@100 : 0.0347    mrr@5 : 0.0208    mrr@10 : 0.0217    mrr@20 : 0.0225    mrr@50 : 0.0231    mrr@100 : 0.0234    precision@5 : 0.0054    precision@10 : 0.0034    precision@20 : 0.0022    precision@50 : 0.0013    precision@100 : 0.0009
[2026-07-16 22:02:32,461][root][INFO] - [1;34mSaving current[0m: checkpoint/SASRec-BEST-2025.tune.ckpt-dom2-full
[2026-07-16 22:03:17,482][root][INFO] - [1;32mepoch 4 training[0m [[1;34mtime[0m: 45.02s, [1;34mtrain loss[0m: 3194.0061]
[2026-07-16 22:03:17,693][root][INFO] - [1;32mepoch 4 evaluating[0m [[1;34mtime[0m: 0.21s, [1;34mvalid_score[0m: 0.026700]
[2026-07-16 22:03:17,693][root][INFO] - [1;34mvalid result[0m: 
hit@5 : 0.0292    hit@10 : 0.0357    hit@20 : 0.0438    hit@50 : 0.0626    hit@100 : 0.0876    ndcg@5 : 0.0246    ndcg@10 : 0.0267    ndcg@20 : 0.0287    ndcg@50 : 0.0325    ndcg@100 : 0.0365    mrr@5 : 0.0231    mrr@10 : 0.024    mrr@20 : 0.0245    mrr@50 : 0.0251    mrr@100 : 0.0255    precision@5 : 0.0058    precision@10 : 0.0036    precision@20 : 0.0022    precision@50 : 0.0013    precision@100 : 0.0009
[2026-07-16 22:03:18,450][root][INFO] - [1;34mSaving current[0m: checkpoint/SASRec-BEST-2025.tune.ckpt-dom2-full
[2026-07-16 22:04:03,334][root][INFO] - [1;32mepoch 5 training[0m [[1;34mtime[0m: 44.88s, [1;34mtrain loss[0m: 3080.7791]
[2026-07-16 22:04:03,547][root][INFO] - [1;32mepoch 5 evaluating[0m [[1;34mtime[0m: 0.21s, [1;34mvalid_score[0m: 0.027200]
[2026-07-16 22:04:03,547][root][INFO] - [1;34mvalid result[0m: 
hit@5 : 0.0292    hit@10 : 0.0359    hit@20 : 0.0459    hit@50 : 0.0655    hit@100 : 0.0878    ndcg@5 : 0.025    ndcg@10 : 0.0272    ndcg@20 : 0.0297    ndcg@50 : 0.0336    ndcg@100 : 0.0372    mrr@5 : 0.0237    mrr@10 : 0.0245    mrr@20 : 0.0252    mrr@50 : 0.0258    mrr@100 : 0.0261    precision@5 : 0.0058    precision@10 : 0.0036    precision@20 : 0.0023    precision@50 : 0.0013    precision@100 : 0.0009
[2026-07-16 22:04:04,283][root][INFO] - [1;34mSaving current[0m: checkpoint/SASRec-BEST-2025.tune.ckpt-dom2-full
[2026-07-16 22:04:49,156][root][INFO] - [1;32mepoch 6 training[0m [[1;34mtime[0m: 44.87s, [1;34mtrain loss[0m: 2971.0931]
[2026-07-16 22:04:49,373][root][INFO] - [1;32mepoch 6 evaluating[0m [[1;34mtime[0m: 0.22s, [1;34mvalid_score[0m: 0.027900]
[2026-07-16 22:04:49,374][root][INFO] - [1;34mvalid result[0m: 
hit@5 : 0.0299    hit@10 : 0.0361    hit@20 : 0.0467    hit@50 : 0.0667    hit@100 : 0.0882    ndcg@5 : 0.0259    ndcg@10 : 0.0279    ndcg@20 : 0.0305    ndcg@50 : 0.0344    ndcg@100 : 0.0379    mrr@5 : 0.0245    mrr@10 : 0.0253    mrr@20 : 0.026    mrr@50 : 0.0267    mrr@100 : 0.027    precision@5 : 0.006    precision@10 : 0.0036    precision@20 : 0.0023    precision@50 : 0.0013    precision@100 : 0.0009
[2026-07-16 22:04:50,117][root][INFO] - [1;34mSaving current[0m: checkpoint/SASRec-BEST-2025.tune.ckpt-dom2-full
[2026-07-16 22:05:35,404][root][INFO] - [1;32mepoch 7 training[0m [[1;34mtime[0m: 45.29s, [1;34mtrain loss[0m: 2866.1052]
[2026-07-16 22:05:35,614][root][INFO] - [1;32mepoch 7 evaluating[0m [[1;34mtime[0m: 0.21s, [1;34mvalid_score[0m: 0.028700]
[2026-07-16 22:05:35,614][root][INFO] - [1;34mvalid result[0m: 
hit@5 : 0.0311    hit@10 : 0.0379    hit@20 : 0.0476    hit@50 : 0.0653    hit@100 : 0.0852    ndcg@5 : 0.0266    ndcg@10 : 0.0287    ndcg@20 : 0.0312    ndcg@50 : 0.0347    ndcg@100 : 0.0379    mrr@5 : 0.0251    mrr@10 : 0.0259    mrr@20 : 0.0266    mrr@50 : 0.0272    mrr@100 : 0.0274    precision@5 : 0.0062    precision@10 : 0.0038    precision@20 : 0.0024    precision@50 : 0.0013    precision@100 : 0.0009
[2026-07-16 22:05:36,357][root][INFO] - [1;34mSaving current[0m: checkpoint/SASRec-BEST-2025.tune.ckpt-dom2-full
[2026-07-16 22:06:21,239][root][INFO] - [1;32mepoch 8 training[0m [[1;34mtime[0m: 44.88s, [1;34mtrain loss[0m: 2768.6211]
[2026-07-16 22:06:21,454][root][INFO] - [1;32mepoch 8 evaluating[0m [[1;34mtime[0m: 0.21s, [1;34mvalid_score[0m: 0.029200]
[2026-07-16 22:06:21,454][root][INFO] - [1;34mvalid result[0m: 
hit@5 : 0.0323    hit@10 : 0.0384    hit@20 : 0.0484    hit@50 : 0.0645    hit@100 : 0.0855    ndcg@5 : 0.0273    ndcg@10 : 0.0292    ndcg@20 : 0.0318    ndcg@50 : 0.0349    ndcg@100 : 0.0383    mrr@5 : 0.0256    mrr@10 : 0.0264    mrr@20 : 0.0271    mrr@50 : 0.0276    mrr@100 : 0.0279    precision@5 : 0.0065    precision@10 : 0.0038    precision@20 : 0.0024    precision@50 : 0.0013    precision@100 : 0.0009
[2026-07-16 22:06:22,162][root][INFO] - [1;34mSaving current[0m: checkpoint/SASRec-BEST-2025.tune.ckpt-dom2-full
[2026-07-16 22:07:07,159][root][INFO] - [1;32mepoch 9 training[0m [[1;34mtime[0m: 45.00s, [1;34mtrain loss[0m: 2680.4821]
[2026-07-16 22:07:07,374][root][INFO] - [1;32mepoch 9 evaluating[0m [[1;34mtime[0m: 0.21s, [1;34mvalid_score[0m: 0.029100]
[2026-07-16 22:07:07,375][root][INFO] - [1;34mvalid result[0m: 
hit@5 : 0.0326    hit@10 : 0.039    hit@20 : 0.049    hit@50 : 0.0648    hit@100 : 0.0827    ndcg@5 : 0.027    ndcg@10 : 0.0291    ndcg@20 : 0.0316    ndcg@50 : 0.0347    ndcg@100 : 0.0376    mrr@5 : 0.0251    mrr@10 : 0.026    mrr@20 : 0.0267    mrr@50 : 0.0271    mrr@100 : 0.0274    precision@5 : 0.0065    precision@10 : 0.0039    precision@20 : 0.0025    precision@50 : 0.0013    precision@100 : 0.0008
[2026-07-16 22:07:52,252][root][INFO] - [1;32mepoch 10 training[0m [[1;34mtime[0m: 44.88s, [1;34mtrain loss[0m: 2603.4955]
[2026-07-16 22:07:52,460][root][INFO] - [1;32mepoch 10 evaluating[0m [[1;34mtime[0m: 0.21s, [1;34mvalid_score[0m: 0.028900]
[2026-07-16 22:07:52,460][root][INFO] - [1;34mvalid result[0m: 
hit@5 : 0.0327    hit@10 : 0.0392    hit@20 : 0.0497    hit@50 : 0.0645    hit@100 : 0.0842    ndcg@5 : 0.0268    ndcg@10 : 0.0289    ndcg@20 : 0.0315    ndcg@50 : 0.0344    ndcg@100 : 0.0376    mrr@5 : 0.0248    mrr@10 : 0.0257    mrr@20 : 0.0264    mrr@50 : 0.0268    mrr@100 : 0.0271    precision@5 : 0.0065    precision@10 : 0.0039    precision@20 : 0.0025    precision@50 : 0.0013    precision@100 : 0.0008
[2026-07-16 22:08:37,498][root][INFO] - [1;32mepoch 11 training[0m [[1;34mtime[0m: 45.04s, [1;34mtrain loss[0m: 2537.3821]
[2026-07-16 22:08:37,713][root][INFO] - [1;32mepoch 11 evaluating[0m [[1;34mtime[0m: 0.21s, [1;34mvalid_score[0m: 0.029300]
[2026-07-16 22:08:37,714][root][INFO] - [1;34mvalid result[0m: 
hit@5 : 0.0342    hit@10 : 0.04    hit@20 : 0.0485    hit@50 : 0.0658    hit@100 : 0.0826    ndcg@5 : 0.0275    ndcg@10 : 0.0293    ndcg@20 : 0.0315    ndcg@50 : 0.0349    ndcg@100 : 0.0376    mrr@5 : 0.0252    mrr@10 : 0.026    mrr@20 : 0.0266    mrr@50 : 0.0271    mrr@100 : 0.0273    precision@5 : 0.0068    precision@10 : 0.004    precision@20 : 0.0024    precision@50 : 0.0013    precision@100 : 0.0008
[2026-07-16 22:08:38,437][root][INFO] - [1;34mSaving current[0m: checkpoint/SASRec-BEST-2025.tune.ckpt-dom2-full
[2026-07-16 22:09:23,689][root][INFO] - [1;32mepoch 12 training[0m [[1;34mtime[0m: 45.25s, [1;34mtrain loss[0m: 2480.7426]
[2026-07-16 22:09:23,900][root][INFO] - [1;32mepoch 12 evaluating[0m [[1;34mtime[0m: 0.21s, [1;34mvalid_score[0m: 0.029100]
[2026-07-16 22:09:23,900][root][INFO] - [1;34mvalid result[0m: 
hit@5 : 0.0338    hit@10 : 0.0401    hit@20 : 0.0475    hit@50 : 0.0642    hit@100 : 0.0826    ndcg@5 : 0.0271    ndcg@10 : 0.0291    ndcg@20 : 0.031    ndcg@50 : 0.0343    ndcg@100 : 0.0372    mrr@5 : 0.0248    mrr@10 : 0.0257    mrr@20 : 0.0262    mrr@50 : 0.0267    mrr@100 : 0.0269    precision@5 : 0.0068    precision@10 : 0.004    precision@20 : 0.0024    precision@50 : 0.0013    precision@100 : 0.0008
[2026-07-16 22:10:08,803][root][INFO] - [1;32mepoch 13 training[0m [[1;34mtime[0m: 44.90s, [1;34mtrain loss[0m: 2432.1678]
[2026-07-16 22:10:09,012][root][INFO] - [1;32mepoch 13 evaluating[0m [[1;34mtime[0m: 0.21s, [1;34mvalid_score[0m: 0.029100]
[2026-07-16 22:10:09,012][root][INFO] - [1;34mvalid result[0m: 
hit@5 : 0.0339    hit@10 : 0.04    hit@20 : 0.0468    hit@50 : 0.0645    hit@100 : 0.0817    ndcg@5 : 0.0271    ndcg@10 : 0.0291    ndcg@20 : 0.0308    ndcg@50 : 0.0343    ndcg@100 : 0.037    mrr@5 : 0.0248    mrr@10 : 0.0256    mrr@20 : 0.0261    mrr@50 : 0.0266    mrr@100 : 0.0269    precision@5 : 0.0068    precision@10 : 0.004    precision@20 : 0.0023    precision@50 : 0.0013    precision@100 : 0.0008
[2026-07-16 22:10:54,117][root][INFO] - [1;32mepoch 14 training[0m [[1;34mtime[0m: 45.10s, [1;34mtrain loss[0m: 2389.0005]
[2026-07-16 22:10:54,328][root][INFO] - [1;32mepoch 14 evaluating[0m [[1;34mtime[0m: 0.21s, [1;34mvalid_score[0m: 0.028700]
[2026-07-16 22:10:54,328][root][INFO] - [1;34mvalid result[0m: 
hit@5 : 0.0344    hit@10 : 0.039    hit@20 : 0.0475    hit@50 : 0.0621    hit@100 : 0.0795    ndcg@5 : 0.0272    ndcg@10 : 0.0287    ndcg@20 : 0.0309    ndcg@50 : 0.0337    ndcg@100 : 0.0365    mrr@5 : 0.0248    mrr@10 : 0.0255    mrr@20 : 0.026    mrr@50 : 0.0265    mrr@100 : 0.0267    precision@5 : 0.0069    precision@10 : 0.0039    precision@20 : 0.0024    precision@50 : 0.0012    precision@100 : 0.0008
[2026-07-16 22:11:39,141][root][INFO] - [1;32mepoch 15 training[0m [[1;34mtime[0m: 44.81s, [1;34mtrain loss[0m: 2350.5602]
[2026-07-16 22:11:39,348][root][INFO] - [1;32mepoch 15 evaluating[0m [[1;34mtime[0m: 0.21s, [1;34mvalid_score[0m: 0.028800]
[2026-07-16 22:11:39,348][root][INFO] - [1;34mvalid result[0m: 
hit@5 : 0.0346    hit@10 : 0.0394    hit@20 : 0.0456    hit@50 : 0.0645    hit@100 : 0.079    ndcg@5 : 0.0272    ndcg@10 : 0.0288    ndcg@20 : 0.0303    ndcg@50 : 0.034    ndcg@100 : 0.0364    mrr@5 : 0.0247    mrr@10 : 0.0254    mrr@20 : 0.0258    mrr@50 : 0.0264    mrr@100 : 0.0266    precision@5 : 0.0069    precision@10 : 0.0039    precision@20 : 0.0023    precision@50 : 0.0013    precision@100 : 0.0008
[2026-07-16 22:12:24,348][root][INFO] - [1;32mepoch 16 training[0m [[1;34mtime[0m: 45.00s, [1;34mtrain loss[0m: 2315.0148]
[2026-07-16 22:12:24,559][root][INFO] - [1;32mepoch 16 evaluating[0m [[1;34mtime[0m: 0.21s, [1;34mvalid_score[0m: 0.028800]
[2026-07-16 22:12:24,560][root][INFO] - [1;34mvalid result[0m: 
hit@5 : 0.0347    hit@10 : 0.0395    hit@20 : 0.0458    hit@50 : 0.0626    hit@100 : 0.0793    ndcg@5 : 0.0272    ndcg@10 : 0.0288    ndcg@20 : 0.0304    ndcg@50 : 0.0336    ndcg@100 : 0.0363    mrr@5 : 0.0247    mrr@10 : 0.0253    mrr@20 : 0.0258    mrr@50 : 0.0263    mrr@100 : 0.0265    precision@5 : 0.0069    precision@10 : 0.004    precision@20 : 0.0023    precision@50 : 0.0013    precision@100 : 0.0008
[2026-07-16 22:13:09,537][root][INFO] - [1;32mepoch 17 training[0m [[1;34mtime[0m: 44.98s, [1;34mtrain loss[0m: 2281.5031]
[2026-07-16 22:13:09,748][root][INFO] - [1;32mepoch 17 evaluating[0m [[1;34mtime[0m: 0.21s, [1;34mvalid_score[0m: 0.028300]
[2026-07-16 22:13:09,749][root][INFO] - [1;34mvalid result[0m: 
hit@5 : 0.0332    hit@10 : 0.0389    hit@20 : 0.045    hit@50 : 0.0621    hit@100 : 0.0791    ndcg@5 : 0.0265    ndcg@10 : 0.0283    ndcg@20 : 0.0299    ndcg@50 : 0.0332    ndcg@100 : 0.036    mrr@5 : 0.0242    mrr@10 : 0.025    mrr@20 : 0.0254    mrr@50 : 0.0259    mrr@100 : 0.0262    precision@5 : 0.0066    precision@10 : 0.0039    precision@20 : 0.0023    precision@50 : 0.0012    precision@100 : 0.0008
[2026-07-16 22:13:54,918][root][INFO] - [1;32mepoch 18 training[0m [[1;34mtime[0m: 45.17s, [1;34mtrain loss[0m: 2250.1711]
[2026-07-16 22:13:55,137][root][INFO] - [1;32mepoch 18 evaluating[0m [[1;34mtime[0m: 0.22s, [1;34mvalid_score[0m: 0.028600]
[2026-07-16 22:13:55,138][root][INFO] - [1;34mvalid result[0m: 
hit@5 : 0.0334    hit@10 : 0.0393    hit@20 : 0.0461    hit@50 : 0.0608    hit@100 : 0.0782    ndcg@5 : 0.0267    ndcg@10 : 0.0286    ndcg@20 : 0.0303    ndcg@50 : 0.0332    ndcg@100 : 0.036    mrr@5 : 0.0245    mrr@10 : 0.0253    mrr@20 : 0.0257    mrr@50 : 0.0262    mrr@100 : 0.0264    precision@5 : 0.0067    precision@10 : 0.0039    precision@20 : 0.0023    precision@50 : 0.0012    precision@100 : 0.0008
[2026-07-16 22:14:40,322][root][INFO] - [1;32mepoch 19 training[0m [[1;34mtime[0m: 45.18s, [1;34mtrain loss[0m: 2219.5442]
[2026-07-16 22:14:40,533][root][INFO] - [1;32mepoch 19 evaluating[0m [[1;34mtime[0m: 0.21s, [1;34mvalid_score[0m: 0.028400]
[2026-07-16 22:14:40,533][root][INFO] - [1;34mvalid result[0m: 
hit@5 : 0.0334    hit@10 : 0.0389    hit@20 : 0.0454    hit@50 : 0.0611    hit@100 : 0.0784    ndcg@5 : 0.0267    ndcg@10 : 0.0284    ndcg@20 : 0.0301    ndcg@50 : 0.0332    ndcg@100 : 0.0359    mrr@5 : 0.0244    mrr@10 : 0.0251    mrr@20 : 0.0256    mrr@50 : 0.0261    mrr@100 : 0.0263    precision@5 : 0.0067    precision@10 : 0.0039    precision@20 : 0.0023    precision@50 : 0.0012    precision@100 : 0.0008
[2026-07-16 22:15:25,429][root][INFO] - [1;32mepoch 20 training[0m [[1;34mtime[0m: 44.90s, [1;34mtrain loss[0m: 2189.7618]
[2026-07-16 22:15:25,640][root][INFO] - [1;32mepoch 20 evaluating[0m [[1;34mtime[0m: 0.21s, [1;34mvalid_score[0m: 0.028400]
[2026-07-16 22:15:25,640][root][INFO] - [1;34mvalid result[0m: 
hit@5 : 0.0331    hit@10 : 0.0388    hit@20 : 0.0451    hit@50 : 0.0607    hit@100 : 0.0777    ndcg@5 : 0.0266    ndcg@10 : 0.0284    ndcg@20 : 0.03    ndcg@50 : 0.033    ndcg@100 : 0.0358    mrr@5 : 0.0244    mrr@10 : 0.0251    mrr@20 : 0.0255    mrr@50 : 0.026    mrr@100 : 0.0263    precision@5 : 0.0066    precision@10 : 0.0039    precision@20 : 0.0023    precision@50 : 0.0012    precision@100 : 0.0008
[2026-07-16 22:16:10,772][root][INFO] - [1;32mepoch 21 training[0m [[1;34mtime[0m: 45.13s, [1;34mtrain loss[0m: 2160.9618]
[2026-07-16 22:16:10,983][root][INFO] - [1;32mepoch 21 evaluating[0m [[1;34mtime[0m: 0.21s, [1;34mvalid_score[0m: 0.028200]
[2026-07-16 22:16:10,983][root][INFO] - [1;34mvalid result[0m: 
hit@5 : 0.033    hit@10 : 0.0379    hit@20 : 0.0452    hit@50 : 0.0592    hit@100 : 0.0763    ndcg@5 : 0.0266    ndcg@10 : 0.0282    ndcg@20 : 0.03    ndcg@50 : 0.0327    ndcg@100 : 0.0355    mrr@5 : 0.0244    mrr@10 : 0.0251    mrr@20 : 0.0256    mrr@50 : 0.026    mrr@100 : 0.0262    precision@5 : 0.0066    precision@10 : 0.0038    precision@20 : 0.0023    precision@50 : 0.0012    precision@100 : 0.0008
[2026-07-16 22:16:56,014][root][INFO] - [1;32mepoch 22 training[0m [[1;34mtime[0m: 45.03s, [1;34mtrain loss[0m: 2133.3733]
[2026-07-16 22:16:56,231][root][INFO] - [1;32mepoch 22 evaluating[0m [[1;34mtime[0m: 0.22s, [1;34mvalid_score[0m: 0.028000]
[2026-07-16 22:16:56,231][root][INFO] - [1;34mvalid result[0m: 
hit@5 : 0.0328    hit@10 : 0.0376    hit@20 : 0.0443    hit@50 : 0.0598    hit@100 : 0.075    ndcg@5 : 0.0264    ndcg@10 : 0.028    ndcg@20 : 0.0296    ndcg@50 : 0.0327    ndcg@100 : 0.0351    mrr@5 : 0.0243    mrr@10 : 0.0249    mrr@20 : 0.0254    mrr@50 : 0.0258    mrr@100 : 0.026    precision@5 : 0.0066    precision@10 : 0.0038    precision@20 : 0.0022    precision@50 : 0.0012    precision@100 : 0.0007
[2026-07-16 22:16:56,232][root][INFO] - Finished training, best eval result in epoch 11
[2026-07-16 22:16:56,403][root][INFO] - Loading model structure and parameters from checkpoint/SASRec-BEST-2025.tune.ckpt-dom2-full
[2026-07-16 22:16:56,605][__main__][INFO] - [1;33mtest result[0m: OrderedDict([('hit@5', 0.0268), ('hit@10', 0.0311), ('hit@20', 0.0379), ('hit@50', 0.051), ('hit@100', 0.0668), ('ndcg@5', 0.022), ('ndcg@10', 0.0235), ('ndcg@20', 0.0252), ('ndcg@50', 0.0277), ('ndcg@100', 0.0303), ('mrr@5', 0.0204), ('mrr@10', 0.021), ('mrr@20', 0.0214), ('mrr@50', 0.0218), ('mrr@100', 0.0221), ('precision@5', 0.0054), ('precision@10', 0.0031), ('precision@20', 0.0019), ('precision@50', 0.001), ('precision@100', 0.0007)])
