[2026-07-16 22:41:53,358][root][WARNING] - command line args [-m stage=tun gpu_id=0 seed=2025 train_type=new target_dom=dom4] will not be used in RecBole
[2026-07-16 22:41:53,502][__main__][INFO] - 
[1;35mGeneral Hyper Parameters:
[0m[1;36mgpu_id[0m =[1;33m 0[0m
[1;36muse_gpu[0m =[1;33m True[0m
[1;36mseed[0m =[1;33m 2025[0m
[1;36mstate[0m =[1;33m INFO[0m
[1;36mreproducibility[0m =[1;33m True[0m
[1;36mdata_path[0m =[1;33m dataset/BEST[0m
[1;36mcheckpoint_dir[0m =[1;33m checkpoint[0m
[1;36mshow_progress[0m =[1;33m True[0m
[1;36msave_dataset[0m =[1;33m False[0m
[1;36mdataset_save_path[0m =[1;33m None[0m
[1;36msave_dataloaders[0m =[1;33m False[0m
[1;36mdataloaders_save_path[0m =[1;33m None[0m
[1;36mlog_wandb[0m =[1;33m False[0m

[1;35mTraining Hyper Parameters:
[0m[1;36mepochs[0m =[1;33m 300[0m
[1;36mtrain_batch_size[0m =[1;33m 128[0m
[1;36mlearner[0m =[1;33m adam[0m
[1;36mlearning_rate[0m =[1;33m 0.0003[0m
[1;36mtrain_neg_sample_args[0m =[1;33m {'distribution': 'none', 'sample_num': 'none', 'alpha': 'none', 'dynamic': False, 'candidate_num': 0}[0m
[1;36meval_step[0m =[1;33m 1[0m
[1;36mstopping_step[0m =[1;33m 10[0m
[1;36mclip_grad_norm[0m =[1;33m None[0m
[1;36mweight_decay[0m =[1;33m 0.0[0m
[1;36mloss_decimal_place[0m =[1;33m 4[0m

[1;35mEvaluation Hyper Parameters:
[0m[1;36meval_args[0m =[1;33m {'split': {'LS': 'valid_and_test'}, 'order': 'TO', 'group_by': 'user', 'mode': {'valid': 'full', 'test': 'full'}}[0m
[1;36mrepeatable[0m =[1;33m True[0m
[1;36mmetrics[0m =[1;33m ['HIT', 'NDCG', 'MRR', 'Precision'][0m
[1;36mtopk[0m =[1;33m [5, 10, 20, 50, 100][0m
[1;36mvalid_metric[0m =[1;33m NDCG@10[0m
[1;36mvalid_metric_bigger[0m =[1;33m True[0m
[1;36meval_batch_size[0m =[1;33m 4096[0m
[1;36mmetric_decimal_place[0m =[1;33m 4[0m

[1;35mDataset Hyper Parameters:
[0m[1;36mfield_separator[0m =[1;33m 	[0m
[1;36mseq_separator[0m =[1;33m  [0m
[1;36mUSER_ID_FIELD[0m =[1;33m user_id[0m
[1;36mITEM_ID_FIELD[0m =[1;33m item_id[0m
[1;36mRATING_FIELD[0m =[1;33m rating[0m
[1;36mTIME_FIELD[0m =[1;33m timestamp[0m
[1;36mseq_len[0m =[1;33m None[0m
[1;36mLABEL_FIELD[0m =[1;33m label[0m
[1;36mthreshold[0m =[1;33m None[0m
[1;36mNEG_PREFIX[0m =[1;33m neg_[0m
[1;36mload_col[0m =[1;33m {'inter': ['user_id', 'item_id_list', 'item_id']}[0m
[1;36munload_col[0m =[1;33m None[0m
[1;36munused_col[0m =[1;33m None[0m
[1;36madditional_feat_suffix[0m =[1;33m None[0m
[1;36mrm_dup_inter[0m =[1;33m None[0m
[1;36mval_interval[0m =[1;33m None[0m
[1;36mfilter_inter_by_user_or_item[0m =[1;33m True[0m
[1;36muser_inter_num_interval[0m =[1;33m [0,inf)[0m
[1;36mitem_inter_num_interval[0m =[1;33m [0,inf)[0m
[1;36malias_of_user_id[0m =[1;33m None[0m
[1;36malias_of_item_id[0m =[1;33m ['item_id_list'][0m
[1;36malias_of_entity_id[0m =[1;33m None[0m
[1;36malias_of_relation_id[0m =[1;33m None[0m
[1;36mpreload_weight[0m =[1;33m None[0m
[1;36mnormalize_field[0m =[1;33m None[0m
[1;36mnormalize_all[0m =[1;33m None[0m
[1;36mITEM_LIST_LENGTH_FIELD[0m =[1;33m item_length[0m
[1;36mLIST_SUFFIX[0m =[1;33m _list[0m
[1;36mMAX_ITEM_LIST_LENGTH[0m =[1;33m 128[0m
[1;36mPOSITION_FIELD[0m =[1;33m position_id[0m
[1;36mHEAD_ENTITY_ID_FIELD[0m =[1;33m head_id[0m
[1;36mTAIL_ENTITY_ID_FIELD[0m =[1;33m tail_id[0m
[1;36mRELATION_ID_FIELD[0m =[1;33m relation_id[0m
[1;36mENTITY_ID_FIELD[0m =[1;33m entity_id[0m
[1;36mbenchmark_filename[0m =[1;33m ['full.train', 'full.valid', 'full.test', 'dom1.train', 'dom1.valid', 'dom1.test', 'dom2.train', 'dom2.valid', 'dom2.test', 'dom3.train', 'dom3.valid', 'dom3.test', 'dom4.train', 'dom4.valid', 'dom4.test'][0m

[1;35mOther Hyper Parameters: 
[0m[1;36mworker[0m = [1;33m0[0m
[1;36mwandb_project[0m = [1;33mrecbole[0m
[1;36mshuffle[0m = [1;33mTrue[0m
[1;36mrequire_pow[0m = [1;33mFalse[0m
[1;36menable_amp[0m = [1;33mFalse[0m
[1;36menable_scaler[0m = [1;33mFalse[0m
[1;36mtransform[0m = [1;33mNone[0m
[1;36mn_layers[0m = [1;33m2[0m
[1;36mn_heads[0m = [1;33m2[0m
[1;36mhidden_size[0m = [1;33m128[0m
[1;36minner_size[0m = [1;33m128[0m
[1;36mhidden_dropout_prob[0m = [1;33m0.2[0m
[1;36mattn_dropout_prob[0m = [1;33m0.2[0m
[1;36mhidden_act[0m = [1;33mgelu[0m
[1;36mlayer_norm_eps[0m = [1;33m1e-12[0m
[1;36minitializer_range[0m = [1;33m0.02[0m
[1;36mloss_type[0m = [1;33mCE[0m
[1;36mnumerical_features[0m = [1;33m[][0m
[1;36mdiscretization[0m = [1;33mNone[0m
[1;36mkg_reverse_r[0m = [1;33mFalse[0m
[1;36mentity_kg_num_interval[0m = [1;33m[0,inf)[0m
[1;36mrelation_kg_num_interval[0m = [1;33m[0,inf)[0m
[1;36mMODEL_TYPE[0m = [1;33mModelType.SEQUENTIAL[0m
[1;36mmodel_name[0m = [1;33mSASRec[0m
[1;36mitem_path[0m = [1;33mdataset/BEST/BEST.item[0m
[1;36mstage[0m = [1;33mtun[0m
[1;36mdomains[0m = [1;33m4[0m
[1;36mtarget_dom[0m = [1;33mdom4[0m
[1;36mtrain_type[0m = [1;33mnew[0m
[1;36mnew_inter_path[0m = [1;33mdataset/BEST/BEST.2025.dom4.train.inter[0m
[1;36mckpt_para[0m = [1;33mcheckpoint/SASRec-BEST-2025[0m
[1;36mfull_ckpt[0m = [1;33mcheckpoint/SASRec-BEST-2025.full.ckpt[0m
[1;36mdom1_ckpt[0m = [1;33mcheckpoint/SASRec-BEST-2025.dom1.ckpt[0m
[1;36mdom2_ckpt[0m = [1;33mcheckpoint/SASRec-BEST-2025.dom2.ckpt[0m
[1;36mdom3_ckpt[0m = [1;33mcheckpoint/SASRec-BEST-2025.dom3.ckpt[0m
[1;36mdom4_ckpt[0m = [1;33mcheckpoint/SASRec-BEST-2025.dom4.ckpt[0m
[1;36mtune_ckpt[0m = [1;33mcheckpoint/SASRec-BEST-2025.tune.ckpt[0m
[1;36mbase[0m = [1;33m{'experiment_name': 'v9-Taesar.SASRec.BEST', 'method': 'tun.dom4.new.seed_2025', 'run_name': 'tun.dom4.new.seed_2025.2026-07-16.22-41-39', 'data_dir_root': 'dataset', 'save_dir_root': './save', 'save_method_dir': './save/v9-Taesar.SASRec.BEST/tun.dom4.new.seed_2025', 'save_dir': './save/v9-Taesar.SASRec.BEST/tun.dom4.new.seed_2025/2026-07-16.22-41-39'}[0m
[1;36mMODEL_INPUT_TYPE[0m = [1;33mInputType.POINTWISE[0m
[1;36meval_type[0m = [1;33mEvaluatorType.RANKING[0m
[1;36msingle_spec[0m = [1;33mTrue[0m
[1;36mlocal_rank[0m = [1;33m0[0m
[1;36mdevice[0m = [1;33mcuda[0m
[1;36mvalid_neg_sample_args[0m = [1;33m{'distribution': 'uniform', 'sample_num': 'none'}[0m
[1;36mtest_neg_sample_args[0m = [1;33m{'distribution': 'uniform', 'sample_num': 'none'}[0m


[2026-07-16 22:41:54,533][__main__][INFO] - [1;35mBEST[0m
[1;34mThe number of users[0m: 40166
[1;34mAverage actions of users[0m: 2.65940495456243
[1;34mThe number of items[0m: 31881
[1;34mAverage actions of items[0m: 4.335728202630297
[1;34mThe number of inters[0m: 106815
[1;34mThe sparsity of the dataset[0m: 99.99165854664467%
[1;34mRemain Fields[0m: ['user_id', 'item_id_list', 'item_id', 'item_length']
[2026-07-16 22:41:55,437][root][INFO] - [1;35m[Training]: [0m[1;36mtrain_batch_size[0m = [1;33m[128][0m[1;36m train_neg_sample_args[0m: [1;33m[{'distribution': 'none', 'sample_num': 'none', 'alpha': 'none', 'dynamic': False, 'candidate_num': 0}][0m
[2026-07-16 22:41:55,438][root][INFO] - [1;35m[Evaluation]: [0m[1;36meval_batch_size[0m = [1;33m[4096][0m[1;36m eval_args[0m: [1;33m[{'split': {'LS': 'valid_and_test'}, 'order': 'TO', 'group_by': 'user', 'mode': {'valid': 'full', 'test': 'full'}}][0m
[2026-07-16 22:42:34,484][root][INFO] - [1;32mepoch 0 training[0m [[1;34mtime[0m: 38.07s, [1;34mtrain loss[0m: 6137.4606]
[2026-07-16 22:42:34,676][root][INFO] - [1;32mepoch 0 evaluating[0m [[1;34mtime[0m: 0.19s, [1;34mvalid_score[0m: 0.008500]
[2026-07-16 22:42:34,676][root][INFO] - [1;34mvalid result[0m: 
hit@5 : 0.0095    hit@10 : 0.0126    hit@20 : 0.0191    hit@50 : 0.0339    hit@100 : 0.0522    ndcg@5 : 0.0075    ndcg@10 : 0.0085    ndcg@20 : 0.0101    ndcg@50 : 0.013    ndcg@100 : 0.016    mrr@5 : 0.0068    mrr@10 : 0.0072    mrr@20 : 0.0077    mrr@50 : 0.0081    mrr@100 : 0.0084    precision@5 : 0.0019    precision@10 : 0.0013    precision@20 : 0.001    precision@50 : 0.0007    precision@100 : 0.0005
[2026-07-16 22:42:34,721][root][INFO] - [1;34mSaving current[0m: checkpoint/SASRec-BEST-2025.tune.ckpt-dom4-new
[2026-07-16 22:43:14,114][root][INFO] - [1;32mepoch 1 training[0m [[1;34mtime[0m: 39.39s, [1;34mtrain loss[0m: 5852.7309]
[2026-07-16 22:43:14,298][root][INFO] - [1;32mepoch 1 evaluating[0m [[1;34mtime[0m: 0.18s, [1;34mvalid_score[0m: 0.021100]
[2026-07-16 22:43:14,298][root][INFO] - [1;34mvalid result[0m: 
hit@5 : 0.0227    hit@10 : 0.0278    hit@20 : 0.034    hit@50 : 0.0503    hit@100 : 0.0689    ndcg@5 : 0.0195    ndcg@10 : 0.0211    ndcg@20 : 0.0227    ndcg@50 : 0.0259    ndcg@100 : 0.0289    mrr@5 : 0.0184    mrr@10 : 0.0191    mrr@20 : 0.0195    mrr@50 : 0.02    mrr@100 : 0.0202    precision@5 : 0.0045    precision@10 : 0.0028    precision@20 : 0.0017    precision@50 : 0.001    precision@100 : 0.0007
[2026-07-16 22:43:14,405][root][INFO] - [1;34mSaving current[0m: checkpoint/SASRec-BEST-2025.tune.ckpt-dom4-new
[2026-07-16 22:43:53,959][root][INFO] - [1;32mepoch 2 training[0m [[1;34mtime[0m: 39.55s, [1;34mtrain loss[0m: 5567.9829]
[2026-07-16 22:43:54,151][root][INFO] - [1;32mepoch 2 evaluating[0m [[1;34mtime[0m: 0.19s, [1;34mvalid_score[0m: 0.026000]
[2026-07-16 22:43:54,151][root][INFO] - [1;34mvalid result[0m: 
hit@5 : 0.0295    hit@10 : 0.0348    hit@20 : 0.042    hit@50 : 0.0591    hit@100 : 0.0773    ndcg@5 : 0.0242    ndcg@10 : 0.026    ndcg@20 : 0.0278    ndcg@50 : 0.0311    ndcg@100 : 0.0341    mrr@5 : 0.0225    mrr@10 : 0.0232    mrr@20 : 0.0237    mrr@50 : 0.0242    mrr@100 : 0.0245    precision@5 : 0.0059    precision@10 : 0.0035    precision@20 : 0.0021    precision@50 : 0.0012    precision@100 : 0.0008
[2026-07-16 22:43:54,266][root][INFO] - [1;34mSaving current[0m: checkpoint/SASRec-BEST-2025.tune.ckpt-dom4-new
[2026-07-16 22:44:33,436][root][INFO] - [1;32mepoch 3 training[0m [[1;34mtime[0m: 39.17s, [1;34mtrain loss[0m: 5312.6861]
[2026-07-16 22:44:33,625][root][INFO] - [1;32mepoch 3 evaluating[0m [[1;34mtime[0m: 0.19s, [1;34mvalid_score[0m: 0.028900]
[2026-07-16 22:44:33,625][root][INFO] - [1;34mvalid result[0m: 
hit@5 : 0.0351    hit@10 : 0.0413    hit@20 : 0.0499    hit@50 : 0.0661    hit@100 : 0.0844    ndcg@5 : 0.0269    ndcg@10 : 0.0289    ndcg@20 : 0.0311    ndcg@50 : 0.0343    ndcg@100 : 0.0373    mrr@5 : 0.0242    mrr@10 : 0.025    mrr@20 : 0.0256    mrr@50 : 0.0262    mrr@100 : 0.0264    precision@5 : 0.007    precision@10 : 0.0041    precision@20 : 0.0025    precision@50 : 0.0013    precision@100 : 0.0008
[2026-07-16 22:44:33,711][root][INFO] - [1;34mSaving current[0m: checkpoint/SASRec-BEST-2025.tune.ckpt-dom4-new
[2026-07-16 22:45:13,275][root][INFO] - [1;32mepoch 4 training[0m [[1;34mtime[0m: 39.56s, [1;34mtrain loss[0m: 5097.6712]
[2026-07-16 22:45:13,459][root][INFO] - [1;32mepoch 4 evaluating[0m [[1;34mtime[0m: 0.18s, [1;34mvalid_score[0m: 0.031400]
[2026-07-16 22:45:13,460][root][INFO] - [1;34mvalid result[0m: 
hit@5 : 0.0402    hit@10 : 0.047    hit@20 : 0.0566    hit@50 : 0.0712    hit@100 : 0.0895    ndcg@5 : 0.0292    ndcg@10 : 0.0314    ndcg@20 : 0.0338    ndcg@50 : 0.0367    ndcg@100 : 0.0396    mrr@5 : 0.0255    mrr@10 : 0.0265    mrr@20 : 0.0271    mrr@50 : 0.0276    mrr@100 : 0.0278    precision@5 : 0.008    precision@10 : 0.0047    precision@20 : 0.0028    precision@50 : 0.0014    precision@100 : 0.0009
[2026-07-16 22:45:13,538][root][INFO] - [1;34mSaving current[0m: checkpoint/SASRec-BEST-2025.tune.ckpt-dom4-new
[2026-07-16 22:45:52,738][root][INFO] - [1;32mepoch 5 training[0m [[1;34mtime[0m: 39.20s, [1;34mtrain loss[0m: 4929.0286]
[2026-07-16 22:45:52,919][root][INFO] - [1;32mepoch 5 evaluating[0m [[1;34mtime[0m: 0.18s, [1;34mvalid_score[0m: 0.031900]
[2026-07-16 22:45:52,920][root][INFO] - [1;34mvalid result[0m: 
hit@5 : 0.0408    hit@10 : 0.0495    hit@20 : 0.0581    hit@50 : 0.0753    hit@100 : 0.0918    ndcg@5 : 0.0291    ndcg@10 : 0.0319    ndcg@20 : 0.034    ndcg@50 : 0.0375    ndcg@100 : 0.0401    mrr@5 : 0.0252    mrr@10 : 0.0263    mrr@20 : 0.0269    mrr@50 : 0.0274    mrr@100 : 0.0277    precision@5 : 0.0082    precision@10 : 0.0049    precision@20 : 0.0029    precision@50 : 0.0015    precision@100 : 0.0009
[2026-07-16 22:45:53,004][root][INFO] - [1;34mSaving current[0m: checkpoint/SASRec-BEST-2025.tune.ckpt-dom4-new
[2026-07-16 22:46:32,484][root][INFO] - [1;32mepoch 6 training[0m [[1;34mtime[0m: 39.48s, [1;34mtrain loss[0m: 4803.9287]
[2026-07-16 22:46:32,668][root][INFO] - [1;32mepoch 6 evaluating[0m [[1;34mtime[0m: 0.18s, [1;34mvalid_score[0m: 0.032300]
[2026-07-16 22:46:32,668][root][INFO] - [1;34mvalid result[0m: 
hit@5 : 0.0431    hit@10 : 0.0513    hit@20 : 0.0606    hit@50 : 0.0772    hit@100 : 0.0955    ndcg@5 : 0.0296    ndcg@10 : 0.0323    ndcg@20 : 0.0346    ndcg@50 : 0.0379    ndcg@100 : 0.0408    mrr@5 : 0.0251    mrr@10 : 0.0262    mrr@20 : 0.0269    mrr@50 : 0.0274    mrr@100 : 0.0276    precision@5 : 0.0086    precision@10 : 0.0051    precision@20 : 0.003    precision@50 : 0.0015    precision@100 : 0.001
[2026-07-16 22:46:32,752][root][INFO] - [1;34mSaving current[0m: checkpoint/SASRec-BEST-2025.tune.ckpt-dom4-new
[2026-07-16 22:47:12,660][root][INFO] - [1;32mepoch 7 training[0m [[1;34mtime[0m: 39.91s, [1;34mtrain loss[0m: 4708.4388]
[2026-07-16 22:47:12,842][root][INFO] - [1;32mepoch 7 evaluating[0m [[1;34mtime[0m: 0.18s, [1;34mvalid_score[0m: 0.032800]
[2026-07-16 22:47:12,842][root][INFO] - [1;34mvalid result[0m: 
hit@5 : 0.0423    hit@10 : 0.0533    hit@20 : 0.0621    hit@50 : 0.0791    hit@100 : 0.0958    ndcg@5 : 0.0293    ndcg@10 : 0.0328    ndcg@20 : 0.0351    ndcg@50 : 0.0384    ndcg@100 : 0.0411    mrr@5 : 0.025    mrr@10 : 0.0264    mrr@20 : 0.027    mrr@50 : 0.0276    mrr@100 : 0.0278    precision@5 : 0.0085    precision@10 : 0.0053    precision@20 : 0.0031    precision@50 : 0.0016    precision@100 : 0.001
[2026-07-16 22:47:12,936][root][INFO] - [1;34mSaving current[0m: checkpoint/SASRec-BEST-2025.tune.ckpt-dom4-new
[2026-07-16 22:47:51,843][root][INFO] - [1;32mepoch 8 training[0m [[1;34mtime[0m: 38.91s, [1;34mtrain loss[0m: 4633.9777]
[2026-07-16 22:47:52,032][root][INFO] - [1;32mepoch 8 evaluating[0m [[1;34mtime[0m: 0.19s, [1;34mvalid_score[0m: 0.032500]
[2026-07-16 22:47:52,033][root][INFO] - [1;34mvalid result[0m: 
hit@5 : 0.0435    hit@10 : 0.053    hit@20 : 0.0621    hit@50 : 0.0795    hit@100 : 0.0991    ndcg@5 : 0.0294    ndcg@10 : 0.0325    ndcg@20 : 0.0348    ndcg@50 : 0.0382    ndcg@100 : 0.0414    mrr@5 : 0.0247    mrr@10 : 0.026    mrr@20 : 0.0266    mrr@50 : 0.0272    mrr@100 : 0.0275    precision@5 : 0.0087    precision@10 : 0.0053    precision@20 : 0.0031    precision@50 : 0.0016    precision@100 : 0.001
[2026-07-16 22:48:31,397][root][INFO] - [1;32mepoch 9 training[0m [[1;34mtime[0m: 39.36s, [1;34mtrain loss[0m: 4573.9652]
[2026-07-16 22:48:31,581][root][INFO] - [1;32mepoch 9 evaluating[0m [[1;34mtime[0m: 0.18s, [1;34mvalid_score[0m: 0.032600]
[2026-07-16 22:48:31,582][root][INFO] - [1;34mvalid result[0m: 
hit@5 : 0.0431    hit@10 : 0.0535    hit@20 : 0.0625    hit@50 : 0.0802    hit@100 : 0.0983    ndcg@5 : 0.0292    ndcg@10 : 0.0326    ndcg@20 : 0.0348    ndcg@50 : 0.0383    ndcg@100 : 0.0412    mrr@5 : 0.0246    mrr@10 : 0.026    mrr@20 : 0.0266    mrr@50 : 0.0272    mrr@100 : 0.0274    precision@5 : 0.0086    precision@10 : 0.0054    precision@20 : 0.0031    precision@50 : 0.0016    precision@100 : 0.001
[2026-07-16 22:49:10,907][root][INFO] - [1;32mepoch 10 training[0m [[1;34mtime[0m: 39.32s, [1;34mtrain loss[0m: 4524.7946]
[2026-07-16 22:49:11,103][root][INFO] - [1;32mepoch 10 evaluating[0m [[1;34mtime[0m: 0.19s, [1;34mvalid_score[0m: 0.032100]
[2026-07-16 22:49:11,103][root][INFO] - [1;34mvalid result[0m: 
hit@5 : 0.0418    hit@10 : 0.0529    hit@20 : 0.0635    hit@50 : 0.0812    hit@100 : 0.1012    ndcg@5 : 0.0285    ndcg@10 : 0.0321    ndcg@20 : 0.0348    ndcg@50 : 0.0383    ndcg@100 : 0.0415    mrr@5 : 0.0241    mrr@10 : 0.0256    mrr@20 : 0.0263    mrr@50 : 0.0269    mrr@100 : 0.0272    precision@5 : 0.0084    precision@10 : 0.0053    precision@20 : 0.0032    precision@50 : 0.0016    precision@100 : 0.001
[2026-07-16 22:49:50,304][root][INFO] - [1;32mepoch 11 training[0m [[1;34mtime[0m: 39.20s, [1;34mtrain loss[0m: 4481.6932]
[2026-07-16 22:49:50,488][root][INFO] - [1;32mepoch 11 evaluating[0m [[1;34mtime[0m: 0.18s, [1;34mvalid_score[0m: 0.031900]
[2026-07-16 22:49:50,488][root][INFO] - [1;34mvalid result[0m: 
hit@5 : 0.0418    hit@10 : 0.0531    hit@20 : 0.0636    hit@50 : 0.0823    hit@100 : 0.1009    ndcg@5 : 0.0282    ndcg@10 : 0.0319    ndcg@20 : 0.0345    ndcg@50 : 0.0382    ndcg@100 : 0.0412    mrr@5 : 0.0237    mrr@10 : 0.0253    mrr@20 : 0.026    mrr@50 : 0.0266    mrr@100 : 0.0268    precision@5 : 0.0084    precision@10 : 0.0053    precision@20 : 0.0032    precision@50 : 0.0016    precision@100 : 0.001
[2026-07-16 22:50:29,406][root][INFO] - [1;32mepoch 12 training[0m [[1;34mtime[0m: 38.92s, [1;34mtrain loss[0m: 4443.9048]
[2026-07-16 22:50:29,592][root][INFO] - [1;32mepoch 12 evaluating[0m [[1;34mtime[0m: 0.18s, [1;34mvalid_score[0m: 0.032200]
[2026-07-16 22:50:29,592][root][INFO] - [1;34mvalid result[0m: 
hit@5 : 0.0411    hit@10 : 0.0529    hit@20 : 0.0633    hit@50 : 0.0821    hit@100 : 0.1022    ndcg@5 : 0.0283    ndcg@10 : 0.0322    ndcg@20 : 0.0348    ndcg@50 : 0.0385    ndcg@100 : 0.0418    mrr@5 : 0.0241    mrr@10 : 0.0257    mrr@20 : 0.0265    mrr@50 : 0.027    mrr@100 : 0.0273    precision@5 : 0.0082    precision@10 : 0.0053    precision@20 : 0.0032    precision@50 : 0.0016    precision@100 : 0.001
[2026-07-16 22:51:09,148][root][INFO] - [1;32mepoch 13 training[0m [[1;34mtime[0m: 39.55s, [1;34mtrain loss[0m: 4409.0701]
[2026-07-16 22:51:09,353][root][INFO] - [1;32mepoch 13 evaluating[0m [[1;34mtime[0m: 0.20s, [1;34mvalid_score[0m: 0.031900]
[2026-07-16 22:51:09,353][root][INFO] - [1;34mvalid result[0m: 
hit@5 : 0.0409    hit@10 : 0.0525    hit@20 : 0.0645    hit@50 : 0.0833    hit@100 : 0.1023    ndcg@5 : 0.0282    ndcg@10 : 0.0319    ndcg@20 : 0.035    ndcg@50 : 0.0387    ndcg@100 : 0.0418    mrr@5 : 0.024    mrr@10 : 0.0256    mrr@20 : 0.0264    mrr@50 : 0.027    mrr@100 : 0.0273    precision@5 : 0.0082    precision@10 : 0.0053    precision@20 : 0.0032    precision@50 : 0.0017    precision@100 : 0.001
[2026-07-16 22:51:45,863][root][INFO] - [1;32mepoch 14 training[0m [[1;34mtime[0m: 36.51s, [1;34mtrain loss[0m: 4377.0843]
[2026-07-16 22:51:46,048][root][INFO] - [1;32mepoch 14 evaluating[0m [[1;34mtime[0m: 0.18s, [1;34mvalid_score[0m: 0.032100]
[2026-07-16 22:51:46,048][root][INFO] - [1;34mvalid result[0m: 
hit@5 : 0.0413    hit@10 : 0.0531    hit@20 : 0.0654    hit@50 : 0.0818    hit@100 : 0.1024    ndcg@5 : 0.0283    ndcg@10 : 0.0321    ndcg@20 : 0.0352    ndcg@50 : 0.0384    ndcg@100 : 0.0417    mrr@5 : 0.024    mrr@10 : 0.0256    mrr@20 : 0.0264    mrr@50 : 0.0269    mrr@100 : 0.0272    precision@5 : 0.0083    precision@10 : 0.0053    precision@20 : 0.0033    precision@50 : 0.0016    precision@100 : 0.001
[2026-07-16 22:52:25,837][root][INFO] - [1;32mepoch 15 training[0m [[1;34mtime[0m: 39.79s, [1;34mtrain loss[0m: 4348.9606]
[2026-07-16 22:52:26,020][root][INFO] - [1;32mepoch 15 evaluating[0m [[1;34mtime[0m: 0.18s, [1;34mvalid_score[0m: 0.031900]
[2026-07-16 22:52:26,020][root][INFO] - [1;34mvalid result[0m: 
hit@5 : 0.0406    hit@10 : 0.0528    hit@20 : 0.064    hit@50 : 0.0816    hit@100 : 0.1011    ndcg@5 : 0.028    ndcg@10 : 0.0319    ndcg@20 : 0.0347    ndcg@50 : 0.0382    ndcg@100 : 0.0414    mrr@5 : 0.0238    mrr@10 : 0.0254    mrr@20 : 0.0262    mrr@50 : 0.0268    mrr@100 : 0.027    precision@5 : 0.0081    precision@10 : 0.0053    precision@20 : 0.0032    precision@50 : 0.0016    precision@100 : 0.001
[2026-07-16 22:53:05,961][root][INFO] - [1;32mepoch 16 training[0m [[1;34mtime[0m: 39.94s, [1;34mtrain loss[0m: 4322.0235]
[2026-07-16 22:53:06,148][root][INFO] - [1;32mepoch 16 evaluating[0m [[1;34mtime[0m: 0.19s, [1;34mvalid_score[0m: 0.031700]
[2026-07-16 22:53:06,150][root][INFO] - [1;34mvalid result[0m: 
hit@5 : 0.0402    hit@10 : 0.052    hit@20 : 0.064    hit@50 : 0.0834    hit@100 : 0.1016    ndcg@5 : 0.0279    ndcg@10 : 0.0317    ndcg@20 : 0.0347    ndcg@50 : 0.0386    ndcg@100 : 0.0415    mrr@5 : 0.0238    mrr@10 : 0.0254    mrr@20 : 0.0262    mrr@50 : 0.0269    mrr@100 : 0.0271    precision@5 : 0.008    precision@10 : 0.0052    precision@20 : 0.0032    precision@50 : 0.0017    precision@100 : 0.001
[2026-07-16 22:53:45,782][root][INFO] - [1;32mepoch 17 training[0m [[1;34mtime[0m: 39.63s, [1;34mtrain loss[0m: 4296.2261]
[2026-07-16 22:53:45,966][root][INFO] - [1;32mepoch 17 evaluating[0m [[1;34mtime[0m: 0.18s, [1;34mvalid_score[0m: 0.031600]
[2026-07-16 22:53:45,967][root][INFO] - [1;34mvalid result[0m: 
hit@5 : 0.04    hit@10 : 0.0522    hit@20 : 0.0645    hit@50 : 0.0818    hit@100 : 0.1016    ndcg@5 : 0.0277    ndcg@10 : 0.0316    ndcg@20 : 0.0347    ndcg@50 : 0.0382    ndcg@100 : 0.0414    mrr@5 : 0.0236    mrr@10 : 0.0253    mrr@20 : 0.0261    mrr@50 : 0.0267    mrr@100 : 0.0269    precision@5 : 0.008    precision@10 : 0.0052    precision@20 : 0.0032    precision@50 : 0.0016    precision@100 : 0.001
[2026-07-16 22:54:25,498][root][INFO] - [1;32mepoch 18 training[0m [[1;34mtime[0m: 39.53s, [1;34mtrain loss[0m: 4271.5529]
[2026-07-16 22:54:25,683][root][INFO] - [1;32mepoch 18 evaluating[0m [[1;34mtime[0m: 0.18s, [1;34mvalid_score[0m: 0.031500]
[2026-07-16 22:54:25,683][root][INFO] - [1;34mvalid result[0m: 
hit@5 : 0.0399    hit@10 : 0.052    hit@20 : 0.0653    hit@50 : 0.083    hit@100 : 0.1    ndcg@5 : 0.0276    ndcg@10 : 0.0315    ndcg@20 : 0.0349    ndcg@50 : 0.0384    ndcg@100 : 0.0411    mrr@5 : 0.0236    mrr@10 : 0.0252    mrr@20 : 0.0261    mrr@50 : 0.0267    mrr@100 : 0.0269    precision@5 : 0.008    precision@10 : 0.0052    precision@20 : 0.0033    precision@50 : 0.0017    precision@100 : 0.001
[2026-07-16 22:54:25,684][root][INFO] - Finished training, best eval result in epoch 7
[2026-07-16 22:54:25,717][root][INFO] - Loading model structure and parameters from checkpoint/SASRec-BEST-2025.tune.ckpt-dom4-new
[2026-07-16 22:54:25,909][__main__][INFO] - [1;33mtest result[0m: OrderedDict([('hit@5', 0.0395), ('hit@10', 0.0462), ('hit@20', 0.054), ('hit@50', 0.0693), ('hit@100', 0.0889), ('ndcg@5', 0.0275), ('ndcg@10', 0.0296), ('ndcg@20', 0.0316), ('ndcg@50', 0.0345), ('ndcg@100', 0.0377), ('mrr@5', 0.0234), ('mrr@10', 0.0243), ('mrr@20', 0.0249), ('mrr@50', 0.0253), ('mrr@100', 0.0256), ('precision@5', 0.0079), ('precision@10', 0.0046), ('precision@20', 0.0027), ('precision@50', 0.0014), ('precision@100', 0.0009)])
