[2026-07-16 22:17:40,704][root][WARNING] - command line args [-m stage=tun gpu_id=0 seed=2025 train_type=sim target_dom=dom3] will not be used in RecBole
[2026-07-16 22:17:40,861][__main__][INFO] - 
[1;35mGeneral Hyper Parameters:
[0m[1;36mgpu_id[0m =[1;33m 0[0m
[1;36muse_gpu[0m =[1;33m True[0m
[1;36mseed[0m =[1;33m 2025[0m
[1;36mstate[0m =[1;33m INFO[0m
[1;36mreproducibility[0m =[1;33m True[0m
[1;36mdata_path[0m =[1;33m dataset/BEST[0m
[1;36mcheckpoint_dir[0m =[1;33m checkpoint[0m
[1;36mshow_progress[0m =[1;33m True[0m
[1;36msave_dataset[0m =[1;33m False[0m
[1;36mdataset_save_path[0m =[1;33m None[0m
[1;36msave_dataloaders[0m =[1;33m False[0m
[1;36mdataloaders_save_path[0m =[1;33m None[0m
[1;36mlog_wandb[0m =[1;33m False[0m

[1;35mTraining Hyper Parameters:
[0m[1;36mepochs[0m =[1;33m 300[0m
[1;36mtrain_batch_size[0m =[1;33m 128[0m
[1;36mlearner[0m =[1;33m adam[0m
[1;36mlearning_rate[0m =[1;33m 0.0003[0m
[1;36mtrain_neg_sample_args[0m =[1;33m {'distribution': 'none', 'sample_num': 'none', 'alpha': 'none', 'dynamic': False, 'candidate_num': 0}[0m
[1;36meval_step[0m =[1;33m 1[0m
[1;36mstopping_step[0m =[1;33m 10[0m
[1;36mclip_grad_norm[0m =[1;33m None[0m
[1;36mweight_decay[0m =[1;33m 0.0[0m
[1;36mloss_decimal_place[0m =[1;33m 4[0m

[1;35mEvaluation Hyper Parameters:
[0m[1;36meval_args[0m =[1;33m {'split': {'LS': 'valid_and_test'}, 'order': 'TO', 'group_by': 'user', 'mode': {'valid': 'full', 'test': 'full'}}[0m
[1;36mrepeatable[0m =[1;33m True[0m
[1;36mmetrics[0m =[1;33m ['HIT', 'NDCG', 'MRR', 'Precision'][0m
[1;36mtopk[0m =[1;33m [5, 10, 20, 50, 100][0m
[1;36mvalid_metric[0m =[1;33m NDCG@10[0m
[1;36mvalid_metric_bigger[0m =[1;33m True[0m
[1;36meval_batch_size[0m =[1;33m 4096[0m
[1;36mmetric_decimal_place[0m =[1;33m 4[0m

[1;35mDataset Hyper Parameters:
[0m[1;36mfield_separator[0m =[1;33m 	[0m
[1;36mseq_separator[0m =[1;33m  [0m
[1;36mUSER_ID_FIELD[0m =[1;33m user_id[0m
[1;36mITEM_ID_FIELD[0m =[1;33m item_id[0m
[1;36mRATING_FIELD[0m =[1;33m rating[0m
[1;36mTIME_FIELD[0m =[1;33m timestamp[0m
[1;36mseq_len[0m =[1;33m None[0m
[1;36mLABEL_FIELD[0m =[1;33m label[0m
[1;36mthreshold[0m =[1;33m None[0m
[1;36mNEG_PREFIX[0m =[1;33m neg_[0m
[1;36mload_col[0m =[1;33m {'inter': ['user_id', 'item_id_list', 'item_id']}[0m
[1;36munload_col[0m =[1;33m None[0m
[1;36munused_col[0m =[1;33m None[0m
[1;36madditional_feat_suffix[0m =[1;33m None[0m
[1;36mrm_dup_inter[0m =[1;33m None[0m
[1;36mval_interval[0m =[1;33m None[0m
[1;36mfilter_inter_by_user_or_item[0m =[1;33m True[0m
[1;36muser_inter_num_interval[0m =[1;33m [0,inf)[0m
[1;36mitem_inter_num_interval[0m =[1;33m [0,inf)[0m
[1;36malias_of_user_id[0m =[1;33m None[0m
[1;36malias_of_item_id[0m =[1;33m ['item_id_list'][0m
[1;36malias_of_entity_id[0m =[1;33m None[0m
[1;36malias_of_relation_id[0m =[1;33m None[0m
[1;36mpreload_weight[0m =[1;33m None[0m
[1;36mnormalize_field[0m =[1;33m None[0m
[1;36mnormalize_all[0m =[1;33m None[0m
[1;36mITEM_LIST_LENGTH_FIELD[0m =[1;33m item_length[0m
[1;36mLIST_SUFFIX[0m =[1;33m _list[0m
[1;36mMAX_ITEM_LIST_LENGTH[0m =[1;33m 128[0m
[1;36mPOSITION_FIELD[0m =[1;33m position_id[0m
[1;36mHEAD_ENTITY_ID_FIELD[0m =[1;33m head_id[0m
[1;36mTAIL_ENTITY_ID_FIELD[0m =[1;33m tail_id[0m
[1;36mRELATION_ID_FIELD[0m =[1;33m relation_id[0m
[1;36mENTITY_ID_FIELD[0m =[1;33m entity_id[0m
[1;36mbenchmark_filename[0m =[1;33m ['full.train', 'full.valid', 'full.test', 'dom1.train', 'dom1.valid', 'dom1.test', 'dom2.train', 'dom2.valid', 'dom2.test', 'dom3.train', 'dom3.valid', 'dom3.test', 'dom4.train', 'dom4.valid', 'dom4.test'][0m

[1;35mOther Hyper Parameters: 
[0m[1;36mworker[0m = [1;33m0[0m
[1;36mwandb_project[0m = [1;33mrecbole[0m
[1;36mshuffle[0m = [1;33mTrue[0m
[1;36mrequire_pow[0m = [1;33mFalse[0m
[1;36menable_amp[0m = [1;33mFalse[0m
[1;36menable_scaler[0m = [1;33mFalse[0m
[1;36mtransform[0m = [1;33mNone[0m
[1;36mn_layers[0m = [1;33m2[0m
[1;36mn_heads[0m = [1;33m2[0m
[1;36mhidden_size[0m = [1;33m128[0m
[1;36minner_size[0m = [1;33m128[0m
[1;36mhidden_dropout_prob[0m = [1;33m0.2[0m
[1;36mattn_dropout_prob[0m = [1;33m0.2[0m
[1;36mhidden_act[0m = [1;33mgelu[0m
[1;36mlayer_norm_eps[0m = [1;33m1e-12[0m
[1;36minitializer_range[0m = [1;33m0.02[0m
[1;36mloss_type[0m = [1;33mCE[0m
[1;36mnumerical_features[0m = [1;33m[][0m
[1;36mdiscretization[0m = [1;33mNone[0m
[1;36mkg_reverse_r[0m = [1;33mFalse[0m
[1;36mentity_kg_num_interval[0m = [1;33m[0,inf)[0m
[1;36mrelation_kg_num_interval[0m = [1;33m[0,inf)[0m
[1;36mMODEL_TYPE[0m = [1;33mModelType.SEQUENTIAL[0m
[1;36mmodel_name[0m = [1;33mSASRec[0m
[1;36mitem_path[0m = [1;33mdataset/BEST/BEST.item[0m
[1;36mstage[0m = [1;33mtun[0m
[1;36mdomains[0m = [1;33m4[0m
[1;36mtarget_dom[0m = [1;33mdom3[0m
[1;36mtrain_type[0m = [1;33msim[0m
[1;36mnew_inter_path[0m = [1;33mdataset/BEST/BEST.2025.dom3.train.inter[0m
[1;36mckpt_para[0m = [1;33mcheckpoint/SASRec-BEST-2025[0m
[1;36mfull_ckpt[0m = [1;33mcheckpoint/SASRec-BEST-2025.full.ckpt[0m
[1;36mdom1_ckpt[0m = [1;33mcheckpoint/SASRec-BEST-2025.dom1.ckpt[0m
[1;36mdom2_ckpt[0m = [1;33mcheckpoint/SASRec-BEST-2025.dom2.ckpt[0m
[1;36mdom3_ckpt[0m = [1;33mcheckpoint/SASRec-BEST-2025.dom3.ckpt[0m
[1;36mdom4_ckpt[0m = [1;33mcheckpoint/SASRec-BEST-2025.dom4.ckpt[0m
[1;36mtune_ckpt[0m = [1;33mcheckpoint/SASRec-BEST-2025.tune.ckpt[0m
[1;36mbase[0m = [1;33m{'experiment_name': 'v9-Taesar.SASRec.BEST', 'method': 'tun.dom3.sim.seed_2025', 'run_name': 'tun.dom3.sim.seed_2025.2026-07-16.22-17-28', 'data_dir_root': 'dataset', 'save_dir_root': './save', 'save_method_dir': './save/v9-Taesar.SASRec.BEST/tun.dom3.sim.seed_2025', 'save_dir': './save/v9-Taesar.SASRec.BEST/tun.dom3.sim.seed_2025/2026-07-16.22-17-28'}[0m
[1;36mMODEL_INPUT_TYPE[0m = [1;33mInputType.POINTWISE[0m
[1;36meval_type[0m = [1;33mEvaluatorType.RANKING[0m
[1;36msingle_spec[0m = [1;33mTrue[0m
[1;36mlocal_rank[0m = [1;33m0[0m
[1;36mdevice[0m = [1;33mcuda[0m
[1;36mvalid_neg_sample_args[0m = [1;33m{'distribution': 'uniform', 'sample_num': 'none'}[0m
[1;36mtest_neg_sample_args[0m = [1;33m{'distribution': 'uniform', 'sample_num': 'none'}[0m


[2026-07-16 22:17:41,347][__main__][INFO] - [1;35mBEST[0m
[1;34mThe number of users[0m: 40166
[1;34mAverage actions of users[0m: 1.4972737457985807
[1;34mThe number of items[0m: 38031
[1;34mAverage actions of items[0m: 2.56638074510306
[1;34mThe number of inters[0m: 60138
[1;34mThe sparsity of the dataset[0m: 99.99606311569863%
[1;34mRemain Fields[0m: ['user_id', 'item_id_list', 'item_id', 'item_length']
[2026-07-16 22:17:41,976][root][INFO] - [1;35m[Training]: [0m[1;36mtrain_batch_size[0m = [1;33m[128][0m[1;36m train_neg_sample_args[0m: [1;33m[{'distribution': 'none', 'sample_num': 'none', 'alpha': 'none', 'dynamic': False, 'candidate_num': 0}][0m
[2026-07-16 22:17:41,976][root][INFO] - [1;35m[Evaluation]: [0m[1;36meval_batch_size[0m = [1;33m[4096][0m[1;36m eval_args[0m: [1;33m[{'split': {'LS': 'valid_and_test'}, 'order': 'TO', 'group_by': 'user', 'mode': {'valid': 'full', 'test': 'full'}}][0m
[2026-07-16 22:18:02,608][root][INFO] - [1;32mepoch 0 training[0m [[1;34mtime[0m: 19.63s, [1;34mtrain loss[0m: 3210.6040]
[2026-07-16 22:18:02,783][root][INFO] - [1;32mepoch 0 evaluating[0m [[1;34mtime[0m: 0.17s, [1;34mvalid_score[0m: 0.003100]
[2026-07-16 22:18:02,783][root][INFO] - [1;34mvalid result[0m: 
hit@5 : 0.0032    hit@10 : 0.0064    hit@20 : 0.0119    hit@50 : 0.023    hit@100 : 0.0383    ndcg@5 : 0.002    ndcg@10 : 0.0031    ndcg@20 : 0.0045    ndcg@50 : 0.0067    ndcg@100 : 0.0091    mrr@5 : 0.0017    mrr@10 : 0.0021    mrr@20 : 0.0025    mrr@50 : 0.0028    mrr@100 : 0.003    precision@5 : 0.0006    precision@10 : 0.0006    precision@20 : 0.0006    precision@50 : 0.0005    precision@100 : 0.0004
[2026-07-16 22:18:02,839][root][INFO] - [1;34mSaving current[0m: checkpoint/SASRec-BEST-2025.tune.ckpt-dom3-sim
[2026-07-16 22:18:22,251][root][INFO] - [1;32mepoch 1 training[0m [[1;34mtime[0m: 19.41s, [1;34mtrain loss[0m: 3092.7323]
[2026-07-16 22:18:22,406][root][INFO] - [1;32mepoch 1 evaluating[0m [[1;34mtime[0m: 0.15s, [1;34mvalid_score[0m: 0.013500]
[2026-07-16 22:18:22,407][root][INFO] - [1;34mvalid result[0m: 
hit@5 : 0.0159    hit@10 : 0.0202    hit@20 : 0.0248    hit@50 : 0.0375    hit@100 : 0.0544    ndcg@5 : 0.0122    ndcg@10 : 0.0135    ndcg@20 : 0.0147    ndcg@50 : 0.0172    ndcg@100 : 0.0199    mrr@5 : 0.0109    mrr@10 : 0.0114    mrr@20 : 0.0117    mrr@50 : 0.0121    mrr@100 : 0.0124    precision@5 : 0.0032    precision@10 : 0.002    precision@20 : 0.0012    precision@50 : 0.0008    precision@100 : 0.0005
[2026-07-16 22:18:22,543][root][INFO] - [1;34mSaving current[0m: checkpoint/SASRec-BEST-2025.tune.ckpt-dom3-sim
[2026-07-16 22:18:42,327][root][INFO] - [1;32mepoch 2 training[0m [[1;34mtime[0m: 19.78s, [1;34mtrain loss[0m: 2970.9457]
[2026-07-16 22:18:42,472][root][INFO] - [1;32mepoch 2 evaluating[0m [[1;34mtime[0m: 0.14s, [1;34mvalid_score[0m: 0.023000]
[2026-07-16 22:18:42,472][root][INFO] - [1;34mvalid result[0m: 
hit@5 : 0.0265    hit@10 : 0.0299    hit@20 : 0.0366    hit@50 : 0.0528    hit@100 : 0.0704    ndcg@5 : 0.022    ndcg@10 : 0.023    ndcg@20 : 0.0248    ndcg@50 : 0.0279    ndcg@100 : 0.0308    mrr@5 : 0.0204    mrr@10 : 0.0209    mrr@20 : 0.0214    mrr@50 : 0.0218    mrr@100 : 0.0221    precision@5 : 0.0053    precision@10 : 0.003    precision@20 : 0.0018    precision@50 : 0.0011    precision@100 : 0.0007
[2026-07-16 22:18:42,595][root][INFO] - [1;34mSaving current[0m: checkpoint/SASRec-BEST-2025.tune.ckpt-dom3-sim
[2026-07-16 22:19:02,235][root][INFO] - [1;32mepoch 3 training[0m [[1;34mtime[0m: 19.64s, [1;34mtrain loss[0m: 2832.9871]
[2026-07-16 22:19:02,372][root][INFO] - [1;32mepoch 3 evaluating[0m [[1;34mtime[0m: 0.14s, [1;34mvalid_score[0m: 0.027600]
[2026-07-16 22:19:02,372][root][INFO] - [1;34mvalid result[0m: 
hit@5 : 0.0308    hit@10 : 0.0356    hit@20 : 0.0426    hit@50 : 0.0592    hit@100 : 0.0762    ndcg@5 : 0.0261    ndcg@10 : 0.0276    ndcg@20 : 0.0294    ndcg@50 : 0.0327    ndcg@100 : 0.0354    mrr@5 : 0.0245    mrr@10 : 0.0251    mrr@20 : 0.0256    mrr@50 : 0.0261    mrr@100 : 0.0264    precision@5 : 0.0062    precision@10 : 0.0036    precision@20 : 0.0021    precision@50 : 0.0012    precision@100 : 0.0008
[2026-07-16 22:19:02,478][root][INFO] - [1;34mSaving current[0m: checkpoint/SASRec-BEST-2025.tune.ckpt-dom3-sim
[2026-07-16 22:19:22,155][root][INFO] - [1;32mepoch 4 training[0m [[1;34mtime[0m: 19.68s, [1;34mtrain loss[0m: 2709.8161]
[2026-07-16 22:19:22,303][root][INFO] - [1;32mepoch 4 evaluating[0m [[1;34mtime[0m: 0.15s, [1;34mvalid_score[0m: 0.030000]
[2026-07-16 22:19:22,304][root][INFO] - [1;34mvalid result[0m: 
hit@5 : 0.0343    hit@10 : 0.0389    hit@20 : 0.0457    hit@50 : 0.0627    hit@100 : 0.0824    ndcg@5 : 0.0285    ndcg@10 : 0.03    ndcg@20 : 0.0317    ndcg@50 : 0.0351    ndcg@100 : 0.0382    mrr@5 : 0.0266    mrr@10 : 0.0272    mrr@20 : 0.0277    mrr@50 : 0.0282    mrr@100 : 0.0285    precision@5 : 0.0069    precision@10 : 0.0039    precision@20 : 0.0023    precision@50 : 0.0013    precision@100 : 0.0008
[2026-07-16 22:19:22,392][root][INFO] - [1;34mSaving current[0m: checkpoint/SASRec-BEST-2025.tune.ckpt-dom3-sim
[2026-07-16 22:19:41,938][root][INFO] - [1;32mepoch 5 training[0m [[1;34mtime[0m: 19.55s, [1;34mtrain loss[0m: 2597.6943]
[2026-07-16 22:19:42,092][root][INFO] - [1;32mepoch 5 evaluating[0m [[1;34mtime[0m: 0.15s, [1;34mvalid_score[0m: 0.032100]
[2026-07-16 22:19:42,093][root][INFO] - [1;34mvalid result[0m: 
hit@5 : 0.0359    hit@10 : 0.0424    hit@20 : 0.0488    hit@50 : 0.0661    hit@100 : 0.0861    ndcg@5 : 0.0299    ndcg@10 : 0.0321    ndcg@20 : 0.0337    ndcg@50 : 0.0371    ndcg@100 : 0.0403    mrr@5 : 0.0279    mrr@10 : 0.0288    mrr@20 : 0.0293    mrr@50 : 0.0298    mrr@100 : 0.0301    precision@5 : 0.0072    precision@10 : 0.0042    precision@20 : 0.0024    precision@50 : 0.0013    precision@100 : 0.0009
[2026-07-16 22:19:42,202][root][INFO] - [1;34mSaving current[0m: checkpoint/SASRec-BEST-2025.tune.ckpt-dom3-sim
[2026-07-16 22:20:01,128][root][INFO] - [1;32mepoch 6 training[0m [[1;34mtime[0m: 18.92s, [1;34mtrain loss[0m: 2493.7551]
[2026-07-16 22:20:01,263][root][INFO] - [1;32mepoch 6 evaluating[0m [[1;34mtime[0m: 0.13s, [1;34mvalid_score[0m: 0.033400]
[2026-07-16 22:20:01,263][root][INFO] - [1;34mvalid result[0m: 
hit@5 : 0.0383    hit@10 : 0.0448    hit@20 : 0.0514    hit@50 : 0.068    hit@100 : 0.0892    ndcg@5 : 0.0313    ndcg@10 : 0.0334    ndcg@20 : 0.0351    ndcg@50 : 0.0384    ndcg@100 : 0.0418    mrr@5 : 0.029    mrr@10 : 0.0299    mrr@20 : 0.0303    mrr@50 : 0.0308    mrr@100 : 0.0311    precision@5 : 0.0077    precision@10 : 0.0045    precision@20 : 0.0026    precision@50 : 0.0014    precision@100 : 0.0009
[2026-07-16 22:20:01,360][root][INFO] - [1;34mSaving current[0m: checkpoint/SASRec-BEST-2025.tune.ckpt-dom3-sim
[2026-07-16 22:20:21,337][root][INFO] - [1;32mepoch 7 training[0m [[1;34mtime[0m: 19.98s, [1;34mtrain loss[0m: 2399.0408]
[2026-07-16 22:20:21,476][root][INFO] - [1;32mepoch 7 evaluating[0m [[1;34mtime[0m: 0.14s, [1;34mvalid_score[0m: 0.033800]
[2026-07-16 22:20:21,477][root][INFO] - [1;34mvalid result[0m: 
hit@5 : 0.0396    hit@10 : 0.0446    hit@20 : 0.0535    hit@50 : 0.0706    hit@100 : 0.09    ndcg@5 : 0.0322    ndcg@10 : 0.0338    ndcg@20 : 0.036    ndcg@50 : 0.0394    ndcg@100 : 0.0425    mrr@5 : 0.0297    mrr@10 : 0.0303    mrr@20 : 0.031    mrr@50 : 0.0315    mrr@100 : 0.0317    precision@5 : 0.0079    precision@10 : 0.0045    precision@20 : 0.0027    precision@50 : 0.0014    precision@100 : 0.0009
[2026-07-16 22:20:21,589][root][INFO] - [1;34mSaving current[0m: checkpoint/SASRec-BEST-2025.tune.ckpt-dom3-sim
[2026-07-16 22:20:41,341][root][INFO] - [1;32mepoch 8 training[0m [[1;34mtime[0m: 19.75s, [1;34mtrain loss[0m: 2314.6142]
[2026-07-16 22:20:41,487][root][INFO] - [1;32mepoch 8 evaluating[0m [[1;34mtime[0m: 0.14s, [1;34mvalid_score[0m: 0.034400]
[2026-07-16 22:20:41,487][root][INFO] - [1;34mvalid result[0m: 
hit@5 : 0.0395    hit@10 : 0.0467    hit@20 : 0.0536    hit@50 : 0.0725    hit@100 : 0.0911    ndcg@5 : 0.0321    ndcg@10 : 0.0344    ndcg@20 : 0.0362    ndcg@50 : 0.0399    ndcg@100 : 0.0429    mrr@5 : 0.0296    mrr@10 : 0.0306    mrr@20 : 0.031    mrr@50 : 0.0316    mrr@100 : 0.0319    precision@5 : 0.0079    precision@10 : 0.0047    precision@20 : 0.0027    precision@50 : 0.0014    precision@100 : 0.0009
[2026-07-16 22:20:41,583][root][INFO] - [1;34mSaving current[0m: checkpoint/SASRec-BEST-2025.tune.ckpt-dom3-sim
[2026-07-16 22:21:01,334][root][INFO] - [1;32mepoch 9 training[0m [[1;34mtime[0m: 19.75s, [1;34mtrain loss[0m: 2241.7464]
[2026-07-16 22:21:01,468][root][INFO] - [1;32mepoch 9 evaluating[0m [[1;34mtime[0m: 0.13s, [1;34mvalid_score[0m: 0.034400]
[2026-07-16 22:21:01,468][root][INFO] - [1;34mvalid result[0m: 
hit@5 : 0.0394    hit@10 : 0.046    hit@20 : 0.0538    hit@50 : 0.0736    hit@100 : 0.0925    ndcg@5 : 0.0323    ndcg@10 : 0.0344    ndcg@20 : 0.0364    ndcg@50 : 0.0403    ndcg@100 : 0.0433    mrr@5 : 0.03    mrr@10 : 0.0308    mrr@20 : 0.0314    mrr@50 : 0.0319    mrr@100 : 0.0322    precision@5 : 0.0079    precision@10 : 0.0046    precision@20 : 0.0027    precision@50 : 0.0015    precision@100 : 0.0009
[2026-07-16 22:21:01,579][root][INFO] - [1;34mSaving current[0m: checkpoint/SASRec-BEST-2025.tune.ckpt-dom3-sim
[2026-07-16 22:21:20,980][root][INFO] - [1;32mepoch 10 training[0m [[1;34mtime[0m: 19.40s, [1;34mtrain loss[0m: 2179.3046]
[2026-07-16 22:21:21,142][root][INFO] - [1;32mepoch 10 evaluating[0m [[1;34mtime[0m: 0.16s, [1;34mvalid_score[0m: 0.034400]
[2026-07-16 22:21:21,142][root][INFO] - [1;34mvalid result[0m: 
hit@5 : 0.0396    hit@10 : 0.046    hit@20 : 0.0546    hit@50 : 0.0729    hit@100 : 0.0923    ndcg@5 : 0.0323    ndcg@10 : 0.0344    ndcg@20 : 0.0365    ndcg@50 : 0.0401    ndcg@100 : 0.0432    mrr@5 : 0.0299    mrr@10 : 0.0307    mrr@20 : 0.0313    mrr@50 : 0.0318    mrr@100 : 0.0321    precision@5 : 0.0079    precision@10 : 0.0046    precision@20 : 0.0027    precision@50 : 0.0015    precision@100 : 0.0009
[2026-07-16 22:21:21,253][root][INFO] - [1;34mSaving current[0m: checkpoint/SASRec-BEST-2025.tune.ckpt-dom3-sim
[2026-07-16 22:21:40,445][root][INFO] - [1;32mepoch 11 training[0m [[1;34mtime[0m: 19.19s, [1;34mtrain loss[0m: 2125.4443]
[2026-07-16 22:21:40,587][root][INFO] - [1;32mepoch 11 evaluating[0m [[1;34mtime[0m: 0.14s, [1;34mvalid_score[0m: 0.034400]
[2026-07-16 22:21:40,588][root][INFO] - [1;34mvalid result[0m: 
hit@5 : 0.0401    hit@10 : 0.0459    hit@20 : 0.053    hit@50 : 0.0724    hit@100 : 0.0922    ndcg@5 : 0.0326    ndcg@10 : 0.0344    ndcg@20 : 0.0362    ndcg@50 : 0.04    ndcg@100 : 0.0432    mrr@5 : 0.0301    mrr@10 : 0.0308    mrr@20 : 0.0313    mrr@50 : 0.0319    mrr@100 : 0.0321    precision@5 : 0.008    precision@10 : 0.0046    precision@20 : 0.0027    precision@50 : 0.0014    precision@100 : 0.0009
[2026-07-16 22:21:40,705][root][INFO] - [1;34mSaving current[0m: checkpoint/SASRec-BEST-2025.tune.ckpt-dom3-sim
[2026-07-16 22:21:59,878][root][INFO] - [1;32mepoch 12 training[0m [[1;34mtime[0m: 19.17s, [1;34mtrain loss[0m: 2078.3817]
[2026-07-16 22:22:00,027][root][INFO] - [1;32mepoch 12 evaluating[0m [[1;34mtime[0m: 0.15s, [1;34mvalid_score[0m: 0.034000]
[2026-07-16 22:22:00,027][root][INFO] - [1;34mvalid result[0m: 
hit@5 : 0.0398    hit@10 : 0.0459    hit@20 : 0.0539    hit@50 : 0.0721    hit@100 : 0.0918    ndcg@5 : 0.032    ndcg@10 : 0.034    ndcg@20 : 0.036    ndcg@50 : 0.0396    ndcg@100 : 0.0427    mrr@5 : 0.0294    mrr@10 : 0.0302    mrr@20 : 0.0307    mrr@50 : 0.0313    mrr@100 : 0.0316    precision@5 : 0.008    precision@10 : 0.0046    precision@20 : 0.0027    precision@50 : 0.0014    precision@100 : 0.0009
[2026-07-16 22:22:19,426][root][INFO] - [1;32mepoch 13 training[0m [[1;34mtime[0m: 19.40s, [1;34mtrain loss[0m: 2036.3306]
[2026-07-16 22:22:19,568][root][INFO] - [1;32mepoch 13 evaluating[0m [[1;34mtime[0m: 0.14s, [1;34mvalid_score[0m: 0.033900]
[2026-07-16 22:22:19,568][root][INFO] - [1;34mvalid result[0m: 
hit@5 : 0.0397    hit@10 : 0.0453    hit@20 : 0.0538    hit@50 : 0.0715    hit@100 : 0.0909    ndcg@5 : 0.0321    ndcg@10 : 0.0339    ndcg@20 : 0.036    ndcg@50 : 0.0395    ndcg@100 : 0.0427    mrr@5 : 0.0296    mrr@10 : 0.0303    mrr@20 : 0.0309    mrr@50 : 0.0314    mrr@100 : 0.0317    precision@5 : 0.0079    precision@10 : 0.0045    precision@20 : 0.0027    precision@50 : 0.0014    precision@100 : 0.0009
[2026-07-16 22:22:39,207][root][INFO] - [1;32mepoch 14 training[0m [[1;34mtime[0m: 19.64s, [1;34mtrain loss[0m: 1997.4619]
[2026-07-16 22:22:39,366][root][INFO] - [1;32mepoch 14 evaluating[0m [[1;34mtime[0m: 0.16s, [1;34mvalid_score[0m: 0.033900]
[2026-07-16 22:22:39,366][root][INFO] - [1;34mvalid result[0m: 
hit@5 : 0.0393    hit@10 : 0.0449    hit@20 : 0.0539    hit@50 : 0.0706    hit@100 : 0.0904    ndcg@5 : 0.0321    ndcg@10 : 0.0339    ndcg@20 : 0.0361    ndcg@50 : 0.0394    ndcg@100 : 0.0426    mrr@5 : 0.0296    mrr@10 : 0.0304    mrr@20 : 0.031    mrr@50 : 0.0315    mrr@100 : 0.0318    precision@5 : 0.0079    precision@10 : 0.0045    precision@20 : 0.0027    precision@50 : 0.0014    precision@100 : 0.0009
[2026-07-16 22:22:58,984][root][INFO] - [1;32mepoch 15 training[0m [[1;34mtime[0m: 19.62s, [1;34mtrain loss[0m: 1961.4189]
[2026-07-16 22:22:59,130][root][INFO] - [1;32mepoch 15 evaluating[0m [[1;34mtime[0m: 0.14s, [1;34mvalid_score[0m: 0.034000]
[2026-07-16 22:22:59,130][root][INFO] - [1;34mvalid result[0m: 
hit@5 : 0.0393    hit@10 : 0.0445    hit@20 : 0.0537    hit@50 : 0.0686    hit@100 : 0.0891    ndcg@5 : 0.0323    ndcg@10 : 0.034    ndcg@20 : 0.0363    ndcg@50 : 0.0392    ndcg@100 : 0.0425    mrr@5 : 0.0299    mrr@10 : 0.0306    mrr@20 : 0.0312    mrr@50 : 0.0317    mrr@100 : 0.032    precision@5 : 0.0079    precision@10 : 0.0044    precision@20 : 0.0027    precision@50 : 0.0014    precision@100 : 0.0009
[2026-07-16 22:23:18,819][root][INFO] - [1;32mepoch 16 training[0m [[1;34mtime[0m: 19.69s, [1;34mtrain loss[0m: 1927.3572]
[2026-07-16 22:23:18,957][root][INFO] - [1;32mepoch 16 evaluating[0m [[1;34mtime[0m: 0.14s, [1;34mvalid_score[0m: 0.033500]
[2026-07-16 22:23:18,957][root][INFO] - [1;34mvalid result[0m: 
hit@5 : 0.0387    hit@10 : 0.0442    hit@20 : 0.0525    hit@50 : 0.0689    hit@100 : 0.0882    ndcg@5 : 0.0317    ndcg@10 : 0.0335    ndcg@20 : 0.0356    ndcg@50 : 0.0388    ndcg@100 : 0.0419    mrr@5 : 0.0293    mrr@10 : 0.0301    mrr@20 : 0.0307    mrr@50 : 0.0312    mrr@100 : 0.0314    precision@5 : 0.0077    precision@10 : 0.0044    precision@20 : 0.0026    precision@50 : 0.0014    precision@100 : 0.0009
[2026-07-16 22:23:38,597][root][INFO] - [1;32mepoch 17 training[0m [[1;34mtime[0m: 19.64s, [1;34mtrain loss[0m: 1895.4549]
[2026-07-16 22:23:38,732][root][INFO] - [1;32mepoch 17 evaluating[0m [[1;34mtime[0m: 0.13s, [1;34mvalid_score[0m: 0.033200]
[2026-07-16 22:23:38,732][root][INFO] - [1;34mvalid result[0m: 
hit@5 : 0.0388    hit@10 : 0.0442    hit@20 : 0.0514    hit@50 : 0.0677    hit@100 : 0.0871    ndcg@5 : 0.0315    ndcg@10 : 0.0332    ndcg@20 : 0.0351    ndcg@50 : 0.0382    ndcg@100 : 0.0414    mrr@5 : 0.029    mrr@10 : 0.0297    mrr@20 : 0.0302    mrr@50 : 0.0307    mrr@100 : 0.031    precision@5 : 0.0078    precision@10 : 0.0044    precision@20 : 0.0026    precision@50 : 0.0014    precision@100 : 0.0009
[2026-07-16 22:23:58,395][root][INFO] - [1;32mepoch 18 training[0m [[1;34mtime[0m: 19.66s, [1;34mtrain loss[0m: 1863.7296]
[2026-07-16 22:23:58,546][root][INFO] - [1;32mepoch 18 evaluating[0m [[1;34mtime[0m: 0.15s, [1;34mvalid_score[0m: 0.033200]
[2026-07-16 22:23:58,546][root][INFO] - [1;34mvalid result[0m: 
hit@5 : 0.0379    hit@10 : 0.0439    hit@20 : 0.0516    hit@50 : 0.066    hit@100 : 0.0866    ndcg@5 : 0.0312    ndcg@10 : 0.0332    ndcg@20 : 0.0351    ndcg@50 : 0.038    ndcg@100 : 0.0413    mrr@5 : 0.029    mrr@10 : 0.0298    mrr@20 : 0.0303    mrr@50 : 0.0308    mrr@100 : 0.0311    precision@5 : 0.0076    precision@10 : 0.0044    precision@20 : 0.0026    precision@50 : 0.0013    precision@100 : 0.0009
[2026-07-16 22:24:18,100][root][INFO] - [1;32mepoch 19 training[0m [[1;34mtime[0m: 19.55s, [1;34mtrain loss[0m: 1834.2313]
[2026-07-16 22:24:18,239][root][INFO] - [1;32mepoch 19 evaluating[0m [[1;34mtime[0m: 0.14s, [1;34mvalid_score[0m: 0.033100]
[2026-07-16 22:24:18,239][root][INFO] - [1;34mvalid result[0m: 
hit@5 : 0.0382    hit@10 : 0.0435    hit@20 : 0.0511    hit@50 : 0.0662    hit@100 : 0.0851    ndcg@5 : 0.0313    ndcg@10 : 0.0331    ndcg@20 : 0.035    ndcg@50 : 0.0379    ndcg@100 : 0.041    mrr@5 : 0.029    mrr@10 : 0.0298    mrr@20 : 0.0303    mrr@50 : 0.0307    mrr@100 : 0.031    precision@5 : 0.0076    precision@10 : 0.0043    precision@20 : 0.0026    precision@50 : 0.0013    precision@100 : 0.0009
[2026-07-16 22:24:37,668][root][INFO] - [1;32mepoch 20 training[0m [[1;34mtime[0m: 19.43s, [1;34mtrain loss[0m: 1803.3389]
[2026-07-16 22:24:37,807][root][INFO] - [1;32mepoch 20 evaluating[0m [[1;34mtime[0m: 0.14s, [1;34mvalid_score[0m: 0.032800]
[2026-07-16 22:24:37,807][root][INFO] - [1;34mvalid result[0m: 
hit@5 : 0.0379    hit@10 : 0.0424    hit@20 : 0.0502    hit@50 : 0.0657    hit@100 : 0.0832    ndcg@5 : 0.0314    ndcg@10 : 0.0328    ndcg@20 : 0.0348    ndcg@50 : 0.0378    ndcg@100 : 0.0407    mrr@5 : 0.0292    mrr@10 : 0.0297    mrr@20 : 0.0303    mrr@50 : 0.0308    mrr@100 : 0.031    precision@5 : 0.0076    precision@10 : 0.0042    precision@20 : 0.0025    precision@50 : 0.0013    precision@100 : 0.0008
[2026-07-16 22:24:57,273][root][INFO] - [1;32mepoch 21 training[0m [[1;34mtime[0m: 19.47s, [1;34mtrain loss[0m: 1775.2373]
[2026-07-16 22:24:57,410][root][INFO] - [1;32mepoch 21 evaluating[0m [[1;34mtime[0m: 0.14s, [1;34mvalid_score[0m: 0.032300]
[2026-07-16 22:24:57,410][root][INFO] - [1;34mvalid result[0m: 
hit@5 : 0.0372    hit@10 : 0.0424    hit@20 : 0.0502    hit@50 : 0.0653    hit@100 : 0.083    ndcg@5 : 0.0306    ndcg@10 : 0.0323    ndcg@20 : 0.0343    ndcg@50 : 0.0373    ndcg@100 : 0.0401    mrr@5 : 0.0284    mrr@10 : 0.0291    mrr@20 : 0.0297    mrr@50 : 0.0301    mrr@100 : 0.0304    precision@5 : 0.0074    precision@10 : 0.0042    precision@20 : 0.0025    precision@50 : 0.0013    precision@100 : 0.0008
[2026-07-16 22:25:16,902][root][INFO] - [1;32mepoch 22 training[0m [[1;34mtime[0m: 19.49s, [1;34mtrain loss[0m: 1746.9082]
[2026-07-16 22:25:17,052][root][INFO] - [1;32mepoch 22 evaluating[0m [[1;34mtime[0m: 0.15s, [1;34mvalid_score[0m: 0.032400]
[2026-07-16 22:25:17,052][root][INFO] - [1;34mvalid result[0m: 
hit@5 : 0.0375    hit@10 : 0.0421    hit@20 : 0.0491    hit@50 : 0.0646    hit@100 : 0.081    ndcg@5 : 0.031    ndcg@10 : 0.0324    ndcg@20 : 0.0342    ndcg@50 : 0.0372    ndcg@100 : 0.0399    mrr@5 : 0.0287    mrr@10 : 0.0293    mrr@20 : 0.0298    mrr@50 : 0.0303    mrr@100 : 0.0305    precision@5 : 0.0075    precision@10 : 0.0042    precision@20 : 0.0025    precision@50 : 0.0013    precision@100 : 0.0008
[2026-07-16 22:25:17,053][root][INFO] - Finished training, best eval result in epoch 11
[2026-07-16 22:25:17,084][root][INFO] - Loading model structure and parameters from checkpoint/SASRec-BEST-2025.tune.ckpt-dom3-sim
[2026-07-16 22:25:17,206][__main__][INFO] - [1;33mtest result[0m: OrderedDict([('hit@5', 0.0351), ('hit@10', 0.0405), ('hit@20', 0.0465), ('hit@50', 0.0589), ('hit@100', 0.0737), ('ndcg@5', 0.0279), ('ndcg@10', 0.0296), ('ndcg@20', 0.0312), ('ndcg@50', 0.0336), ('ndcg@100', 0.036), ('mrr@5', 0.0255), ('mrr@10', 0.0262), ('mrr@20', 0.0266), ('mrr@50', 0.027), ('mrr@100', 0.0272), ('precision@5', 0.007), ('precision@10', 0.004), ('precision@20', 0.0023), ('precision@50', 0.0012), ('precision@100', 0.0007)])
