[2026-07-16 21:29:13,516][root][WARNING] - command line args [-m stage=tun gpu_id=0 seed=2025 train_type=full target_dom=dom1] will not be used in RecBole
[2026-07-16 21:29:13,660][__main__][INFO] - 
[1;35mGeneral Hyper Parameters:
[0m[1;36mgpu_id[0m =[1;33m 0[0m
[1;36muse_gpu[0m =[1;33m True[0m
[1;36mseed[0m =[1;33m 2025[0m
[1;36mstate[0m =[1;33m INFO[0m
[1;36mreproducibility[0m =[1;33m True[0m
[1;36mdata_path[0m =[1;33m dataset/BEST[0m
[1;36mcheckpoint_dir[0m =[1;33m checkpoint[0m
[1;36mshow_progress[0m =[1;33m True[0m
[1;36msave_dataset[0m =[1;33m False[0m
[1;36mdataset_save_path[0m =[1;33m None[0m
[1;36msave_dataloaders[0m =[1;33m False[0m
[1;36mdataloaders_save_path[0m =[1;33m None[0m
[1;36mlog_wandb[0m =[1;33m False[0m

[1;35mTraining Hyper Parameters:
[0m[1;36mepochs[0m =[1;33m 300[0m
[1;36mtrain_batch_size[0m =[1;33m 128[0m
[1;36mlearner[0m =[1;33m adam[0m
[1;36mlearning_rate[0m =[1;33m 0.0003[0m
[1;36mtrain_neg_sample_args[0m =[1;33m {'distribution': 'none', 'sample_num': 'none', 'alpha': 'none', 'dynamic': False, 'candidate_num': 0}[0m
[1;36meval_step[0m =[1;33m 1[0m
[1;36mstopping_step[0m =[1;33m 10[0m
[1;36mclip_grad_norm[0m =[1;33m None[0m
[1;36mweight_decay[0m =[1;33m 0.0[0m
[1;36mloss_decimal_place[0m =[1;33m 4[0m

[1;35mEvaluation Hyper Parameters:
[0m[1;36meval_args[0m =[1;33m {'split': {'LS': 'valid_and_test'}, 'order': 'TO', 'group_by': 'user', 'mode': {'valid': 'full', 'test': 'full'}}[0m
[1;36mrepeatable[0m =[1;33m True[0m
[1;36mmetrics[0m =[1;33m ['HIT', 'NDCG', 'MRR', 'Precision'][0m
[1;36mtopk[0m =[1;33m [5, 10, 20, 50, 100][0m
[1;36mvalid_metric[0m =[1;33m NDCG@10[0m
[1;36mvalid_metric_bigger[0m =[1;33m True[0m
[1;36meval_batch_size[0m =[1;33m 4096[0m
[1;36mmetric_decimal_place[0m =[1;33m 4[0m

[1;35mDataset Hyper Parameters:
[0m[1;36mfield_separator[0m =[1;33m 	[0m
[1;36mseq_separator[0m =[1;33m  [0m
[1;36mUSER_ID_FIELD[0m =[1;33m user_id[0m
[1;36mITEM_ID_FIELD[0m =[1;33m item_id[0m
[1;36mRATING_FIELD[0m =[1;33m rating[0m
[1;36mTIME_FIELD[0m =[1;33m timestamp[0m
[1;36mseq_len[0m =[1;33m None[0m
[1;36mLABEL_FIELD[0m =[1;33m label[0m
[1;36mthreshold[0m =[1;33m None[0m
[1;36mNEG_PREFIX[0m =[1;33m neg_[0m
[1;36mload_col[0m =[1;33m {'inter': ['user_id', 'item_id_list', 'item_id']}[0m
[1;36munload_col[0m =[1;33m None[0m
[1;36munused_col[0m =[1;33m None[0m
[1;36madditional_feat_suffix[0m =[1;33m None[0m
[1;36mrm_dup_inter[0m =[1;33m None[0m
[1;36mval_interval[0m =[1;33m None[0m
[1;36mfilter_inter_by_user_or_item[0m =[1;33m True[0m
[1;36muser_inter_num_interval[0m =[1;33m [0,inf)[0m
[1;36mitem_inter_num_interval[0m =[1;33m [0,inf)[0m
[1;36malias_of_user_id[0m =[1;33m None[0m
[1;36malias_of_item_id[0m =[1;33m ['item_id_list'][0m
[1;36malias_of_entity_id[0m =[1;33m None[0m
[1;36malias_of_relation_id[0m =[1;33m None[0m
[1;36mpreload_weight[0m =[1;33m None[0m
[1;36mnormalize_field[0m =[1;33m None[0m
[1;36mnormalize_all[0m =[1;33m None[0m
[1;36mITEM_LIST_LENGTH_FIELD[0m =[1;33m item_length[0m
[1;36mLIST_SUFFIX[0m =[1;33m _list[0m
[1;36mMAX_ITEM_LIST_LENGTH[0m =[1;33m 128[0m
[1;36mPOSITION_FIELD[0m =[1;33m position_id[0m
[1;36mHEAD_ENTITY_ID_FIELD[0m =[1;33m head_id[0m
[1;36mTAIL_ENTITY_ID_FIELD[0m =[1;33m tail_id[0m
[1;36mRELATION_ID_FIELD[0m =[1;33m relation_id[0m
[1;36mENTITY_ID_FIELD[0m =[1;33m entity_id[0m
[1;36mbenchmark_filename[0m =[1;33m ['full.train', 'full.valid', 'full.test', 'dom1.train', 'dom1.valid', 'dom1.test', 'dom2.train', 'dom2.valid', 'dom2.test', 'dom3.train', 'dom3.valid', 'dom3.test', 'dom4.train', 'dom4.valid', 'dom4.test'][0m

[1;35mOther Hyper Parameters: 
[0m[1;36mworker[0m = [1;33m0[0m
[1;36mwandb_project[0m = [1;33mrecbole[0m
[1;36mshuffle[0m = [1;33mTrue[0m
[1;36mrequire_pow[0m = [1;33mFalse[0m
[1;36menable_amp[0m = [1;33mFalse[0m
[1;36menable_scaler[0m = [1;33mFalse[0m
[1;36mtransform[0m = [1;33mNone[0m
[1;36mn_layers[0m = [1;33m2[0m
[1;36mn_heads[0m = [1;33m2[0m
[1;36mhidden_size[0m = [1;33m128[0m
[1;36minner_size[0m = [1;33m128[0m
[1;36mhidden_dropout_prob[0m = [1;33m0.2[0m
[1;36mattn_dropout_prob[0m = [1;33m0.2[0m
[1;36mhidden_act[0m = [1;33mgelu[0m
[1;36mlayer_norm_eps[0m = [1;33m1e-12[0m
[1;36minitializer_range[0m = [1;33m0.02[0m
[1;36mloss_type[0m = [1;33mCE[0m
[1;36mnumerical_features[0m = [1;33m[][0m
[1;36mdiscretization[0m = [1;33mNone[0m
[1;36mkg_reverse_r[0m = [1;33mFalse[0m
[1;36mentity_kg_num_interval[0m = [1;33m[0,inf)[0m
[1;36mrelation_kg_num_interval[0m = [1;33m[0,inf)[0m
[1;36mMODEL_TYPE[0m = [1;33mModelType.SEQUENTIAL[0m
[1;36mmodel_name[0m = [1;33mSASRec[0m
[1;36mitem_path[0m = [1;33mdataset/BEST/BEST.item[0m
[1;36mstage[0m = [1;33mtun[0m
[1;36mdomains[0m = [1;33m4[0m
[1;36mtarget_dom[0m = [1;33mdom1[0m
[1;36mtrain_type[0m = [1;33mfull[0m
[1;36mnew_inter_path[0m = [1;33mdataset/BEST/BEST.2025.dom1.train.inter[0m
[1;36mckpt_para[0m = [1;33mcheckpoint/SASRec-BEST-2025[0m
[1;36mfull_ckpt[0m = [1;33mcheckpoint/SASRec-BEST-2025.full.ckpt[0m
[1;36mdom1_ckpt[0m = [1;33mcheckpoint/SASRec-BEST-2025.dom1.ckpt[0m
[1;36mdom2_ckpt[0m = [1;33mcheckpoint/SASRec-BEST-2025.dom2.ckpt[0m
[1;36mdom3_ckpt[0m = [1;33mcheckpoint/SASRec-BEST-2025.dom3.ckpt[0m
[1;36mdom4_ckpt[0m = [1;33mcheckpoint/SASRec-BEST-2025.dom4.ckpt[0m
[1;36mtune_ckpt[0m = [1;33mcheckpoint/SASRec-BEST-2025.tune.ckpt[0m
[1;36mbase[0m = [1;33m{'experiment_name': 'v9-Taesar.SASRec.BEST', 'method': 'tun.dom1.full.seed_2025', 'run_name': 'tun.dom1.full.seed_2025.2026-07-16.21-29-04', 'data_dir_root': 'dataset', 'save_dir_root': './save', 'save_method_dir': './save/v9-Taesar.SASRec.BEST/tun.dom1.full.seed_2025', 'save_dir': './save/v9-Taesar.SASRec.BEST/tun.dom1.full.seed_2025/2026-07-16.21-29-04'}[0m
[1;36mMODEL_INPUT_TYPE[0m = [1;33mInputType.POINTWISE[0m
[1;36meval_type[0m = [1;33mEvaluatorType.RANKING[0m
[1;36msingle_spec[0m = [1;33mTrue[0m
[1;36mlocal_rank[0m = [1;33m0[0m
[1;36mdevice[0m = [1;33mcuda[0m
[1;36mvalid_neg_sample_args[0m = [1;33m{'distribution': 'uniform', 'sample_num': 'none'}[0m
[1;36mtest_neg_sample_args[0m = [1;33m{'distribution': 'uniform', 'sample_num': 'none'}[0m


[2026-07-16 21:29:15,004][__main__][INFO] - [1;35mBEST[0m
[1;34mThe number of users[0m: 40166
[1;34mAverage actions of users[0m: 1.3363625046682435
[1;34mThe number of items[0m: 184755
[1;34mAverage actions of items[0m: 1.5204951701084954
[1;34mThe number of inters[0m: 53675
[1;34mThe sparsity of the dataset[0m: 99.99927670199254%
[1;34mRemain Fields[0m: ['user_id', 'item_id_list', 'item_id', 'item_length']
[2026-07-16 21:29:15,493][root][INFO] - [1;35m[Training]: [0m[1;36mtrain_batch_size[0m = [1;33m[128][0m[1;36m train_neg_sample_args[0m: [1;33m[{'distribution': 'none', 'sample_num': 'none', 'alpha': 'none', 'dynamic': False, 'candidate_num': 0}][0m
[2026-07-16 21:29:15,494][root][INFO] - [1;35m[Evaluation]: [0m[1;36meval_batch_size[0m = [1;33m[4096][0m[1;36m eval_args[0m: [1;33m[{'split': {'LS': 'valid_and_test'}, 'order': 'TO', 'group_by': 'user', 'mode': {'valid': 'full', 'test': 'full'}}][0m
[2026-07-16 21:30:02,161][root][INFO] - [1;32mepoch 0 training[0m [[1;34mtime[0m: 45.58s, [1;34mtrain loss[0m: 3707.5747]
[2026-07-16 21:30:02,355][root][INFO] - [1;32mepoch 0 evaluating[0m [[1;34mtime[0m: 0.19s, [1;34mvalid_score[0m: 0.002900]
[2026-07-16 21:30:02,355][root][INFO] - [1;34mvalid result[0m: 
hit@5 : 0.0039    hit@10 : 0.005    hit@20 : 0.0086    hit@50 : 0.0157    hit@100 : 0.0297    ndcg@5 : 0.0025    ndcg@10 : 0.0029    ndcg@20 : 0.0038    ndcg@50 : 0.0052    ndcg@100 : 0.0074    mrr@5 : 0.0021    mrr@10 : 0.0022    mrr@20 : 0.0024    mrr@50 : 0.0027    mrr@100 : 0.0028    precision@5 : 0.0008    precision@10 : 0.0005    precision@20 : 0.0004    precision@50 : 0.0003    precision@100 : 0.0003
[2026-07-16 21:30:02,675][root][INFO] - [1;34mSaving current[0m: checkpoint/SASRec-BEST-2025.tune.ckpt-dom1-full
[2026-07-16 21:30:47,474][root][INFO] - [1;32mepoch 1 training[0m [[1;34mtime[0m: 44.80s, [1;34mtrain loss[0m: 3574.0393]
[2026-07-16 21:30:47,642][root][INFO] - [1;32mepoch 1 evaluating[0m [[1;34mtime[0m: 0.17s, [1;34mvalid_score[0m: 0.014700]
[2026-07-16 21:30:47,642][root][INFO] - [1;34mvalid result[0m: 
hit@5 : 0.0165    hit@10 : 0.0208    hit@20 : 0.0249    hit@50 : 0.0358    hit@100 : 0.0489    ndcg@5 : 0.0133    ndcg@10 : 0.0147    ndcg@20 : 0.0157    ndcg@50 : 0.0179    ndcg@100 : 0.02    mrr@5 : 0.0123    mrr@10 : 0.0128    mrr@20 : 0.0131    mrr@50 : 0.0134    mrr@100 : 0.0136    precision@5 : 0.0033    precision@10 : 0.0021    precision@20 : 0.0012    precision@50 : 0.0007    precision@100 : 0.0005
[2026-07-16 21:30:48,380][root][INFO] - [1;34mSaving current[0m: checkpoint/SASRec-BEST-2025.tune.ckpt-dom1-full
[2026-07-16 21:31:33,380][root][INFO] - [1;32mepoch 2 training[0m [[1;34mtime[0m: 45.00s, [1;34mtrain loss[0m: 3439.5345]
[2026-07-16 21:31:33,544][root][INFO] - [1;32mepoch 2 evaluating[0m [[1;34mtime[0m: 0.16s, [1;34mvalid_score[0m: 0.022800]
[2026-07-16 21:31:33,545][root][INFO] - [1;34mvalid result[0m: 
hit@5 : 0.0254    hit@10 : 0.0286    hit@20 : 0.0354    hit@50 : 0.0461    hit@100 : 0.0594    ndcg@5 : 0.0218    ndcg@10 : 0.0228    ndcg@20 : 0.0245    ndcg@50 : 0.0266    ndcg@100 : 0.0287    mrr@5 : 0.0205    mrr@10 : 0.0209    mrr@20 : 0.0214    mrr@50 : 0.0217    mrr@100 : 0.0219    precision@5 : 0.0051    precision@10 : 0.0029    precision@20 : 0.0018    precision@50 : 0.0009    precision@100 : 0.0006
[2026-07-16 21:31:34,298][root][INFO] - [1;34mSaving current[0m: checkpoint/SASRec-BEST-2025.tune.ckpt-dom1-full
[2026-07-16 21:32:19,276][root][INFO] - [1;32mepoch 3 training[0m [[1;34mtime[0m: 44.98s, [1;34mtrain loss[0m: 3310.4865]
[2026-07-16 21:32:19,445][root][INFO] - [1;32mepoch 3 evaluating[0m [[1;34mtime[0m: 0.17s, [1;34mvalid_score[0m: 0.027900]
[2026-07-16 21:32:19,445][root][INFO] - [1;34mvalid result[0m: 
hit@5 : 0.0312    hit@10 : 0.0358    hit@20 : 0.0437    hit@50 : 0.0555    hit@100 : 0.0701    ndcg@5 : 0.0264    ndcg@10 : 0.0279    ndcg@20 : 0.0299    ndcg@50 : 0.0322    ndcg@100 : 0.0346    mrr@5 : 0.0249    mrr@10 : 0.0255    mrr@20 : 0.026    mrr@50 : 0.0264    mrr@100 : 0.0266    precision@5 : 0.0062    precision@10 : 0.0036    precision@20 : 0.0022    precision@50 : 0.0011    precision@100 : 0.0007
[2026-07-16 21:32:20,149][root][INFO] - [1;34mSaving current[0m: checkpoint/SASRec-BEST-2025.tune.ckpt-dom1-full
[2026-07-16 21:33:05,124][root][INFO] - [1;32mepoch 4 training[0m [[1;34mtime[0m: 44.97s, [1;34mtrain loss[0m: 3193.2164]
[2026-07-16 21:33:05,290][root][INFO] - [1;32mepoch 4 evaluating[0m [[1;34mtime[0m: 0.16s, [1;34mvalid_score[0m: 0.032100]
[2026-07-16 21:33:05,290][root][INFO] - [1;34mvalid result[0m: 
hit@5 : 0.0363    hit@10 : 0.0433    hit@20 : 0.0493    hit@50 : 0.0619    hit@100 : 0.0769    ndcg@5 : 0.0299    ndcg@10 : 0.0321    ndcg@20 : 0.0337    ndcg@50 : 0.0362    ndcg@100 : 0.0386    mrr@5 : 0.0278    mrr@10 : 0.0287    mrr@20 : 0.0291    mrr@50 : 0.0295    mrr@100 : 0.0297    precision@5 : 0.0073    precision@10 : 0.0043    precision@20 : 0.0025    precision@50 : 0.0012    precision@100 : 0.0008
[2026-07-16 21:33:06,024][root][INFO] - [1;34mSaving current[0m: checkpoint/SASRec-BEST-2025.tune.ckpt-dom1-full
[2026-07-16 21:33:51,203][root][INFO] - [1;32mepoch 5 training[0m [[1;34mtime[0m: 45.18s, [1;34mtrain loss[0m: 3079.8511]
[2026-07-16 21:33:51,369][root][INFO] - [1;32mepoch 5 evaluating[0m [[1;34mtime[0m: 0.16s, [1;34mvalid_score[0m: 0.034400]
[2026-07-16 21:33:51,369][root][INFO] - [1;34mvalid result[0m: 
hit@5 : 0.0399    hit@10 : 0.046    hit@20 : 0.0535    hit@50 : 0.069    hit@100 : 0.0859    ndcg@5 : 0.0325    ndcg@10 : 0.0344    ndcg@20 : 0.0363    ndcg@50 : 0.0394    ndcg@100 : 0.0421    mrr@5 : 0.0299    mrr@10 : 0.0308    mrr@20 : 0.0313    mrr@50 : 0.0317    mrr@100 : 0.032    precision@5 : 0.008    precision@10 : 0.0046    precision@20 : 0.0027    precision@50 : 0.0014    precision@100 : 0.0009
[2026-07-16 21:33:52,139][root][INFO] - [1;34mSaving current[0m: checkpoint/SASRec-BEST-2025.tune.ckpt-dom1-full
[2026-07-16 21:34:36,978][root][INFO] - [1;32mepoch 6 training[0m [[1;34mtime[0m: 44.84s, [1;34mtrain loss[0m: 2969.7301]
[2026-07-16 21:34:37,143][root][INFO] - [1;32mepoch 6 evaluating[0m [[1;34mtime[0m: 0.16s, [1;34mvalid_score[0m: 0.036100]
[2026-07-16 21:34:37,143][root][INFO] - [1;34mvalid result[0m: 
hit@5 : 0.0426    hit@10 : 0.0495    hit@20 : 0.0582    hit@50 : 0.0738    hit@100 : 0.0906    ndcg@5 : 0.0339    ndcg@10 : 0.0361    ndcg@20 : 0.0383    ndcg@50 : 0.0414    ndcg@100 : 0.0441    mrr@5 : 0.0309    mrr@10 : 0.0318    mrr@20 : 0.0324    mrr@50 : 0.0329    mrr@100 : 0.0332    precision@5 : 0.0085    precision@10 : 0.0049    precision@20 : 0.0029    precision@50 : 0.0015    precision@100 : 0.0009
[2026-07-16 21:34:37,825][root][INFO] - [1;34mSaving current[0m: checkpoint/SASRec-BEST-2025.tune.ckpt-dom1-full
[2026-07-16 21:35:23,120][root][INFO] - [1;32mepoch 7 training[0m [[1;34mtime[0m: 45.29s, [1;34mtrain loss[0m: 2864.2842]
[2026-07-16 21:35:23,289][root][INFO] - [1;32mepoch 7 evaluating[0m [[1;34mtime[0m: 0.17s, [1;34mvalid_score[0m: 0.037300]
[2026-07-16 21:35:23,290][root][INFO] - [1;34mvalid result[0m: 
hit@5 : 0.046    hit@10 : 0.0519    hit@20 : 0.0635    hit@50 : 0.0787    hit@100 : 0.0964    ndcg@5 : 0.0354    ndcg@10 : 0.0373    ndcg@20 : 0.0402    ndcg@50 : 0.0432    ndcg@100 : 0.0461    mrr@5 : 0.0318    mrr@10 : 0.0326    mrr@20 : 0.0334    mrr@50 : 0.0338    mrr@100 : 0.0341    precision@5 : 0.0092    precision@10 : 0.0052    precision@20 : 0.0032    precision@50 : 0.0016    precision@100 : 0.001
[2026-07-16 21:35:23,978][root][INFO] - [1;34mSaving current[0m: checkpoint/SASRec-BEST-2025.tune.ckpt-dom1-full
[2026-07-16 21:36:08,816][root][INFO] - [1;32mepoch 8 training[0m [[1;34mtime[0m: 44.84s, [1;34mtrain loss[0m: 2766.4229]
[2026-07-16 21:36:08,983][root][INFO] - [1;32mepoch 8 evaluating[0m [[1;34mtime[0m: 0.17s, [1;34mvalid_score[0m: 0.038700]
[2026-07-16 21:36:08,983][root][INFO] - [1;34mvalid result[0m: 
hit@5 : 0.0475    hit@10 : 0.0557    hit@20 : 0.0664    hit@50 : 0.0819    hit@100 : 0.0999    ndcg@5 : 0.0361    ndcg@10 : 0.0387    ndcg@20 : 0.0414    ndcg@50 : 0.0445    ndcg@100 : 0.0474    mrr@5 : 0.0322    mrr@10 : 0.0333    mrr@20 : 0.0341    mrr@50 : 0.0346    mrr@100 : 0.0348    precision@5 : 0.0095    precision@10 : 0.0056    precision@20 : 0.0033    precision@50 : 0.0016    precision@100 : 0.001
[2026-07-16 21:36:09,723][root][INFO] - [1;34mSaving current[0m: checkpoint/SASRec-BEST-2025.tune.ckpt-dom1-full
[2026-07-16 21:36:54,776][root][INFO] - [1;32mepoch 9 training[0m [[1;34mtime[0m: 45.05s, [1;34mtrain loss[0m: 2678.3973]
[2026-07-16 21:36:54,943][root][INFO] - [1;32mepoch 9 evaluating[0m [[1;34mtime[0m: 0.17s, [1;34mvalid_score[0m: 0.039700]
[2026-07-16 21:36:54,943][root][INFO] - [1;34mvalid result[0m: 
hit@5 : 0.0498    hit@10 : 0.058    hit@20 : 0.0684    hit@50 : 0.0855    hit@100 : 0.1041    ndcg@5 : 0.037    ndcg@10 : 0.0397    ndcg@20 : 0.0423    ndcg@50 : 0.0457    ndcg@100 : 0.0487    mrr@5 : 0.0328    mrr@10 : 0.0339    mrr@20 : 0.0346    mrr@50 : 0.0351    mrr@100 : 0.0354    precision@5 : 0.01    precision@10 : 0.0058    precision@20 : 0.0034    precision@50 : 0.0017    precision@100 : 0.001
[2026-07-16 21:36:55,750][root][INFO] - [1;34mSaving current[0m: checkpoint/SASRec-BEST-2025.tune.ckpt-dom1-full
[2026-07-16 21:37:40,897][root][INFO] - [1;32mepoch 10 training[0m [[1;34mtime[0m: 45.15s, [1;34mtrain loss[0m: 2601.3811]
[2026-07-16 21:37:41,067][root][INFO] - [1;32mepoch 10 evaluating[0m [[1;34mtime[0m: 0.17s, [1;34mvalid_score[0m: 0.039600]
[2026-07-16 21:37:41,067][root][INFO] - [1;34mvalid result[0m: 
hit@5 : 0.05    hit@10 : 0.0584    hit@20 : 0.0702    hit@50 : 0.0861    hit@100 : 0.1053    ndcg@5 : 0.0369    ndcg@10 : 0.0396    ndcg@20 : 0.0426    ndcg@50 : 0.0457    ndcg@100 : 0.0488    mrr@5 : 0.0324    mrr@10 : 0.0336    mrr@20 : 0.0344    mrr@50 : 0.0349    mrr@100 : 0.0352    precision@5 : 0.01    precision@10 : 0.0058    precision@20 : 0.0035    precision@50 : 0.0017    precision@100 : 0.0011
[2026-07-16 21:38:26,091][root][INFO] - [1;32mepoch 11 training[0m [[1;34mtime[0m: 45.02s, [1;34mtrain loss[0m: 2535.3225]
[2026-07-16 21:38:26,258][root][INFO] - [1;32mepoch 11 evaluating[0m [[1;34mtime[0m: 0.17s, [1;34mvalid_score[0m: 0.040200]
[2026-07-16 21:38:26,258][root][INFO] - [1;34mvalid result[0m: 
hit@5 : 0.0503    hit@10 : 0.0604    hit@20 : 0.0709    hit@50 : 0.0885    hit@100 : 0.1073    ndcg@5 : 0.0369    ndcg@10 : 0.0402    ndcg@20 : 0.0429    ndcg@50 : 0.0464    ndcg@100 : 0.0494    mrr@5 : 0.0324    mrr@10 : 0.0338    mrr@20 : 0.0345    mrr@50 : 0.0351    mrr@100 : 0.0353    precision@5 : 0.0101    precision@10 : 0.006    precision@20 : 0.0035    precision@50 : 0.0018    precision@100 : 0.0011
[2026-07-16 21:38:26,962][root][INFO] - [1;34mSaving current[0m: checkpoint/SASRec-BEST-2025.tune.ckpt-dom1-full
[2026-07-16 21:39:12,268][root][INFO] - [1;32mepoch 12 training[0m [[1;34mtime[0m: 45.30s, [1;34mtrain loss[0m: 2478.8482]
[2026-07-16 21:39:12,435][root][INFO] - [1;32mepoch 12 evaluating[0m [[1;34mtime[0m: 0.17s, [1;34mvalid_score[0m: 0.040500]
[2026-07-16 21:39:12,435][root][INFO] - [1;34mvalid result[0m: 
hit@5 : 0.051    hit@10 : 0.0609    hit@20 : 0.0719    hit@50 : 0.089    hit@100 : 0.1069    ndcg@5 : 0.0372    ndcg@10 : 0.0405    ndcg@20 : 0.0433    ndcg@50 : 0.0466    ndcg@100 : 0.0495    mrr@5 : 0.0326    mrr@10 : 0.0339    mrr@20 : 0.0347    mrr@50 : 0.0353    mrr@100 : 0.0355    precision@5 : 0.0102    precision@10 : 0.0061    precision@20 : 0.0036    precision@50 : 0.0018    precision@100 : 0.0011
[2026-07-16 21:39:13,175][root][INFO] - [1;34mSaving current[0m: checkpoint/SASRec-BEST-2025.tune.ckpt-dom1-full
[2026-07-16 21:39:58,246][root][INFO] - [1;32mepoch 13 training[0m [[1;34mtime[0m: 45.07s, [1;34mtrain loss[0m: 2430.4925]
[2026-07-16 21:39:58,412][root][INFO] - [1;32mepoch 13 evaluating[0m [[1;34mtime[0m: 0.17s, [1;34mvalid_score[0m: 0.040600]
[2026-07-16 21:39:58,413][root][INFO] - [1;34mvalid result[0m: 
hit@5 : 0.0516    hit@10 : 0.0609    hit@20 : 0.0726    hit@50 : 0.0887    hit@100 : 0.107    ndcg@5 : 0.0376    ndcg@10 : 0.0406    ndcg@20 : 0.0436    ndcg@50 : 0.0468    ndcg@100 : 0.0497    mrr@5 : 0.0329    mrr@10 : 0.0341    mrr@20 : 0.035    mrr@50 : 0.0355    mrr@100 : 0.0357    precision@5 : 0.0103    precision@10 : 0.0061    precision@20 : 0.0036    precision@50 : 0.0018    precision@100 : 0.0011
[2026-07-16 21:39:59,129][root][INFO] - [1;34mSaving current[0m: checkpoint/SASRec-BEST-2025.tune.ckpt-dom1-full
[2026-07-16 21:40:44,158][root][INFO] - [1;32mepoch 14 training[0m [[1;34mtime[0m: 45.03s, [1;34mtrain loss[0m: 2387.8420]
[2026-07-16 21:40:44,331][root][INFO] - [1;32mepoch 14 evaluating[0m [[1;34mtime[0m: 0.17s, [1;34mvalid_score[0m: 0.040100]
[2026-07-16 21:40:44,331][root][INFO] - [1;34mvalid result[0m: 
hit@5 : 0.0514    hit@10 : 0.0606    hit@20 : 0.0717    hit@50 : 0.0883    hit@100 : 0.1074    ndcg@5 : 0.0371    ndcg@10 : 0.0401    ndcg@20 : 0.0429    ndcg@50 : 0.0462    ndcg@100 : 0.0493    mrr@5 : 0.0323    mrr@10 : 0.0336    mrr@20 : 0.0343    mrr@50 : 0.0349    mrr@100 : 0.0351    precision@5 : 0.0103    precision@10 : 0.0061    precision@20 : 0.0036    precision@50 : 0.0018    precision@100 : 0.0011
[2026-07-16 21:41:29,290][root][INFO] - [1;32mepoch 15 training[0m [[1;34mtime[0m: 44.96s, [1;34mtrain loss[0m: 2349.6866]
[2026-07-16 21:41:29,458][root][INFO] - [1;32mepoch 15 evaluating[0m [[1;34mtime[0m: 0.17s, [1;34mvalid_score[0m: 0.040400]
[2026-07-16 21:41:29,458][root][INFO] - [1;34mvalid result[0m: 
hit@5 : 0.0522    hit@10 : 0.0608    hit@20 : 0.0717    hit@50 : 0.0889    hit@100 : 0.108    ndcg@5 : 0.0376    ndcg@10 : 0.0404    ndcg@20 : 0.0431    ndcg@50 : 0.0465    ndcg@100 : 0.0496    mrr@5 : 0.0327    mrr@10 : 0.0339    mrr@20 : 0.0346    mrr@50 : 0.0352    mrr@100 : 0.0354    precision@5 : 0.0104    precision@10 : 0.0061    precision@20 : 0.0036    precision@50 : 0.0018    precision@100 : 0.0011
[2026-07-16 21:42:14,058][root][INFO] - [1;32mepoch 16 training[0m [[1;34mtime[0m: 44.60s, [1;34mtrain loss[0m: 2313.6740]
[2026-07-16 21:42:14,224][root][INFO] - [1;32mepoch 16 evaluating[0m [[1;34mtime[0m: 0.17s, [1;34mvalid_score[0m: 0.040500]
[2026-07-16 21:42:14,225][root][INFO] - [1;34mvalid result[0m: 
hit@5 : 0.0516    hit@10 : 0.0613    hit@20 : 0.0706    hit@50 : 0.0869    hit@100 : 0.1081    ndcg@5 : 0.0374    ndcg@10 : 0.0405    ndcg@20 : 0.0428    ndcg@50 : 0.0461    ndcg@100 : 0.0495    mrr@5 : 0.0326    mrr@10 : 0.0339    mrr@20 : 0.0345    mrr@50 : 0.035    mrr@100 : 0.0353    precision@5 : 0.0103    precision@10 : 0.0061    precision@20 : 0.0035    precision@50 : 0.0017    precision@100 : 0.0011
[2026-07-16 21:42:59,477][root][INFO] - [1;32mepoch 17 training[0m [[1;34mtime[0m: 45.25s, [1;34mtrain loss[0m: 2280.1323]
[2026-07-16 21:42:59,645][root][INFO] - [1;32mepoch 17 evaluating[0m [[1;34mtime[0m: 0.17s, [1;34mvalid_score[0m: 0.040700]
[2026-07-16 21:42:59,645][root][INFO] - [1;34mvalid result[0m: 
hit@5 : 0.0516    hit@10 : 0.0612    hit@20 : 0.0709    hit@50 : 0.0893    hit@100 : 0.1072    ndcg@5 : 0.0376    ndcg@10 : 0.0407    ndcg@20 : 0.0431    ndcg@50 : 0.0467    ndcg@100 : 0.0496    mrr@5 : 0.0328    mrr@10 : 0.0341    mrr@20 : 0.0348    mrr@50 : 0.0353    mrr@100 : 0.0356    precision@5 : 0.0103    precision@10 : 0.0061    precision@20 : 0.0035    precision@50 : 0.0018    precision@100 : 0.0011
[2026-07-16 21:43:00,367][root][INFO] - [1;34mSaving current[0m: checkpoint/SASRec-BEST-2025.tune.ckpt-dom1-full
[2026-07-16 21:43:45,197][root][INFO] - [1;32mepoch 18 training[0m [[1;34mtime[0m: 44.83s, [1;34mtrain loss[0m: 2248.7322]
[2026-07-16 21:43:45,364][root][INFO] - [1;32mepoch 18 evaluating[0m [[1;34mtime[0m: 0.17s, [1;34mvalid_score[0m: 0.040300]
[2026-07-16 21:43:45,364][root][INFO] - [1;34mvalid result[0m: 
hit@5 : 0.0512    hit@10 : 0.0613    hit@20 : 0.0706    hit@50 : 0.0877    hit@100 : 0.1086    ndcg@5 : 0.037    ndcg@10 : 0.0403    ndcg@20 : 0.0427    ndcg@50 : 0.046    ndcg@100 : 0.0494    mrr@5 : 0.0322    mrr@10 : 0.0336    mrr@20 : 0.0343    mrr@50 : 0.0348    mrr@100 : 0.0351    precision@5 : 0.0102    precision@10 : 0.0061    precision@20 : 0.0035    precision@50 : 0.0018    precision@100 : 0.0011
[2026-07-16 21:44:30,598][root][INFO] - [1;32mepoch 19 training[0m [[1;34mtime[0m: 45.23s, [1;34mtrain loss[0m: 2218.8851]
[2026-07-16 21:44:30,773][root][INFO] - [1;32mepoch 19 evaluating[0m [[1;34mtime[0m: 0.17s, [1;34mvalid_score[0m: 0.040100]
[2026-07-16 21:44:30,773][root][INFO] - [1;34mvalid result[0m: 
hit@5 : 0.0515    hit@10 : 0.0605    hit@20 : 0.0703    hit@50 : 0.0878    hit@100 : 0.1053    ndcg@5 : 0.0372    ndcg@10 : 0.0401    ndcg@20 : 0.0426    ndcg@50 : 0.0461    ndcg@100 : 0.0489    mrr@5 : 0.0324    mrr@10 : 0.0336    mrr@20 : 0.0343    mrr@50 : 0.0349    mrr@100 : 0.0351    precision@5 : 0.0103    precision@10 : 0.0061    precision@20 : 0.0035    precision@50 : 0.0018    precision@100 : 0.0011
[2026-07-16 21:45:15,815][root][INFO] - [1;32mepoch 20 training[0m [[1;34mtime[0m: 45.04s, [1;34mtrain loss[0m: 2189.0994]
[2026-07-16 21:45:15,982][root][INFO] - [1;32mepoch 20 evaluating[0m [[1;34mtime[0m: 0.17s, [1;34mvalid_score[0m: 0.040200]
[2026-07-16 21:45:15,983][root][INFO] - [1;34mvalid result[0m: 
hit@5 : 0.0506    hit@10 : 0.0605    hit@20 : 0.0717    hit@50 : 0.0875    hit@100 : 0.1064    ndcg@5 : 0.037    ndcg@10 : 0.0402    ndcg@20 : 0.043    ndcg@50 : 0.0461    ndcg@100 : 0.0491    mrr@5 : 0.0324    mrr@10 : 0.0337    mrr@20 : 0.0345    mrr@50 : 0.0349    mrr@100 : 0.0352    precision@5 : 0.0101    precision@10 : 0.0061    precision@20 : 0.0036    precision@50 : 0.0018    precision@100 : 0.0011
[2026-07-16 21:46:00,754][root][INFO] - [1;32mepoch 21 training[0m [[1;34mtime[0m: 44.77s, [1;34mtrain loss[0m: 2160.1028]
[2026-07-16 21:46:00,923][root][INFO] - [1;32mepoch 21 evaluating[0m [[1;34mtime[0m: 0.17s, [1;34mvalid_score[0m: 0.039500]
[2026-07-16 21:46:00,923][root][INFO] - [1;34mvalid result[0m: 
hit@5 : 0.0498    hit@10 : 0.059    hit@20 : 0.0698    hit@50 : 0.0848    hit@100 : 0.1038    ndcg@5 : 0.0365    ndcg@10 : 0.0395    ndcg@20 : 0.0422    ndcg@50 : 0.0452    ndcg@100 : 0.0482    mrr@5 : 0.0321    mrr@10 : 0.0333    mrr@20 : 0.034    mrr@50 : 0.0345    mrr@100 : 0.0347    precision@5 : 0.01    precision@10 : 0.0059    precision@20 : 0.0035    precision@50 : 0.0017    precision@100 : 0.001
[2026-07-16 21:46:45,987][root][INFO] - [1;32mepoch 22 training[0m [[1;34mtime[0m: 45.06s, [1;34mtrain loss[0m: 2132.1779]
[2026-07-16 21:46:46,160][root][INFO] - [1;32mepoch 22 evaluating[0m [[1;34mtime[0m: 0.17s, [1;34mvalid_score[0m: 0.039600]
[2026-07-16 21:46:46,161][root][INFO] - [1;34mvalid result[0m: 
hit@5 : 0.0502    hit@10 : 0.0588    hit@20 : 0.0675    hit@50 : 0.0836    hit@100 : 0.1038    ndcg@5 : 0.0369    ndcg@10 : 0.0396    ndcg@20 : 0.0418    ndcg@50 : 0.045    ndcg@100 : 0.0483    mrr@5 : 0.0324    mrr@10 : 0.0335    mrr@20 : 0.0341    mrr@50 : 0.0346    mrr@100 : 0.0349    precision@5 : 0.01    precision@10 : 0.0059    precision@20 : 0.0034    precision@50 : 0.0017    precision@100 : 0.001
[2026-07-16 21:47:30,927][root][INFO] - [1;32mepoch 23 training[0m [[1;34mtime[0m: 44.77s, [1;34mtrain loss[0m: 2104.8333]
[2026-07-16 21:47:31,100][root][INFO] - [1;32mepoch 23 evaluating[0m [[1;34mtime[0m: 0.17s, [1;34mvalid_score[0m: 0.039000]
[2026-07-16 21:47:31,100][root][INFO] - [1;34mvalid result[0m: 
hit@5 : 0.0485    hit@10 : 0.0574    hit@20 : 0.0667    hit@50 : 0.0836    hit@100 : 0.1023    ndcg@5 : 0.0361    ndcg@10 : 0.039    ndcg@20 : 0.0414    ndcg@50 : 0.0447    ndcg@100 : 0.0477    mrr@5 : 0.032    mrr@10 : 0.0332    mrr@20 : 0.0338    mrr@50 : 0.0343    mrr@100 : 0.0346    precision@5 : 0.0097    precision@10 : 0.0057    precision@20 : 0.0033    precision@50 : 0.0017    precision@100 : 0.001
[2026-07-16 21:48:16,112][root][INFO] - [1;32mepoch 24 training[0m [[1;34mtime[0m: 45.01s, [1;34mtrain loss[0m: 2078.5048]
[2026-07-16 21:48:16,300][root][INFO] - [1;32mepoch 24 evaluating[0m [[1;34mtime[0m: 0.19s, [1;34mvalid_score[0m: 0.039100]
[2026-07-16 21:48:16,300][root][INFO] - [1;34mvalid result[0m: 
hit@5 : 0.0492    hit@10 : 0.0571    hit@20 : 0.0667    hit@50 : 0.084    hit@100 : 0.1013    ndcg@5 : 0.0366    ndcg@10 : 0.0391    ndcg@20 : 0.0415    ndcg@50 : 0.045    ndcg@100 : 0.0478    mrr@5 : 0.0324    mrr@10 : 0.0334    mrr@20 : 0.034    mrr@50 : 0.0346    mrr@100 : 0.0348    precision@5 : 0.0098    precision@10 : 0.0057    precision@20 : 0.0033    precision@50 : 0.0017    precision@100 : 0.001
[2026-07-16 21:49:01,297][root][INFO] - [1;32mepoch 25 training[0m [[1;34mtime[0m: 45.00s, [1;34mtrain loss[0m: 2052.7595]
[2026-07-16 21:49:01,463][root][INFO] - [1;32mepoch 25 evaluating[0m [[1;34mtime[0m: 0.16s, [1;34mvalid_score[0m: 0.038700]
[2026-07-16 21:49:01,463][root][INFO] - [1;34mvalid result[0m: 
hit@5 : 0.0488    hit@10 : 0.0571    hit@20 : 0.0659    hit@50 : 0.0823    hit@100 : 0.1018    ndcg@5 : 0.0361    ndcg@10 : 0.0387    ndcg@20 : 0.0409    ndcg@50 : 0.0442    ndcg@100 : 0.0473    mrr@5 : 0.0318    mrr@10 : 0.0329    mrr@20 : 0.0334    mrr@50 : 0.034    mrr@100 : 0.0342    precision@5 : 0.0098    precision@10 : 0.0057    precision@20 : 0.0033    precision@50 : 0.0016    precision@100 : 0.001
[2026-07-16 21:49:46,112][root][INFO] - [1;32mepoch 26 training[0m [[1;34mtime[0m: 44.65s, [1;34mtrain loss[0m: 2028.4896]
[2026-07-16 21:49:46,279][root][INFO] - [1;32mepoch 26 evaluating[0m [[1;34mtime[0m: 0.17s, [1;34mvalid_score[0m: 0.038000]
[2026-07-16 21:49:46,279][root][INFO] - [1;34mvalid result[0m: 
hit@5 : 0.0476    hit@10 : 0.0551    hit@20 : 0.0648    hit@50 : 0.0808    hit@100 : 0.0979    ndcg@5 : 0.0355    ndcg@10 : 0.038    ndcg@20 : 0.0405    ndcg@50 : 0.0436    ndcg@100 : 0.0464    mrr@5 : 0.0315    mrr@10 : 0.0325    mrr@20 : 0.0332    mrr@50 : 0.0337    mrr@100 : 0.0339    precision@5 : 0.0095    precision@10 : 0.0055    precision@20 : 0.0032    precision@50 : 0.0016    precision@100 : 0.001
[2026-07-16 21:50:31,270][root][INFO] - [1;32mepoch 27 training[0m [[1;34mtime[0m: 44.99s, [1;34mtrain loss[0m: 2004.3181]
[2026-07-16 21:50:31,435][root][INFO] - [1;32mepoch 27 evaluating[0m [[1;34mtime[0m: 0.16s, [1;34mvalid_score[0m: 0.037900]
[2026-07-16 21:50:31,436][root][INFO] - [1;34mvalid result[0m: 
hit@5 : 0.0472    hit@10 : 0.055    hit@20 : 0.0645    hit@50 : 0.0804    hit@100 : 0.0967    ndcg@5 : 0.0353    ndcg@10 : 0.0379    ndcg@20 : 0.0403    ndcg@50 : 0.0434    ndcg@100 : 0.046    mrr@5 : 0.0313    mrr@10 : 0.0324    mrr@20 : 0.033    mrr@50 : 0.0335    mrr@100 : 0.0338    precision@5 : 0.0094    precision@10 : 0.0055    precision@20 : 0.0032    precision@50 : 0.0016    precision@100 : 0.001
[2026-07-16 21:51:16,150][root][INFO] - [1;32mepoch 28 training[0m [[1;34mtime[0m: 44.71s, [1;34mtrain loss[0m: 1981.1003]
[2026-07-16 21:51:16,320][root][INFO] - [1;32mepoch 28 evaluating[0m [[1;34mtime[0m: 0.17s, [1;34mvalid_score[0m: 0.037600]
[2026-07-16 21:51:16,320][root][INFO] - [1;34mvalid result[0m: 
hit@5 : 0.0465    hit@10 : 0.0542    hit@20 : 0.0637    hit@50 : 0.0797    hit@100 : 0.0956    ndcg@5 : 0.0351    ndcg@10 : 0.0376    ndcg@20 : 0.04    ndcg@50 : 0.0431    ndcg@100 : 0.0457    mrr@5 : 0.0312    mrr@10 : 0.0323    mrr@20 : 0.0329    mrr@50 : 0.0334    mrr@100 : 0.0336    precision@5 : 0.0093    precision@10 : 0.0054    precision@20 : 0.0032    precision@50 : 0.0016    precision@100 : 0.001
[2026-07-16 21:51:16,321][root][INFO] - Finished training, best eval result in epoch 17
[2026-07-16 21:51:16,488][root][INFO] - Loading model structure and parameters from checkpoint/SASRec-BEST-2025.tune.ckpt-dom1-full
[2026-07-16 21:51:16,623][__main__][INFO] - [1;33mtest result[0m: OrderedDict([('hit@5', 0.042), ('hit@10', 0.0482), ('hit@20', 0.0565), ('hit@50', 0.07), ('hit@100', 0.0892), ('ndcg@5', 0.0319), ('ndcg@10', 0.034), ('ndcg@20', 0.036), ('ndcg@50', 0.0387), ('ndcg@100', 0.0418), ('mrr@5', 0.0285), ('mrr@10', 0.0294), ('mrr@20', 0.0299), ('mrr@50', 0.0304), ('mrr@100', 0.0306), ('precision@5', 0.0084), ('precision@10', 0.0048), ('precision@20', 0.0028), ('precision@50', 0.0014), ('precision@100', 0.0009)])
