[2026-03-24 16:46:14,005][root][WARNING] - command line args [-m stage=run gpu_id=0 seed=2025] will not be used in RecBole
[2026-03-24 16:46:14,174][__main__][INFO] - 
[1;35mGeneral Hyper Parameters:
[0m[1;36mgpu_id[0m =[1;33m 0[0m
[1;36muse_gpu[0m =[1;33m True[0m
[1;36mseed[0m =[1;33m 2025[0m
[1;36mstate[0m =[1;33m INFO[0m
[1;36mreproducibility[0m =[1;33m True[0m
[1;36mdata_path[0m =[1;33m dataset/BEST[0m
[1;36mcheckpoint_dir[0m =[1;33m checkpoint[0m
[1;36mshow_progress[0m =[1;33m True[0m
[1;36msave_dataset[0m =[1;33m False[0m
[1;36mdataset_save_path[0m =[1;33m None[0m
[1;36msave_dataloaders[0m =[1;33m False[0m
[1;36mdataloaders_save_path[0m =[1;33m None[0m
[1;36mlog_wandb[0m =[1;33m False[0m

[1;35mTraining Hyper Parameters:
[0m[1;36mepochs[0m =[1;33m 300[0m
[1;36mtrain_batch_size[0m =[1;33m 128[0m
[1;36mlearner[0m =[1;33m adam[0m
[1;36mlearning_rate[0m =[1;33m 0.0003[0m
[1;36mtrain_neg_sample_args[0m =[1;33m {'distribution': 'none', 'sample_num': 'none', 'alpha': 'none', 'dynamic': False, 'candidate_num': 0}[0m
[1;36meval_step[0m =[1;33m 1[0m
[1;36mstopping_step[0m =[1;33m 10[0m
[1;36mclip_grad_norm[0m =[1;33m None[0m
[1;36mweight_decay[0m =[1;33m 0.0[0m
[1;36mloss_decimal_place[0m =[1;33m 4[0m

[1;35mEvaluation Hyper Parameters:
[0m[1;36meval_args[0m =[1;33m {'split': {'LS': 'valid_and_test'}, 'order': 'TO', 'group_by': 'user', 'mode': {'valid': 'full', 'test': 'full'}}[0m
[1;36mrepeatable[0m =[1;33m True[0m
[1;36mmetrics[0m =[1;33m ['HIT', 'NDCG', 'MRR', 'Precision'][0m
[1;36mtopk[0m =[1;33m [5, 10, 20, 50, 100][0m
[1;36mvalid_metric[0m =[1;33m NDCG@10[0m
[1;36mvalid_metric_bigger[0m =[1;33m True[0m
[1;36meval_batch_size[0m =[1;33m 4096[0m
[1;36mmetric_decimal_place[0m =[1;33m 4[0m

[1;35mDataset Hyper Parameters:
[0m[1;36mfield_separator[0m =[1;33m 	[0m
[1;36mseq_separator[0m =[1;33m  [0m
[1;36mUSER_ID_FIELD[0m =[1;33m user_id[0m
[1;36mITEM_ID_FIELD[0m =[1;33m item_id[0m
[1;36mRATING_FIELD[0m =[1;33m rating[0m
[1;36mTIME_FIELD[0m =[1;33m timestamp[0m
[1;36mseq_len[0m =[1;33m None[0m
[1;36mLABEL_FIELD[0m =[1;33m label[0m
[1;36mthreshold[0m =[1;33m None[0m
[1;36mNEG_PREFIX[0m =[1;33m neg_[0m
[1;36mload_col[0m =[1;33m {'inter': ['user_id', 'item_id_list', 'item_id']}[0m
[1;36munload_col[0m =[1;33m None[0m
[1;36munused_col[0m =[1;33m None[0m
[1;36madditional_feat_suffix[0m =[1;33m None[0m
[1;36mrm_dup_inter[0m =[1;33m None[0m
[1;36mval_interval[0m =[1;33m None[0m
[1;36mfilter_inter_by_user_or_item[0m =[1;33m True[0m
[1;36muser_inter_num_interval[0m =[1;33m [0,inf)[0m
[1;36mitem_inter_num_interval[0m =[1;33m [0,inf)[0m
[1;36malias_of_user_id[0m =[1;33m None[0m
[1;36malias_of_item_id[0m =[1;33m ['item_id_list'][0m
[1;36malias_of_entity_id[0m =[1;33m None[0m
[1;36malias_of_relation_id[0m =[1;33m None[0m
[1;36mpreload_weight[0m =[1;33m None[0m
[1;36mnormalize_field[0m =[1;33m None[0m
[1;36mnormalize_all[0m =[1;33m None[0m
[1;36mITEM_LIST_LENGTH_FIELD[0m =[1;33m item_length[0m
[1;36mLIST_SUFFIX[0m =[1;33m _list[0m
[1;36mMAX_ITEM_LIST_LENGTH[0m =[1;33m 128[0m
[1;36mPOSITION_FIELD[0m =[1;33m position_id[0m
[1;36mHEAD_ENTITY_ID_FIELD[0m =[1;33m head_id[0m
[1;36mTAIL_ENTITY_ID_FIELD[0m =[1;33m tail_id[0m
[1;36mRELATION_ID_FIELD[0m =[1;33m relation_id[0m
[1;36mENTITY_ID_FIELD[0m =[1;33m entity_id[0m
[1;36mbenchmark_filename[0m =[1;33m ['full.train', 'full.valid', 'full.test', 'dom1.train', 'dom1.valid', 'dom1.test', 'dom2.train', 'dom2.valid', 'dom2.test', 'dom3.train', 'dom3.valid', 'dom3.test', 'dom4.train', 'dom4.valid', 'dom4.test'][0m

[1;35mOther Hyper Parameters: 
[0m[1;36mworker[0m = [1;33m0[0m
[1;36mwandb_project[0m = [1;33mrecbole[0m
[1;36mshuffle[0m = [1;33mTrue[0m
[1;36mrequire_pow[0m = [1;33mFalse[0m
[1;36menable_amp[0m = [1;33mFalse[0m
[1;36menable_scaler[0m = [1;33mFalse[0m
[1;36mtransform[0m = [1;33mNone[0m
[1;36mn_layers[0m = [1;33m2[0m
[1;36mn_heads[0m = [1;33m2[0m
[1;36mhidden_size[0m = [1;33m128[0m
[1;36minner_size[0m = [1;33m128[0m
[1;36mhidden_dropout_prob[0m = [1;33m0.2[0m
[1;36mattn_dropout_prob[0m = [1;33m0.2[0m
[1;36mhidden_act[0m = [1;33mgelu[0m
[1;36mlayer_norm_eps[0m = [1;33m1e-12[0m
[1;36minitializer_range[0m = [1;33m0.02[0m
[1;36mloss_type[0m = [1;33mCE[0m
[1;36mnumerical_features[0m = [1;33m[][0m
[1;36mdiscretization[0m = [1;33mNone[0m
[1;36mkg_reverse_r[0m = [1;33mFalse[0m
[1;36mentity_kg_num_interval[0m = [1;33m[0,inf)[0m
[1;36mrelation_kg_num_interval[0m = [1;33m[0,inf)[0m
[1;36mMODEL_TYPE[0m = [1;33mModelType.SEQUENTIAL[0m
[1;36mmodel_name[0m = [1;33mSASRec[0m
[1;36mitem_path[0m = [1;33mdataset/BEST/BEST.item[0m
[1;36mstage[0m = [1;33mrun[0m
[1;36mdomains[0m = [1;33m4[0m
[1;36mtarget_dom[0m = [1;33mNone[0m
[1;36mtrain_type[0m = [1;33mNone[0m
[1;36mnew_inter_path[0m = [1;33mdataset/BEST/BEST.2025.None.train.inter[0m
[1;36mckpt_para[0m = [1;33mcheckpoint/SASRec-BEST-2025[0m
[1;36mfull_ckpt[0m = [1;33mcheckpoint/SASRec-BEST-2025.full.ckpt[0m
[1;36mdom1_ckpt[0m = [1;33mcheckpoint/SASRec-BEST-2025.dom1.ckpt[0m
[1;36mdom2_ckpt[0m = [1;33mcheckpoint/SASRec-BEST-2025.dom2.ckpt[0m
[1;36mdom3_ckpt[0m = [1;33mcheckpoint/SASRec-BEST-2025.dom3.ckpt[0m
[1;36mdom4_ckpt[0m = [1;33mcheckpoint/SASRec-BEST-2025.dom4.ckpt[0m
[1;36mtune_ckpt[0m = [1;33mcheckpoint/SASRec-BEST-2025.tune.ckpt[0m
[1;36mbase[0m = [1;33m{'experiment_name': 'v9-Taesar.SASRec.BEST', 'method': 'run.None.None.seed_2025', 'run_name': 'run.None.None.seed_2025.2026-03-24.16-46-08', 'data_dir_root': 'dataset', 'save_dir_root': './save', 'save_method_dir': './save/v9-Taesar.SASRec.BEST/run.None.None.seed_2025', 'save_dir': './save/v9-Taesar.SASRec.BEST/run.None.None.seed_2025/2026-03-24.16-46-08'}[0m
[1;36mMODEL_INPUT_TYPE[0m = [1;33mInputType.POINTWISE[0m
[1;36meval_type[0m = [1;33mEvaluatorType.RANKING[0m
[1;36msingle_spec[0m = [1;33mTrue[0m
[1;36mlocal_rank[0m = [1;33m0[0m
[1;36mdevice[0m = [1;33mcuda[0m
[1;36mvalid_neg_sample_args[0m = [1;33m{'distribution': 'uniform', 'sample_num': 'none'}[0m
[1;36mtest_neg_sample_args[0m = [1;33m{'distribution': 'uniform', 'sample_num': 'none'}[0m


[2026-03-24 16:46:23,104][__main__][INFO] - [1;35mBEST[0m
[1;34mThe number of users[0m: 40166
[1;34mAverage actions of users[0m: 8.968953068592057
[1;34mThe number of items[0m: 184861
[1;34mAverage actions of items[0m: 3.818912329057564
[1;34mThe number of inters[0m: 360238
[1;34mThe sparsity of the dataset[0m: 99.99514839269968%
[1;34mRemain Fields[0m: ['user_id', 'item_id_list', 'item_id', 'item_length']
[2026-03-24 16:46:26,530][__main__][INFO] - [1;35m[Training]: [0m[1;36mtrain_batch_size[0m = [1;33m[128][0m[1;36m train_neg_sample_args[0m: [1;33m[{'distribution': 'none', 'sample_num': 'none', 'alpha': 'none', 'dynamic': False, 'candidate_num': 0}][0m
[2026-03-24 16:46:26,531][__main__][INFO] - [1;35m[Evaluation]: [0m[1;36mevalid_batch_size[0m = [1;33m[None][0m[1;36m evalid_args[0m: [1;33m[None][0m
[2026-03-24 16:47:40,565][root][INFO] - [1;32mepoch 0 training[0m [[1;34mtime[0m: 72.66s, [1;34mtrain loss[0m: 3709.1567]
[2026-03-24 16:47:42,212][root][INFO] - [1;32mepoch 0 evaluating[0m [[1;34mtime[0m: 1.65s, [1;34mvalid_score[0m: 0.001200]
[2026-03-24 16:47:42,212][root][INFO] - [1;34mvalid result[0m: 
hit@5 : 0.0011    hit@10 : 0.0027    hit@20 : 0.0044    hit@50 : 0.0099    hit@100 : 0.0168    ndcg@5 : 0.0006    ndcg@10 : 0.0012    ndcg@20 : 0.0016    ndcg@50 : 0.0026    ndcg@100 : 0.0038    mrr@5 : 0.0005    mrr@10 : 0.0007    mrr@20 : 0.0008    mrr@50 : 0.001    mrr@100 : 0.0011    precision@5 : 0.0002    precision@10 : 0.0003    precision@20 : 0.0002    precision@50 : 0.0002    precision@100 : 0.0002
[2026-03-24 16:47:42,552][root][INFO] - [1;34mSaving current[0m: checkpoint/SASRec-BEST-2025.full.ckpt
[2026-03-24 16:48:56,553][root][INFO] - [1;32mepoch 1 training[0m [[1;34mtime[0m: 74.00s, [1;34mtrain loss[0m: 3574.0708]
[2026-03-24 16:48:58,204][root][INFO] - [1;32mepoch 1 evaluating[0m [[1;34mtime[0m: 1.65s, [1;34mvalid_score[0m: 0.008400]
[2026-03-24 16:48:58,204][root][INFO] - [1;34mvalid result[0m: 
hit@5 : 0.0095    hit@10 : 0.0117    hit@20 : 0.0155    hit@50 : 0.0232    hit@100 : 0.0323    ndcg@5 : 0.0077    ndcg@10 : 0.0084    ndcg@20 : 0.0093    ndcg@50 : 0.0109    ndcg@100 : 0.0123    mrr@5 : 0.0071    mrr@10 : 0.0074    mrr@20 : 0.0076    mrr@50 : 0.0079    mrr@100 : 0.008    precision@5 : 0.0019    precision@10 : 0.0012    precision@20 : 0.0008    precision@50 : 0.0005    precision@100 : 0.0003
[2026-03-24 16:48:58,601][root][INFO] - [1;34mSaving current[0m: checkpoint/SASRec-BEST-2025.full.ckpt
[2026-03-24 16:50:12,959][root][INFO] - [1;32mepoch 2 training[0m [[1;34mtime[0m: 74.36s, [1;34mtrain loss[0m: 3440.9387]
[2026-03-24 16:50:14,494][root][INFO] - [1;32mepoch 2 evaluating[0m [[1;34mtime[0m: 1.53s, [1;34mvalid_score[0m: 0.017700]
[2026-03-24 16:50:14,495][root][INFO] - [1;34mvalid result[0m: 
hit@5 : 0.0193    hit@10 : 0.0222    hit@20 : 0.0261    hit@50 : 0.0337    hit@100 : 0.0438    ndcg@5 : 0.0168    ndcg@10 : 0.0177    ndcg@20 : 0.0187    ndcg@50 : 0.0202    ndcg@100 : 0.0218    mrr@5 : 0.016    mrr@10 : 0.0163    mrr@20 : 0.0166    mrr@50 : 0.0168    mrr@100 : 0.017    precision@5 : 0.0039    precision@10 : 0.0022    precision@20 : 0.0013    precision@50 : 0.0007    precision@100 : 0.0004
[2026-03-24 16:50:14,901][root][INFO] - [1;34mSaving current[0m: checkpoint/SASRec-BEST-2025.full.ckpt
[2026-03-24 16:51:30,356][root][INFO] - [1;32mepoch 3 training[0m [[1;34mtime[0m: 75.45s, [1;34mtrain loss[0m: 3311.5923]
[2026-03-24 16:51:31,999][root][INFO] - [1;32mepoch 3 evaluating[0m [[1;34mtime[0m: 1.64s, [1;34mvalid_score[0m: 0.021900]
[2026-03-24 16:51:32,000][root][INFO] - [1;34mvalid result[0m: 
hit@5 : 0.0241    hit@10 : 0.0264    hit@20 : 0.0311    hit@50 : 0.0389    hit@100 : 0.0499    ndcg@5 : 0.0211    ndcg@10 : 0.0219    ndcg@20 : 0.023    ndcg@50 : 0.0246    ndcg@100 : 0.0263    mrr@5 : 0.0201    mrr@10 : 0.0204    mrr@20 : 0.0207    mrr@50 : 0.021    mrr@100 : 0.0211    precision@5 : 0.0048    precision@10 : 0.0026    precision@20 : 0.0016    precision@50 : 0.0008    precision@100 : 0.0005
[2026-03-24 16:51:32,379][root][INFO] - [1;34mSaving current[0m: checkpoint/SASRec-BEST-2025.full.ckpt
[2026-03-24 16:52:47,357][root][INFO] - [1;32mepoch 4 training[0m [[1;34mtime[0m: 74.98s, [1;34mtrain loss[0m: 3193.8196]
[2026-03-24 16:52:49,007][root][INFO] - [1;32mepoch 4 evaluating[0m [[1;34mtime[0m: 1.65s, [1;34mvalid_score[0m: 0.024200]
[2026-03-24 16:52:49,007][root][INFO] - [1;34mvalid result[0m: 
hit@5 : 0.0266    hit@10 : 0.0297    hit@20 : 0.0338    hit@50 : 0.0429    hit@100 : 0.0535    ndcg@5 : 0.0232    ndcg@10 : 0.0242    ndcg@20 : 0.0252    ndcg@50 : 0.027    ndcg@100 : 0.0288    mrr@5 : 0.0221    mrr@10 : 0.0225    mrr@20 : 0.0228    mrr@50 : 0.0231    mrr@100 : 0.0232    precision@5 : 0.0053    precision@10 : 0.003    precision@20 : 0.0017    precision@50 : 0.0009    precision@100 : 0.0005
[2026-03-24 16:52:49,460][root][INFO] - [1;34mSaving current[0m: checkpoint/SASRec-BEST-2025.full.ckpt
[2026-03-24 16:54:03,671][root][INFO] - [1;32mepoch 5 training[0m [[1;34mtime[0m: 74.21s, [1;34mtrain loss[0m: 3080.3973]
[2026-03-24 16:54:05,301][root][INFO] - [1;32mepoch 5 evaluating[0m [[1;34mtime[0m: 1.63s, [1;34mvalid_score[0m: 0.025500]
[2026-03-24 16:54:05,301][root][INFO] - [1;34mvalid result[0m: 
hit@5 : 0.0285    hit@10 : 0.0314    hit@20 : 0.0358    hit@50 : 0.045    hit@100 : 0.0551    ndcg@5 : 0.0246    ndcg@10 : 0.0255    ndcg@20 : 0.0266    ndcg@50 : 0.0284    ndcg@100 : 0.03    mrr@5 : 0.0232    mrr@10 : 0.0236    mrr@20 : 0.0239    mrr@50 : 0.0242    mrr@100 : 0.0243    precision@5 : 0.0057    precision@10 : 0.0031    precision@20 : 0.0018    precision@50 : 0.0009    precision@100 : 0.0006
[2026-03-24 16:54:05,716][root][INFO] - [1;34mSaving current[0m: checkpoint/SASRec-BEST-2025.full.ckpt
[2026-03-24 16:55:19,660][root][INFO] - [1;32mepoch 6 training[0m [[1;34mtime[0m: 73.94s, [1;34mtrain loss[0m: 2970.0248]
[2026-03-24 16:55:21,300][root][INFO] - [1;32mepoch 6 evaluating[0m [[1;34mtime[0m: 1.64s, [1;34mvalid_score[0m: 0.026800]
[2026-03-24 16:55:21,301][root][INFO] - [1;34mvalid result[0m: 
hit@5 : 0.0298    hit@10 : 0.0333    hit@20 : 0.0378    hit@50 : 0.0464    hit@100 : 0.0578    ndcg@5 : 0.0257    ndcg@10 : 0.0268    ndcg@20 : 0.0279    ndcg@50 : 0.0296    ndcg@100 : 0.0314    mrr@5 : 0.0243    mrr@10 : 0.0247    mrr@20 : 0.025    mrr@50 : 0.0253    mrr@100 : 0.0255    precision@5 : 0.006    precision@10 : 0.0033    precision@20 : 0.0019    precision@50 : 0.0009    precision@100 : 0.0006
[2026-03-24 16:55:21,679][root][INFO] - [1;34mSaving current[0m: checkpoint/SASRec-BEST-2025.full.ckpt
[2026-03-24 16:56:37,152][root][INFO] - [1;32mepoch 7 training[0m [[1;34mtime[0m: 75.47s, [1;34mtrain loss[0m: 2864.5197]
[2026-03-24 16:56:38,767][root][INFO] - [1;32mepoch 7 evaluating[0m [[1;34mtime[0m: 1.61s, [1;34mvalid_score[0m: 0.027400]
[2026-03-24 16:56:38,768][root][INFO] - [1;34mvalid result[0m: 
hit@5 : 0.0311    hit@10 : 0.0343    hit@20 : 0.0387    hit@50 : 0.0477    hit@100 : 0.0588    ndcg@5 : 0.0264    ndcg@10 : 0.0274    ndcg@20 : 0.0285    ndcg@50 : 0.0303    ndcg@100 : 0.0321    mrr@5 : 0.0248    mrr@10 : 0.0252    mrr@20 : 0.0255    mrr@50 : 0.0258    mrr@100 : 0.026    precision@5 : 0.0062    precision@10 : 0.0034    precision@20 : 0.0019    precision@50 : 0.001    precision@100 : 0.0006
[2026-03-24 16:56:39,178][root][INFO] - [1;34mSaving current[0m: checkpoint/SASRec-BEST-2025.full.ckpt
[2026-03-24 16:57:53,350][root][INFO] - [1;32mepoch 8 training[0m [[1;34mtime[0m: 74.17s, [1;34mtrain loss[0m: 2766.5794]
[2026-03-24 16:57:54,798][root][INFO] - [1;32mepoch 8 evaluating[0m [[1;34mtime[0m: 1.45s, [1;34mvalid_score[0m: 0.027900]
[2026-03-24 16:57:54,798][root][INFO] - [1;34mvalid result[0m: 
hit@5 : 0.0322    hit@10 : 0.0352    hit@20 : 0.0395    hit@50 : 0.0486    hit@100 : 0.0591    ndcg@5 : 0.0269    ndcg@10 : 0.0279    ndcg@20 : 0.029    ndcg@50 : 0.0307    ndcg@100 : 0.0324    mrr@5 : 0.0251    mrr@10 : 0.0255    mrr@20 : 0.0258    mrr@50 : 0.0261    mrr@100 : 0.0262    precision@5 : 0.0064    precision@10 : 0.0035    precision@20 : 0.002    precision@50 : 0.001    precision@100 : 0.0006
[2026-03-24 16:57:55,231][root][INFO] - [1;34mSaving current[0m: checkpoint/SASRec-BEST-2025.full.ckpt
[2026-03-24 16:59:09,955][root][INFO] - [1;32mepoch 9 training[0m [[1;34mtime[0m: 74.72s, [1;34mtrain loss[0m: 2678.2069]
[2026-03-24 16:59:11,525][root][INFO] - [1;32mepoch 9 evaluating[0m [[1;34mtime[0m: 1.57s, [1;34mvalid_score[0m: 0.028000]
[2026-03-24 16:59:11,525][root][INFO] - [1;34mvalid result[0m: 
hit@5 : 0.0325    hit@10 : 0.036    hit@20 : 0.0402    hit@50 : 0.0499    hit@100 : 0.0605    ndcg@5 : 0.0269    ndcg@10 : 0.028    ndcg@20 : 0.029    ndcg@50 : 0.031    ndcg@100 : 0.0327    mrr@5 : 0.025    mrr@10 : 0.0254    mrr@20 : 0.0257    mrr@50 : 0.026    mrr@100 : 0.0262    precision@5 : 0.0065    precision@10 : 0.0036    precision@20 : 0.002    precision@50 : 0.001    precision@100 : 0.0006
[2026-03-24 16:59:11,904][root][INFO] - [1;34mSaving current[0m: checkpoint/SASRec-BEST-2025.full.ckpt
[2026-03-24 17:00:25,058][root][INFO] - [1;32mepoch 10 training[0m [[1;34mtime[0m: 73.15s, [1;34mtrain loss[0m: 2601.0372]
[2026-03-24 17:00:26,444][root][INFO] - [1;32mepoch 10 evaluating[0m [[1;34mtime[0m: 1.39s, [1;34mvalid_score[0m: 0.028100]
[2026-03-24 17:00:26,444][root][INFO] - [1;34mvalid result[0m: 
hit@5 : 0.0329    hit@10 : 0.0366    hit@20 : 0.0409    hit@50 : 0.0501    hit@100 : 0.0609    ndcg@5 : 0.027    ndcg@10 : 0.0281    ndcg@20 : 0.0292    ndcg@50 : 0.031    ndcg@100 : 0.0328    mrr@5 : 0.025    mrr@10 : 0.0254    mrr@20 : 0.0257    mrr@50 : 0.026    mrr@100 : 0.0262    precision@5 : 0.0066    precision@10 : 0.0037    precision@20 : 0.002    precision@50 : 0.001    precision@100 : 0.0006
[2026-03-24 17:00:26,891][root][INFO] - [1;34mSaving current[0m: checkpoint/SASRec-BEST-2025.full.ckpt
[2026-03-24 17:01:41,248][root][INFO] - [1;32mepoch 11 training[0m [[1;34mtime[0m: 74.36s, [1;34mtrain loss[0m: 2534.6123]
[2026-03-24 17:01:42,637][root][INFO] - [1;32mepoch 11 evaluating[0m [[1;34mtime[0m: 1.39s, [1;34mvalid_score[0m: 0.028100]
[2026-03-24 17:01:42,638][root][INFO] - [1;34mvalid result[0m: 
hit@5 : 0.0329    hit@10 : 0.0364    hit@20 : 0.0409    hit@50 : 0.0506    hit@100 : 0.061    ndcg@5 : 0.027    ndcg@10 : 0.0281    ndcg@20 : 0.0293    ndcg@50 : 0.0312    ndcg@100 : 0.0329    mrr@5 : 0.025    mrr@10 : 0.0255    mrr@20 : 0.0258    mrr@50 : 0.0261    mrr@100 : 0.0262    precision@5 : 0.0066    precision@10 : 0.0036    precision@20 : 0.002    precision@50 : 0.001    precision@100 : 0.0006
[2026-03-24 17:01:43,097][root][INFO] - [1;34mSaving current[0m: checkpoint/SASRec-BEST-2025.full.ckpt
[2026-03-24 17:02:57,860][root][INFO] - [1;32mepoch 12 training[0m [[1;34mtime[0m: 74.76s, [1;34mtrain loss[0m: 2478.1025]
[2026-03-24 17:02:59,300][root][INFO] - [1;32mepoch 12 evaluating[0m [[1;34mtime[0m: 1.44s, [1;34mvalid_score[0m: 0.028100]
[2026-03-24 17:02:59,301][root][INFO] - [1;34mvalid result[0m: 
hit@5 : 0.0328    hit@10 : 0.0366    hit@20 : 0.0414    hit@50 : 0.0511    hit@100 : 0.0612    ndcg@5 : 0.0268    ndcg@10 : 0.0281    ndcg@20 : 0.0292    ndcg@50 : 0.0312    ndcg@100 : 0.0328    mrr@5 : 0.0248    mrr@10 : 0.0253    mrr@20 : 0.0256    mrr@50 : 0.0259    mrr@100 : 0.0261    precision@5 : 0.0066    precision@10 : 0.0037    precision@20 : 0.0021    precision@50 : 0.001    precision@100 : 0.0006
[2026-03-24 17:02:59,683][root][INFO] - [1;34mSaving current[0m: checkpoint/SASRec-BEST-2025.full.ckpt
[2026-03-24 17:04:14,050][root][INFO] - [1;32mepoch 13 training[0m [[1;34mtime[0m: 74.37s, [1;34mtrain loss[0m: 2429.4292]
[2026-03-24 17:04:15,445][root][INFO] - [1;32mepoch 13 evaluating[0m [[1;34mtime[0m: 1.39s, [1;34mvalid_score[0m: 0.028000]
[2026-03-24 17:04:15,446][root][INFO] - [1;34mvalid result[0m: 
hit@5 : 0.0327    hit@10 : 0.0366    hit@20 : 0.0414    hit@50 : 0.0511    hit@100 : 0.0611    ndcg@5 : 0.0267    ndcg@10 : 0.028    ndcg@20 : 0.0292    ndcg@50 : 0.0311    ndcg@100 : 0.0327    mrr@5 : 0.0247    mrr@10 : 0.0252    mrr@20 : 0.0255    mrr@50 : 0.0259    mrr@100 : 0.026    precision@5 : 0.0065    precision@10 : 0.0037    precision@20 : 0.0021    precision@50 : 0.001    precision@100 : 0.0006
[2026-03-24 17:05:32,058][root][INFO] - [1;32mepoch 14 training[0m [[1;34mtime[0m: 76.61s, [1;34mtrain loss[0m: 2386.0367]
[2026-03-24 17:05:33,697][root][INFO] - [1;32mepoch 14 evaluating[0m [[1;34mtime[0m: 1.64s, [1;34mvalid_score[0m: 0.028000]
[2026-03-24 17:05:33,698][root][INFO] - [1;34mvalid result[0m: 
hit@5 : 0.0324    hit@10 : 0.0366    hit@20 : 0.0413    hit@50 : 0.0514    hit@100 : 0.0608    ndcg@5 : 0.0267    ndcg@10 : 0.028    ndcg@20 : 0.0292    ndcg@50 : 0.0312    ndcg@100 : 0.0327    mrr@5 : 0.0247    mrr@10 : 0.0253    mrr@20 : 0.0256    mrr@50 : 0.0259    mrr@100 : 0.026    precision@5 : 0.0065    precision@10 : 0.0037    precision@20 : 0.0021    precision@50 : 0.001    precision@100 : 0.0006
[2026-03-24 17:06:47,283][root][INFO] - [1;32mepoch 15 training[0m [[1;34mtime[0m: 73.58s, [1;34mtrain loss[0m: 2346.6531]
[2026-03-24 17:06:48,995][root][INFO] - [1;32mepoch 15 evaluating[0m [[1;34mtime[0m: 1.71s, [1;34mvalid_score[0m: 0.028100]
[2026-03-24 17:06:48,996][root][INFO] - [1;34mvalid result[0m: 
hit@5 : 0.0329    hit@10 : 0.0368    hit@20 : 0.0415    hit@50 : 0.051    hit@100 : 0.0609    ndcg@5 : 0.0269    ndcg@10 : 0.0281    ndcg@20 : 0.0293    ndcg@50 : 0.0312    ndcg@100 : 0.0328    mrr@5 : 0.0248    mrr@10 : 0.0253    mrr@20 : 0.0257    mrr@50 : 0.026    mrr@100 : 0.0261    precision@5 : 0.0066    precision@10 : 0.0037    precision@20 : 0.0021    precision@50 : 0.001    precision@100 : 0.0006
[2026-03-24 17:06:49,438][root][INFO] - [1;34mSaving current[0m: checkpoint/SASRec-BEST-2025.full.ckpt
[2026-03-24 17:08:01,451][root][INFO] - [1;32mepoch 16 training[0m [[1;34mtime[0m: 72.01s, [1;34mtrain loss[0m: 2311.4622]
[2026-03-24 17:08:02,994][root][INFO] - [1;32mepoch 16 evaluating[0m [[1;34mtime[0m: 1.54s, [1;34mvalid_score[0m: 0.028000]
[2026-03-24 17:08:02,994][root][INFO] - [1;34mvalid result[0m: 
hit@5 : 0.0327    hit@10 : 0.0365    hit@20 : 0.041    hit@50 : 0.0505    hit@100 : 0.0604    ndcg@5 : 0.0268    ndcg@10 : 0.028    ndcg@20 : 0.0292    ndcg@50 : 0.0311    ndcg@100 : 0.0327    mrr@5 : 0.0248    mrr@10 : 0.0253    mrr@20 : 0.0256    mrr@50 : 0.0259    mrr@100 : 0.0261    precision@5 : 0.0065    precision@10 : 0.0036    precision@20 : 0.002    precision@50 : 0.001    precision@100 : 0.0006
[2026-03-24 17:09:16,450][root][INFO] - [1;32mepoch 17 training[0m [[1;34mtime[0m: 73.46s, [1;34mtrain loss[0m: 2277.8658]
[2026-03-24 17:09:18,008][root][INFO] - [1;32mepoch 17 evaluating[0m [[1;34mtime[0m: 1.56s, [1;34mvalid_score[0m: 0.028000]
[2026-03-24 17:09:18,008][root][INFO] - [1;34mvalid result[0m: 
hit@5 : 0.0325    hit@10 : 0.0363    hit@20 : 0.041    hit@50 : 0.0503    hit@100 : 0.0599    ndcg@5 : 0.0267    ndcg@10 : 0.028    ndcg@20 : 0.0291    ndcg@50 : 0.031    ndcg@100 : 0.0325    mrr@5 : 0.0248    mrr@10 : 0.0253    mrr@20 : 0.0256    mrr@50 : 0.0259    mrr@100 : 0.0261    precision@5 : 0.0065    precision@10 : 0.0036    precision@20 : 0.002    precision@50 : 0.001    precision@100 : 0.0006
[2026-03-24 17:10:32,852][root][INFO] - [1;32mepoch 18 training[0m [[1;34mtime[0m: 74.84s, [1;34mtrain loss[0m: 2245.7585]
[2026-03-24 17:10:34,509][root][INFO] - [1;32mepoch 18 evaluating[0m [[1;34mtime[0m: 1.66s, [1;34mvalid_score[0m: 0.027800]
[2026-03-24 17:10:34,509][root][INFO] - [1;34mvalid result[0m: 
hit@5 : 0.0325    hit@10 : 0.036    hit@20 : 0.0406    hit@50 : 0.0494    hit@100 : 0.0594    ndcg@5 : 0.0267    ndcg@10 : 0.0278    ndcg@20 : 0.029    ndcg@50 : 0.0307    ndcg@100 : 0.0323    mrr@5 : 0.0247    mrr@10 : 0.0252    mrr@20 : 0.0255    mrr@50 : 0.0258    mrr@100 : 0.0259    precision@5 : 0.0065    precision@10 : 0.0036    precision@20 : 0.002    precision@50 : 0.001    precision@100 : 0.0006
[2026-03-24 17:11:48,755][root][INFO] - [1;32mepoch 19 training[0m [[1;34mtime[0m: 74.25s, [1;34mtrain loss[0m: 2214.9691]
[2026-03-24 17:11:50,156][root][INFO] - [1;32mepoch 19 evaluating[0m [[1;34mtime[0m: 1.40s, [1;34mvalid_score[0m: 0.027900]
[2026-03-24 17:11:50,156][root][INFO] - [1;34mvalid result[0m: 
hit@5 : 0.0326    hit@10 : 0.036    hit@20 : 0.0404    hit@50 : 0.0492    hit@100 : 0.059    ndcg@5 : 0.0268    ndcg@10 : 0.0279    ndcg@20 : 0.029    ndcg@50 : 0.0307    ndcg@100 : 0.0323    mrr@5 : 0.0248    mrr@10 : 0.0253    mrr@20 : 0.0256    mrr@50 : 0.0258    mrr@100 : 0.026    precision@5 : 0.0065    precision@10 : 0.0036    precision@20 : 0.002    precision@50 : 0.001    precision@100 : 0.0006
[2026-03-24 17:13:06,459][root][INFO] - [1;32mepoch 20 training[0m [[1;34mtime[0m: 76.30s, [1;34mtrain loss[0m: 2184.8953]
[2026-03-24 17:13:08,012][root][INFO] - [1;32mepoch 20 evaluating[0m [[1;34mtime[0m: 1.55s, [1;34mvalid_score[0m: 0.027800]
[2026-03-24 17:13:08,012][root][INFO] - [1;34mvalid result[0m: 
hit@5 : 0.0319    hit@10 : 0.0361    hit@20 : 0.0398    hit@50 : 0.0488    hit@100 : 0.0591    ndcg@5 : 0.0264    ndcg@10 : 0.0278    ndcg@20 : 0.0287    ndcg@50 : 0.0305    ndcg@100 : 0.0321    mrr@5 : 0.0246    mrr@10 : 0.0251    mrr@20 : 0.0254    mrr@50 : 0.0257    mrr@100 : 0.0258    precision@5 : 0.0064    precision@10 : 0.0036    precision@20 : 0.002    precision@50 : 0.001    precision@100 : 0.0006
